Archive member included because of file (symbol)

../isr_final_demo_bsp/\libhal_bsp.a(alt_irq_register.o)
                              obj/default/hello_world.o (alt_irq_register)
../isr_final_demo_bsp/\libhal_bsp.a(alt_irq_vars.o)
                              ../isr_final_demo_bsp/\libhal_bsp.a(alt_irq_register.o) (alt_irq_active)
../isr_final_demo_bsp/\libhal_bsp.a(alt_load.o)
                              ../isr_final_demo_bsp//obj/HAL/src/crt0.o (alt_load)
../isr_final_demo_bsp/\libhal_bsp.a(alt_main.o)
                              ../isr_final_demo_bsp//obj/HAL/src/crt0.o (alt_main)
../isr_final_demo_bsp/\libhal_bsp.a(alt_sys_init.o)
                              ../isr_final_demo_bsp/\libhal_bsp.a(alt_main.o) (alt_irq_init)
../isr_final_demo_bsp/\libhal_bsp.a(altera_avalon_jtag_uart_fd.o)
                              ../isr_final_demo_bsp/\libhal_bsp.a(alt_sys_init.o) (altera_avalon_jtag_uart_read_fd)
../isr_final_demo_bsp/\libhal_bsp.a(altera_avalon_jtag_uart_read.o)
                              ../isr_final_demo_bsp/\libhal_bsp.a(altera_avalon_jtag_uart_fd.o) (altera_avalon_jtag_uart_read)
../isr_final_demo_bsp/\libhal_bsp.a(altera_avalon_jtag_uart_write.o)
                              ../isr_final_demo_bsp/\libhal_bsp.a(altera_avalon_jtag_uart_fd.o) (altera_avalon_jtag_uart_write)
../isr_final_demo_bsp/\libhal_bsp.a(altera_avalon_timer_sc.o)
                              ../isr_final_demo_bsp/\libhal_bsp.a(alt_sys_init.o) (alt_avalon_timer_sc_init)
../isr_final_demo_bsp/\libhal_bsp.a(alt_close.o)
                              ../isr_final_demo_bsp/\libhal_bsp.a(alt_main.o) (close)
../isr_final_demo_bsp/\libhal_bsp.a(alt_dcache_flush_all.o)
                              ../isr_final_demo_bsp/\libhal_bsp.a(alt_load.o) (alt_dcache_flush_all)
../isr_final_demo_bsp/\libhal_bsp.a(alt_dev.o)
                              ../isr_final_demo_bsp/\libhal_bsp.a(alt_sys_init.o) (alt_dev_list)
../isr_final_demo_bsp/\libhal_bsp.a(alt_dev_llist_insert.o)
                              ../isr_final_demo_bsp/\libhal_bsp.a(alt_sys_init.o) (alt_dev_llist_insert)
../isr_final_demo_bsp/\libhal_bsp.a(alt_errno.o)
                              ../isr_final_demo_bsp/\libhal_bsp.a(alt_close.o) (alt_errno)
../isr_final_demo_bsp/\libhal_bsp.a(alt_icache_flush_all.o)
                              ../isr_final_demo_bsp/\libhal_bsp.a(alt_load.o) (alt_icache_flush_all)
../isr_final_demo_bsp/\libhal_bsp.a(alt_iic.o)
                              ../isr_final_demo_bsp/\libhal_bsp.a(altera_avalon_timer_sc.o) (alt_ic_isr_register)
../isr_final_demo_bsp/\libhal_bsp.a(alt_iic_isr_register.o)
                              ../isr_final_demo_bsp/\libhal_bsp.a(alt_iic.o) (alt_iic_isr_register)
../isr_final_demo_bsp/\libhal_bsp.a(alt_io_redirect.o)
                              ../isr_final_demo_bsp/\libhal_bsp.a(alt_main.o) (alt_io_redirect)
../isr_final_demo_bsp/\libhal_bsp.a(alt_irq_entry.o)
                              ../isr_final_demo_bsp/\libhal_bsp.a(alt_irq_register.o) (alt_irq_entry)
../isr_final_demo_bsp/\libhal_bsp.a(alt_irq_handler.o)
                              ../isr_final_demo_bsp/\libhal_bsp.a(alt_irq_register.o) (alt_irq_handler)
../isr_final_demo_bsp/\libhal_bsp.a(alt_open.o)
                              ../isr_final_demo_bsp/\libhal_bsp.a(alt_io_redirect.o) (open)
../isr_final_demo_bsp/\libhal_bsp.a(alt_release_fd.o)
                              ../isr_final_demo_bsp/\libhal_bsp.a(alt_close.o) (alt_release_fd)
../isr_final_demo_bsp/\libhal_bsp.a(alt_tick.o)
                              ../isr_final_demo_bsp/\libhal_bsp.a(altera_avalon_timer_sc.o) (_alt_tick_rate)
../isr_final_demo_bsp/\libhal_bsp.a(altera_nios2_qsys_irq.o)
                              ../isr_final_demo_bsp/\libhal_bsp.a(alt_sys_init.o) (altera_nios2_qsys_irq_init)
../isr_final_demo_bsp/\libhal_bsp.a(alt_exception_entry.o)
                              ../isr_final_demo_bsp/\libhal_bsp.a(alt_irq_entry.o) (alt_exception)
../isr_final_demo_bsp/\libhal_bsp.a(alt_find_dev.o)
                              ../isr_final_demo_bsp/\libhal_bsp.a(alt_open.o) (alt_find_dev)
../isr_final_demo_bsp/\libhal_bsp.a(alt_find_file.o)
                              ../isr_final_demo_bsp/\libhal_bsp.a(alt_open.o) (alt_find_file)
../isr_final_demo_bsp/\libhal_bsp.a(alt_get_fd.o)
                              ../isr_final_demo_bsp/\libhal_bsp.a(alt_open.o) (alt_get_fd)
../isr_final_demo_bsp/\libhal_bsp.a(alt_icache_flush.o)
                              ../isr_final_demo_bsp/\libhal_bsp.a(alt_icache_flush_all.o) (alt_icache_flush)
c:/altera/13.0/nios2eds/bin/gnu/h-i686-mingw32/bin/../lib/gcc/nios2-elf/4.1.2/../../../../nios2-elf/lib\libsmallc.a(lib_a-exit.o)
                              ../isr_final_demo_bsp/\libhal_bsp.a(alt_main.o) (exit)
c:/altera/13.0/nios2eds/bin/gnu/h-i686-mingw32/bin/../lib/gcc/nios2-elf/4.1.2/../../../../nios2-elf/lib\libsmallc.a(lib_a-int_errno.o)
                              ../isr_final_demo_bsp/\libhal_bsp.a(alt_close.o) (errno)
c:/altera/13.0/nios2eds/bin/gnu/h-i686-mingw32/bin/../lib/gcc/nios2-elf/4.1.2/../../../../nios2-elf/lib\libsmallc.a(lib_a-memcmp.o)
                              ../isr_final_demo_bsp/\libhal_bsp.a(alt_find_dev.o) (memcmp)
c:/altera/13.0/nios2eds/bin/gnu/h-i686-mingw32/bin/../lib/gcc/nios2-elf/4.1.2/../../../../nios2-elf/lib\libsmallc.a(lib_a-strlen.o)
                              ../isr_final_demo_bsp/\libhal_bsp.a(alt_find_dev.o) (strlen)
c:/altera/13.0/nios2eds/bin/gnu/h-i686-mingw32/bin/../lib/gcc/nios2-elf/4.1.2/../../../../nios2-elf/lib\libsmallc.a(lib_a-__call_atexit.o)
                              c:/altera/13.0/nios2eds/bin/gnu/h-i686-mingw32/bin/../lib/gcc/nios2-elf/4.1.2/../../../../nios2-elf/lib\libsmallc.a(lib_a-exit.o) (__call_exitprocs)
c:/altera/13.0/nios2eds/bin/gnu/h-i686-mingw32/bin/../lib/gcc/nios2-elf/4.1.2/../../../../nios2-elf/lib\libsmallc.a(lib_a-impure.o)
                              c:/altera/13.0/nios2eds/bin/gnu/h-i686-mingw32/bin/../lib/gcc/nios2-elf/4.1.2/../../../../nios2-elf/lib\libsmallc.a(lib_a-__call_atexit.o) (_global_impure_ptr)
../isr_final_demo_bsp/\libhal_bsp.a(alt_exit.o)
                              c:/altera/13.0/nios2eds/bin/gnu/h-i686-mingw32/bin/../lib/gcc/nios2-elf/4.1.2/../../../../nios2-elf/lib\libsmallc.a(lib_a-exit.o) (_exit)

Allocating common symbols
Common symbol       size              file

alt_irq             0x100             ../isr_final_demo_bsp/\libhal_bsp.a(alt_irq_handler.o)
errno               0x4               c:/altera/13.0/nios2eds/bin/gnu/h-i686-mingw32/bin/../lib/gcc/nios2-elf/4.1.2/../../../../nios2-elf/lib\libsmallc.a(lib_a-int_errno.o)
GP1_val             0x4               obj/default/hello_world.o
GP0_val             0x4               obj/default/hello_world.o

Memory Configuration

Name             Origin             Length             Attributes
reset            0x00080000         0x00000020
onchip_mem       0x00080020         0x00004fe0
*default*        0x00000000         0xffffffff

Linker script and memory map

LOAD ../isr_final_demo_bsp//obj/HAL/src/crt0.o
LOAD obj/default/hello_world.o
LOAD c:/altera/13.0/nios2eds/bin/gnu/h-i686-mingw32/bin/../lib/gcc/nios2-elf/4.1.2/../../../../nios2-elf/lib\libstdc++.a
LOAD c:/altera/13.0/nios2eds/bin/gnu/h-i686-mingw32/bin/../lib/gcc/nios2-elf/4.1.2/../../../../nios2-elf/lib\libm.a
LOAD c:/altera/13.0/nios2eds/bin/gnu/h-i686-mingw32/bin/../lib/gcc/nios2-elf/4.1.2\libgcc.a
START GROUP
LOAD c:/altera/13.0/nios2eds/bin/gnu/h-i686-mingw32/bin/../lib/gcc/nios2-elf/4.1.2/../../../../nios2-elf/lib\libsmallc.a
LOAD c:/altera/13.0/nios2eds/bin/gnu/h-i686-mingw32/bin/../lib/gcc/nios2-elf/4.1.2\libgcc.a
LOAD ../isr_final_demo_bsp/\libhal_bsp.a
END GROUP
LOAD c:/altera/13.0/nios2eds/bin/gnu/h-i686-mingw32/bin/../lib/gcc/nios2-elf/4.1.2\libgcc.a
                0x00080000                __alt_mem_onchip_mem = 0x80000

.entry          0x00080000       0x20
 *(.entry)
 .entry         0x00080000       0x20 ../isr_final_demo_bsp//obj/HAL/src/crt0.o
                0x00080000                __reset

.exceptions     0x00080020      0x194
                0x00080020                PROVIDE (__ram_exceptions_start, ABSOLUTE (.))
                0x00080020                . = ALIGN (0x20)
 *(.irq)
 *(.exceptions.entry.label)
 .exceptions.entry.label
                0x00080020        0x0 ../isr_final_demo_bsp/\libhal_bsp.a(alt_irq_entry.o)
                0x00080020                alt_irq_entry
 .exceptions.entry.label
                0x00080020        0x0 ../isr_final_demo_bsp/\libhal_bsp.a(alt_exception_entry.o)
                0x00080020                alt_exception
 *(.exceptions.entry.user)
 *(.exceptions.entry)
 .exceptions.entry
                0x00080020       0x54 ../isr_final_demo_bsp/\libhal_bsp.a(alt_exception_entry.o)
 *(.exceptions.irqtest.user)
 *(.exceptions.irqtest)
 .exceptions.irqtest
                0x00080074       0x10 ../isr_final_demo_bsp/\libhal_bsp.a(alt_irq_entry.o)
 *(.exceptions.irqhandler.user)
 *(.exceptions.irqhandler)
 .exceptions.irqhandler
                0x00080084        0x4 ../isr_final_demo_bsp/\libhal_bsp.a(alt_irq_entry.o)
 *(.exceptions.irqreturn.user)
 *(.exceptions.irqreturn)
 .exceptions.irqreturn
                0x00080088        0x4 ../isr_final_demo_bsp/\libhal_bsp.a(alt_irq_entry.o)
 *(.exceptions.notirq.label)
 .exceptions.notirq.label
                0x0008008c        0x0 ../isr_final_demo_bsp/\libhal_bsp.a(alt_irq_entry.o)
 *(.exceptions.notirq.user)
 *(.exceptions.notirq)
 .exceptions.notirq
                0x0008008c        0x8 ../isr_final_demo_bsp/\libhal_bsp.a(alt_exception_entry.o)
 *(.exceptions.soft.user)
 *(.exceptions.soft)
 *(.exceptions.unknown.user)
 *(.exceptions.unknown)
 .exceptions.unknown
                0x00080094        0x4 ../isr_final_demo_bsp/\libhal_bsp.a(alt_exception_entry.o)
 *(.exceptions.exit.label)
 .exceptions.exit.label
                0x00080098        0x0 ../isr_final_demo_bsp/\libhal_bsp.a(alt_irq_entry.o)
 .exceptions.exit.label
                0x00080098        0x0 ../isr_final_demo_bsp/\libhal_bsp.a(alt_exception_entry.o)
 *(.exceptions.exit.user)
 *(.exceptions.exit)
 .exceptions.exit
                0x00080098       0x54 ../isr_final_demo_bsp/\libhal_bsp.a(alt_exception_entry.o)
 *(.exceptions)
 .exceptions    0x000800ec       0xc8 ../isr_final_demo_bsp/\libhal_bsp.a(alt_irq_handler.o)
                0x000800ec                alt_irq_handler
                0x000801b4                PROVIDE (__ram_exceptions_end, ABSOLUTE (.))
                0x00080020                PROVIDE (__flash_exceptions_start, LOADADDR (.exceptions))

.text           0x000801b4     0x1bbc
                0x000801b4                PROVIDE (stext, ABSOLUTE (.))
 *(.interp)
 *(.hash)
 *(.dynsym)
 *(.dynstr)
 *(.gnu.version)
 *(.gnu.version_d)
 *(.gnu.version_r)
 *(.rel.init)
 *(.rela.init)
 *(.rel.text .rel.text.* .rel.gnu.linkonce.t.*)
 *(.rela.text .rela.text.* .rela.gnu.linkonce.t.*)
 *(.rel.fini)
 *(.rela.fini)
 *(.rel.rodata .rel.rodata.* .rel.gnu.linkonce.r.*)
 *(.rela.rodata .rela.rodata.* .rela.gnu.linkonce.r.*)
 *(.rel.data .rel.data.* .rel.gnu.linkonce.d.*)
 *(.rela.data .rela.data.* .rela.gnu.linkonce.d.*)
 *(.rel.tdata .rel.tdata.* .rel.gnu.linkonce.td.*)
 *(.rela.tdata .rela.tdata.* .rela.gnu.linkonce.td.*)
 *(.rel.tbss .rel.tbss.* .rel.gnu.linkonce.tb.*)
 *(.rela.tbss .rela.tbss.* .rela.gnu.linkonce.tb.*)
 *(.rel.ctors)
 *(.rela.ctors)
 *(.rel.dtors)
 *(.rela.dtors)
 *(.rel.got)
 *(.rela.got)
 *(.rel.sdata .rel.sdata.* .rel.gnu.linkonce.s.*)
 *(.rela.sdata .rela.sdata.* .rela.gnu.linkonce.s.*)
 *(.rel.sbss .rel.sbss.* .rel.gnu.linkonce.sb.*)
 *(.rela.sbss .rela.sbss.* .rela.gnu.linkonce.sb.*)
 *(.rel.sdata2 .rel.sdata2.* .rel.gnu.linkonce.s2.*)
 *(.rela.sdata2 .rela.sdata2.* .rela.gnu.linkonce.s2.*)
 *(.rel.sbss2 .rel.sbss2.* .rel.gnu.linkonce.sb2.*)
 *(.rela.sbss2 .rela.sbss2.* .rela.gnu.linkonce.sb2.*)
 *(.rel.bss .rel.bss.* .rel.gnu.linkonce.b.*)
 *(.rela.bss .rela.bss.* .rela.gnu.linkonce.b.*)
 *(.rel.plt)
 *(.rela.plt)
 *(.rel.dyn)
 *(.init)
 *(.plt)
 *(.text .stub .text.* .gnu.linkonce.t.*)
 .text          0x000801b4       0x3c ../isr_final_demo_bsp//obj/HAL/src/crt0.o
                0x000801b4                _start
 .text          0x000801f0      0x2fc obj/default/hello_world.o
                0x000801f0                main
                0x00080344                interrupt0
                0x000803e4                interrupt1
                0x000804a0                interruptMode
 .text          0x000804ec      0x1c0 ../isr_final_demo_bsp/\libhal_bsp.a(alt_irq_register.o)
                0x000804ec                alt_irq_register
 .text          0x000806ac        0x0 ../isr_final_demo_bsp/\libhal_bsp.a(alt_irq_vars.o)
 .text          0x000806ac       0xec ../isr_final_demo_bsp/\libhal_bsp.a(alt_load.o)
                0x000806ac                alt_load
 .text          0x00080798       0x5c ../isr_final_demo_bsp/\libhal_bsp.a(alt_main.o)
                0x00080798                alt_main
 .text          0x000807f4       0xb0 ../isr_final_demo_bsp/\libhal_bsp.a(alt_sys_init.o)
                0x000807f4                alt_irq_init
                0x00080828                alt_sys_init
 .text          0x000808a4       0xb0 ../isr_final_demo_bsp/\libhal_bsp.a(altera_avalon_jtag_uart_fd.o)
                0x000808a4                altera_avalon_jtag_uart_read_fd
                0x000808fc                altera_avalon_jtag_uart_write_fd
 .text          0x00080954      0x104 ../isr_final_demo_bsp/\libhal_bsp.a(altera_avalon_jtag_uart_read.o)
                0x00080954                altera_avalon_jtag_uart_read
 .text          0x00080a58       0xa4 ../isr_final_demo_bsp/\libhal_bsp.a(altera_avalon_jtag_uart_write.o)
                0x00080a58                altera_avalon_jtag_uart_write
 .text          0x00080afc      0x100 ../isr_final_demo_bsp/\libhal_bsp.a(altera_avalon_timer_sc.o)
                0x00080b6c                alt_avalon_timer_sc_init
 .text          0x00080bfc      0x15c ../isr_final_demo_bsp/\libhal_bsp.a(alt_close.o)
                0x00080bfc                close
 .text          0x00080d58       0x1c ../isr_final_demo_bsp/\libhal_bsp.a(alt_dcache_flush_all.o)
                0x00080d58                alt_dcache_flush_all
 .text          0x00080d74       0x2c ../isr_final_demo_bsp/\libhal_bsp.a(alt_dev.o)
 .text          0x00080da0      0x114 ../isr_final_demo_bsp/\libhal_bsp.a(alt_dev_llist_insert.o)
                0x00080da0                alt_dev_llist_insert
 .text          0x00080eb4        0x0 ../isr_final_demo_bsp/\libhal_bsp.a(alt_errno.o)
 .text          0x00080eb4       0x30 ../isr_final_demo_bsp/\libhal_bsp.a(alt_icache_flush_all.o)
                0x00080eb4                alt_icache_flush_all
 .text          0x00080ee4      0x1d4 ../isr_final_demo_bsp/\libhal_bsp.a(alt_iic.o)
                0x00080ee4                alt_ic_isr_register
                0x00080f34                alt_ic_irq_enable
                0x00080fd0                alt_ic_irq_disable
                0x00081070                alt_ic_irq_enabled
 .text          0x000810b8       0xf8 ../isr_final_demo_bsp/\libhal_bsp.a(alt_iic_isr_register.o)
                0x000810b8                alt_iic_isr_register
 .text          0x000811b0      0x13c ../isr_final_demo_bsp/\libhal_bsp.a(alt_io_redirect.o)
                0x00081274                alt_io_redirect
 .text          0x000812ec        0x0 ../isr_final_demo_bsp/\libhal_bsp.a(alt_irq_entry.o)
 .text          0x000812ec        0x0 ../isr_final_demo_bsp/\libhal_bsp.a(alt_irq_handler.o)
 .text          0x000812ec      0x2c4 ../isr_final_demo_bsp/\libhal_bsp.a(alt_open.o)
                0x000813c8                open
 .text          0x000815b0       0x60 ../isr_final_demo_bsp/\libhal_bsp.a(alt_release_fd.o)
                0x000815b0                alt_release_fd
 .text          0x00081610      0x1a4 ../isr_final_demo_bsp/\libhal_bsp.a(alt_tick.o)
                0x00081610                alt_alarm_stop
                0x000816a8                alt_tick
 .text          0x000817b4       0x20 ../isr_final_demo_bsp/\libhal_bsp.a(altera_nios2_qsys_irq.o)
                0x000817b4                altera_nios2_qsys_irq_init
 .text          0x000817d4        0x0 ../isr_final_demo_bsp/\libhal_bsp.a(alt_exception_entry.o)
 .text          0x000817d4       0x94 ../isr_final_demo_bsp/\libhal_bsp.a(alt_find_dev.o)
                0x000817d4                alt_find_dev
 .text          0x00081868      0x120 ../isr_final_demo_bsp/\libhal_bsp.a(alt_find_file.o)
                0x00081868                alt_find_file
 .text          0x00081988       0xb8 ../isr_final_demo_bsp/\libhal_bsp.a(alt_get_fd.o)
                0x00081988                alt_get_fd
 .text          0x00081a40       0x90 ../isr_final_demo_bsp/\libhal_bsp.a(alt_icache_flush.o)
                0x00081a40                alt_icache_flush
 .text          0x00081ad0       0x20 c:/altera/13.0/nios2eds/bin/gnu/h-i686-mingw32/bin/../lib/gcc/nios2-elf/4.1.2/../../../../nios2-elf/lib\libsmallc.a(lib_a-exit.o)
                0x00081ad0                exit
 .text          0x00081af0        0x0 c:/altera/13.0/nios2eds/bin/gnu/h-i686-mingw32/bin/../lib/gcc/nios2-elf/4.1.2/../../../../nios2-elf/lib\libsmallc.a(lib_a-int_errno.o)
 .text          0x00081af0       0x3c c:/altera/13.0/nios2eds/bin/gnu/h-i686-mingw32/bin/../lib/gcc/nios2-elf/4.1.2/../../../../nios2-elf/lib\libsmallc.a(lib_a-memcmp.o)
                0x00081af0                memcmp
 .text          0x00081b2c       0x20 c:/altera/13.0/nios2eds/bin/gnu/h-i686-mingw32/bin/../lib/gcc/nios2-elf/4.1.2/../../../../nios2-elf/lib\libsmallc.a(lib_a-strlen.o)
                0x00081b2c                strlen
 .text          0x00081b4c      0x1c0 c:/altera/13.0/nios2eds/bin/gnu/h-i686-mingw32/bin/../lib/gcc/nios2-elf/4.1.2/../../../../nios2-elf/lib\libsmallc.a(lib_a-__call_atexit.o)
                0x00081b50                __call_exitprocs
 .text          0x00081d0c        0x0 c:/altera/13.0/nios2eds/bin/gnu/h-i686-mingw32/bin/../lib/gcc/nios2-elf/4.1.2/../../../../nios2-elf/lib\libsmallc.a(lib_a-impure.o)
 .text          0x00081d0c       0x60 ../isr_final_demo_bsp/\libhal_bsp.a(alt_exit.o)
                0x00081d4c                _exit
 *(.gnu.warning.*)
 *(.fini)
                0x00081d6c                PROVIDE (__etext, ABSOLUTE (.))
                0x00081d6c                PROVIDE (_etext, ABSOLUTE (.))
                0x00081d6c                PROVIDE (etext, ABSOLUTE (.))
 *(.eh_frame_hdr)
                0x00081d6c                . = ALIGN (0x4)
                0x00081d6c                PROVIDE (__preinit_array_start, ABSOLUTE (.))
 *(.preinit_array)
                0x00081d6c                PROVIDE (__preinit_array_end, ABSOLUTE (.))
                0x00081d6c                PROVIDE (__init_array_start, ABSOLUTE (.))
 *(.init_array)
                0x00081d6c                PROVIDE (__init_array_end, ABSOLUTE (.))
                0x00081d6c                PROVIDE (__fini_array_start, ABSOLUTE (.))
 *(.fini_array)
                0x00081d6c                PROVIDE (__fini_array_end, ABSOLUTE (.))
 *(.eh_frame)
 *(.gcc_except_table)
 *(.dynamic)
                0x00081d6c                PROVIDE (__CTOR_LIST__, ABSOLUTE (.))
 *(.ctors)
 *(SORT(.ctors.*))
 .ctors.65535   0x00081d6c        0x4 c:/altera/13.0/nios2eds/bin/gnu/h-i686-mingw32/bin/../lib/gcc/nios2-elf/4.1.2/../../../../nios2-elf/lib\libsmallc.a(lib_a-__call_atexit.o)
                0x00081d70                PROVIDE (__CTOR_END__, ABSOLUTE (.))
                0x00081d70                PROVIDE (__DTOR_LIST__, ABSOLUTE (.))
 *(.dtors)
 *(SORT(.dtors.*))
                0x00081d70                PROVIDE (__DTOR_END__, ABSOLUTE (.))
 *(.jcr)
                0x00081d70                . = ALIGN (0x4)

.rodata         0x00081d70       0x2c
                0x00081d70                PROVIDE (__ram_rodata_start, ABSOLUTE (.))
                0x00081d70                . = ALIGN (0x4)
 *(.rodata .rodata.* .gnu.linkonce.r.*)
 .rodata        0x00081d70       0x10 ../isr_final_demo_bsp/\libhal_bsp.a(alt_main.o)
 .rodata        0x00081d80       0x10 ../isr_final_demo_bsp/\libhal_bsp.a(alt_sys_init.o)
 .rodata        0x00081d90        0xc ../isr_final_demo_bsp/\libhal_bsp.a(alt_dev.o)
 *(.rodata1)
                0x00081d9c                . = ALIGN (0x4)
                0x00081d9c                PROVIDE (__ram_rodata_end, ABSOLUTE (.))
                0x00081d70                PROVIDE (__flash_rodata_start, LOADADDR (.rodata))

.rwdata         0x00081d9c      0x2e0 load address 0x0008207c
                0x00081d9c                PROVIDE (__ram_rwdata_start, ABSOLUTE (.))
                0x00081d9c                . = ALIGN (0x4)
 *(.got.plt)
 *(.got)
 *(.data1)
 *(.data .data.* .gnu.linkonce.d.*)
 .data          0x00081d9c        0x0 ../isr_final_demo_bsp//obj/HAL/src/crt0.o
 .data          0x00081d9c        0x0 obj/default/hello_world.o
 .data          0x00081d9c        0x0 ../isr_final_demo_bsp/\libhal_bsp.a(alt_irq_register.o)
 .data          0x00081d9c        0x0 ../isr_final_demo_bsp/\libhal_bsp.a(alt_irq_vars.o)
 .data          0x00081d9c        0x0 ../isr_final_demo_bsp/\libhal_bsp.a(alt_load.o)
 .data          0x00081d9c        0x0 ../isr_final_demo_bsp/\libhal_bsp.a(alt_main.o)
 .data          0x00081d9c       0x2c ../isr_final_demo_bsp/\libhal_bsp.a(alt_sys_init.o)
 .data          0x00081dc8        0x0 ../isr_final_demo_bsp/\libhal_bsp.a(altera_avalon_jtag_uart_fd.o)
 .data          0x00081dc8        0x0 ../isr_final_demo_bsp/\libhal_bsp.a(altera_avalon_jtag_uart_read.o)
 .data          0x00081dc8        0x0 ../isr_final_demo_bsp/\libhal_bsp.a(altera_avalon_jtag_uart_write.o)
 .data          0x00081dc8        0x0 ../isr_final_demo_bsp/\libhal_bsp.a(altera_avalon_timer_sc.o)
 .data          0x00081dc8        0x0 ../isr_final_demo_bsp/\libhal_bsp.a(alt_close.o)
 .data          0x00081dc8        0x0 ../isr_final_demo_bsp/\libhal_bsp.a(alt_dcache_flush_all.o)
 .data          0x00081dc8      0x1a8 ../isr_final_demo_bsp/\libhal_bsp.a(alt_dev.o)
                0x00081dc8                alt_dev_null
                0x00081df0                alt_fd_list
 .data          0x00081f70        0x0 ../isr_final_demo_bsp/\libhal_bsp.a(alt_dev_llist_insert.o)
 .data          0x00081f70        0x0 ../isr_final_demo_bsp/\libhal_bsp.a(alt_errno.o)
 .data          0x00081f70        0x0 ../isr_final_demo_bsp/\libhal_bsp.a(alt_icache_flush_all.o)
 .data          0x00081f70        0x0 ../isr_final_demo_bsp/\libhal_bsp.a(alt_iic.o)
 .data          0x00081f70        0x0 ../isr_final_demo_bsp/\libhal_bsp.a(alt_iic_isr_register.o)
 .data          0x00081f70        0x0 ../isr_final_demo_bsp/\libhal_bsp.a(alt_io_redirect.o)
 .data          0x00081f70        0x0 ../isr_final_demo_bsp/\libhal_bsp.a(alt_irq_entry.o)
 .data          0x00081f70        0x0 ../isr_final_demo_bsp/\libhal_bsp.a(alt_irq_handler.o)
 .data          0x00081f70        0x0 ../isr_final_demo_bsp/\libhal_bsp.a(alt_open.o)
 .data          0x00081f70        0x0 ../isr_final_demo_bsp/\libhal_bsp.a(alt_release_fd.o)
 .data          0x00081f70        0x0 ../isr_final_demo_bsp/\libhal_bsp.a(alt_tick.o)
 .data          0x00081f70        0x0 ../isr_final_demo_bsp/\libhal_bsp.a(altera_nios2_qsys_irq.o)
 .data          0x00081f70        0x0 ../isr_final_demo_bsp/\libhal_bsp.a(alt_exception_entry.o)
 .data          0x00081f70        0x0 ../isr_final_demo_bsp/\libhal_bsp.a(alt_find_dev.o)
 .data          0x00081f70        0x0 ../isr_final_demo_bsp/\libhal_bsp.a(alt_find_file.o)
 .data          0x00081f70        0x0 ../isr_final_demo_bsp/\libhal_bsp.a(alt_get_fd.o)
 .data          0x00081f70        0x0 ../isr_final_demo_bsp/\libhal_bsp.a(alt_icache_flush.o)
 .data          0x00081f70        0x0 c:/altera/13.0/nios2eds/bin/gnu/h-i686-mingw32/bin/../lib/gcc/nios2-elf/4.1.2/../../../../nios2-elf/lib\libsmallc.a(lib_a-exit.o)
 .data          0x00081f70        0x0 c:/altera/13.0/nios2eds/bin/gnu/h-i686-mingw32/bin/../lib/gcc/nios2-elf/4.1.2/../../../../nios2-elf/lib\libsmallc.a(lib_a-int_errno.o)
 .data          0x00081f70        0x0 c:/altera/13.0/nios2eds/bin/gnu/h-i686-mingw32/bin/../lib/gcc/nios2-elf/4.1.2/../../../../nios2-elf/lib\libsmallc.a(lib_a-memcmp.o)
 .data          0x00081f70        0x0 c:/altera/13.0/nios2eds/bin/gnu/h-i686-mingw32/bin/../lib/gcc/nios2-elf/4.1.2/../../../../nios2-elf/lib\libsmallc.a(lib_a-strlen.o)
 .data          0x00081f70        0x0 c:/altera/13.0/nios2eds/bin/gnu/h-i686-mingw32/bin/../lib/gcc/nios2-elf/4.1.2/../../../../nios2-elf/lib\libsmallc.a(lib_a-__call_atexit.o)
 .data          0x00081f70       0xe0 c:/altera/13.0/nios2eds/bin/gnu/h-i686-mingw32/bin/../lib/gcc/nios2-elf/4.1.2/../../../../nios2-elf/lib\libsmallc.a(lib_a-impure.o)
 .data          0x00082050        0x0 ../isr_final_demo_bsp/\libhal_bsp.a(alt_exit.o)
                0x0008a050                _gp = ABSOLUTE ((. + 0x8000))
                0x0008a050                PROVIDE (gp, _gp)
 *(.rwdata .rwdata.*)
 *(.sdata .sdata.* .gnu.linkonce.s.*)
 .sdata         0x00082050        0x4 ../isr_final_demo_bsp/\libhal_bsp.a(alt_irq_vars.o)
                0x00082050                alt_priority_mask
 .sdata         0x00082054       0x14 ../isr_final_demo_bsp/\libhal_bsp.a(alt_dev.o)
                0x00082054                alt_fs_list
                0x0008205c                alt_dev_list
                0x00082064                alt_max_fd
 .sdata         0x00082068        0x4 ../isr_final_demo_bsp/\libhal_bsp.a(alt_errno.o)
                0x00082068                alt_errno
 .sdata         0x0008206c        0x8 ../isr_final_demo_bsp/\libhal_bsp.a(alt_tick.o)
                0x0008206c                alt_alarm_list
 .sdata         0x00082074        0x8 c:/altera/13.0/nios2eds/bin/gnu/h-i686-mingw32/bin/../lib/gcc/nios2-elf/4.1.2/../../../../nios2-elf/lib\libsmallc.a(lib_a-impure.o)
                0x00082074                _impure_ptr
                0x00082078                _global_impure_ptr
 *(.sdata2 .sdata2.* .gnu.linkonce.s2.*)
                0x0008207c                . = ALIGN (0x4)
                0x0008207c                _edata = ABSOLUTE (.)
                0x0008207c                PROVIDE (edata, ABSOLUTE (.))
                0x0008207c                PROVIDE (__ram_rwdata_end, ABSOLUTE (.))
                0x0008207c                PROVIDE (__flash_rwdata_start, LOADADDR (.rwdata))

.bss            0x0008235c      0x124
                0x0008235c                __bss_start = ABSOLUTE (.)
                0x0008235c                PROVIDE (__sbss_start, ABSOLUTE (.))
                0x0008235c                PROVIDE (___sbss_start, ABSOLUTE (.))
 *(.dynsbss)
 *(.sbss .sbss.* .gnu.linkonce.sb.*)
 .sbss          0x0008235c        0x8 obj/default/hello_world.o
                0x0008235c                GP1_val
                0x00082360                GP0_val
 .sbss          0x00082364        0x4 ../isr_final_demo_bsp/\libhal_bsp.a(alt_irq_vars.o)
                0x00082364                alt_irq_active
 .sbss          0x00082368        0xc ../isr_final_demo_bsp/\libhal_bsp.a(alt_main.o)
                0x00082368                alt_argc
                0x0008236c                alt_argv
                0x00082370                alt_envp
 .sbss          0x00082374        0x8 ../isr_final_demo_bsp/\libhal_bsp.a(alt_tick.o)
                0x00082374                _alt_tick_rate
                0x00082378                _alt_nticks
 .sbss          0x0008237c        0x4 c:/altera/13.0/nios2eds/bin/gnu/h-i686-mingw32/bin/../lib/gcc/nios2-elf/4.1.2/../../../../nios2-elf/lib\libsmallc.a(lib_a-int_errno.o)
                0x0008237c                errno
 *(.sbss2 .sbss2.* .gnu.linkonce.sb2.*)
 *(.scommon)
                0x00082380                PROVIDE (__sbss_end, ABSOLUTE (.))
                0x00082380                PROVIDE (___sbss_end, ABSOLUTE (.))
 *(.dynbss)
 *(.bss .bss.* .gnu.linkonce.b.*)
 .bss           0x00082380        0x0 ../isr_final_demo_bsp//obj/HAL/src/crt0.o
 .bss           0x00082380        0x0 obj/default/hello_world.o
 .bss           0x00082380        0x0 ../isr_final_demo_bsp/\libhal_bsp.a(alt_irq_register.o)
 .bss           0x00082380        0x0 ../isr_final_demo_bsp/\libhal_bsp.a(alt_irq_vars.o)
 .bss           0x00082380        0x0 ../isr_final_demo_bsp/\libhal_bsp.a(alt_load.o)
 .bss           0x00082380        0x0 ../isr_final_demo_bsp/\libhal_bsp.a(alt_main.o)
 .bss           0x00082380        0x0 ../isr_final_demo_bsp/\libhal_bsp.a(alt_sys_init.o)
 .bss           0x00082380        0x0 ../isr_final_demo_bsp/\libhal_bsp.a(altera_avalon_jtag_uart_fd.o)
 .bss           0x00082380        0x0 ../isr_final_demo_bsp/\libhal_bsp.a(altera_avalon_jtag_uart_read.o)
 .bss           0x00082380        0x0 ../isr_final_demo_bsp/\libhal_bsp.a(altera_avalon_jtag_uart_write.o)
 .bss           0x00082380        0x0 ../isr_final_demo_bsp/\libhal_bsp.a(altera_avalon_timer_sc.o)
 .bss           0x00082380        0x0 ../isr_final_demo_bsp/\libhal_bsp.a(alt_close.o)
 .bss           0x00082380        0x0 ../isr_final_demo_bsp/\libhal_bsp.a(alt_dcache_flush_all.o)
 .bss           0x00082380        0x0 ../isr_final_demo_bsp/\libhal_bsp.a(alt_dev.o)
 .bss           0x00082380        0x0 ../isr_final_demo_bsp/\libhal_bsp.a(alt_dev_llist_insert.o)
 .bss           0x00082380        0x0 ../isr_final_demo_bsp/\libhal_bsp.a(alt_errno.o)
 .bss           0x00082380        0x0 ../isr_final_demo_bsp/\libhal_bsp.a(alt_icache_flush_all.o)
 .bss           0x00082380        0x0 ../isr_final_demo_bsp/\libhal_bsp.a(alt_iic.o)
 .bss           0x00082380        0x0 ../isr_final_demo_bsp/\libhal_bsp.a(alt_iic_isr_register.o)
 .bss           0x00082380        0x0 ../isr_final_demo_bsp/\libhal_bsp.a(alt_io_redirect.o)
 .bss           0x00082380        0x0 ../isr_final_demo_bsp/\libhal_bsp.a(alt_irq_entry.o)
 .bss           0x00082380        0x0 ../isr_final_demo_bsp/\libhal_bsp.a(alt_irq_handler.o)
 .bss           0x00082380        0x0 ../isr_final_demo_bsp/\libhal_bsp.a(alt_open.o)
 .bss           0x00082380        0x0 ../isr_final_demo_bsp/\libhal_bsp.a(alt_release_fd.o)
 .bss           0x00082380        0x0 ../isr_final_demo_bsp/\libhal_bsp.a(alt_tick.o)
 .bss           0x00082380        0x0 ../isr_final_demo_bsp/\libhal_bsp.a(altera_nios2_qsys_irq.o)
 .bss           0x00082380        0x0 ../isr_final_demo_bsp/\libhal_bsp.a(alt_exception_entry.o)
 .bss           0x00082380        0x0 ../isr_final_demo_bsp/\libhal_bsp.a(alt_find_dev.o)
 .bss           0x00082380        0x0 ../isr_final_demo_bsp/\libhal_bsp.a(alt_find_file.o)
 .bss           0x00082380        0x0 ../isr_final_demo_bsp/\libhal_bsp.a(alt_get_fd.o)
 .bss           0x00082380        0x0 ../isr_final_demo_bsp/\libhal_bsp.a(alt_icache_flush.o)
 .bss           0x00082380        0x0 c:/altera/13.0/nios2eds/bin/gnu/h-i686-mingw32/bin/../lib/gcc/nios2-elf/4.1.2/../../../../nios2-elf/lib\libsmallc.a(lib_a-exit.o)
 .bss           0x00082380        0x0 c:/altera/13.0/nios2eds/bin/gnu/h-i686-mingw32/bin/../lib/gcc/nios2-elf/4.1.2/../../../../nios2-elf/lib\libsmallc.a(lib_a-int_errno.o)
 .bss           0x00082380        0x0 c:/altera/13.0/nios2eds/bin/gnu/h-i686-mingw32/bin/../lib/gcc/nios2-elf/4.1.2/../../../../nios2-elf/lib\libsmallc.a(lib_a-memcmp.o)
 .bss           0x00082380        0x0 c:/altera/13.0/nios2eds/bin/gnu/h-i686-mingw32/bin/../lib/gcc/nios2-elf/4.1.2/../../../../nios2-elf/lib\libsmallc.a(lib_a-strlen.o)
 .bss           0x00082380        0x0 c:/altera/13.0/nios2eds/bin/gnu/h-i686-mingw32/bin/../lib/gcc/nios2-elf/4.1.2/../../../../nios2-elf/lib\libsmallc.a(lib_a-__call_atexit.o)
 .bss           0x00082380        0x0 c:/altera/13.0/nios2eds/bin/gnu/h-i686-mingw32/bin/../lib/gcc/nios2-elf/4.1.2/../../../../nios2-elf/lib\libsmallc.a(lib_a-impure.o)
 .bss           0x00082380        0x0 ../isr_final_demo_bsp/\libhal_bsp.a(alt_exit.o)
 *(COMMON)
 COMMON         0x00082380      0x100 ../isr_final_demo_bsp/\libhal_bsp.a(alt_irq_handler.o)
                0x00082380                alt_irq
                0x00082480                . = ALIGN (0x4)
                0x00082480                __bss_end = ABSOLUTE (.)

.onchip_mem     0x00082480        0x0
                0x00082480                PROVIDE (_alt_partition_onchip_mem_start, ABSOLUTE (.))
 *(.onchip_mem. onchip_mem.*)
                0x00082480                . = ALIGN (0x4)
                0x00082480                PROVIDE (_alt_partition_onchip_mem_end, ABSOLUTE (.))
                0x00082480                _end = ABSOLUTE (.)
                0x00082480                end = ABSOLUTE (.)
                0x00082480                __alt_stack_base = ABSOLUTE (.)
                0x00082480                PROVIDE (_alt_partition_onchip_mem_load_addr, LOADADDR (.onchip_mem))

.stab
 *(.stab)

.stabstr
 *(.stabstr)

.stab.excl
 *(.stab.excl)

.stab.exclstr
 *(.stab.exclstr)

.stab.index
 *(.stab.index)

.stab.indexstr
 *(.stab.indexstr)

.comment        0x00000000       0x23
 *(.comment)
 .comment       0x00000000       0x23 obj/default/hello_world.o
                                 0x24 (size before relaxing)
 .comment       0x00000000       0x24 ../isr_final_demo_bsp/\libhal_bsp.a(alt_irq_register.o)
 .comment       0x00000000       0x24 ../isr_final_demo_bsp/\libhal_bsp.a(alt_irq_vars.o)
 .comment       0x00000000       0x24 ../isr_final_demo_bsp/\libhal_bsp.a(alt_load.o)
 .comment       0x00000000       0x24 ../isr_final_demo_bsp/\libhal_bsp.a(alt_main.o)
 .comment       0x00000000       0x24 ../isr_final_demo_bsp/\libhal_bsp.a(alt_sys_init.o)
 .comment       0x00000000       0x24 ../isr_final_demo_bsp/\libhal_bsp.a(altera_avalon_jtag_uart_fd.o)
 .comment       0x00000000       0x24 ../isr_final_demo_bsp/\libhal_bsp.a(altera_avalon_jtag_uart_read.o)
 .comment       0x00000000       0x24 ../isr_final_demo_bsp/\libhal_bsp.a(altera_avalon_jtag_uart_write.o)
 .comment       0x00000000       0x24 ../isr_final_demo_bsp/\libhal_bsp.a(altera_avalon_timer_sc.o)
 .comment       0x00000000       0x24 ../isr_final_demo_bsp/\libhal_bsp.a(alt_close.o)
 .comment       0x00000000       0x24 ../isr_final_demo_bsp/\libhal_bsp.a(alt_dcache_flush_all.o)
 .comment       0x00000000       0x24 ../isr_final_demo_bsp/\libhal_bsp.a(alt_dev.o)
 .comment       0x00000000       0x24 ../isr_final_demo_bsp/\libhal_bsp.a(alt_dev_llist_insert.o)
 .comment       0x00000000       0x24 ../isr_final_demo_bsp/\libhal_bsp.a(alt_errno.o)
 .comment       0x00000000       0x24 ../isr_final_demo_bsp/\libhal_bsp.a(alt_icache_flush_all.o)
 .comment       0x00000000       0x24 ../isr_final_demo_bsp/\libhal_bsp.a(alt_iic.o)
 .comment       0x00000000       0x24 ../isr_final_demo_bsp/\libhal_bsp.a(alt_iic_isr_register.o)
 .comment       0x00000000       0x24 ../isr_final_demo_bsp/\libhal_bsp.a(alt_io_redirect.o)
 .comment       0x00000000       0x24 ../isr_final_demo_bsp/\libhal_bsp.a(alt_irq_handler.o)
 .comment       0x00000000       0x24 ../isr_final_demo_bsp/\libhal_bsp.a(alt_open.o)
 .comment       0x00000000       0x24 ../isr_final_demo_bsp/\libhal_bsp.a(alt_release_fd.o)
 .comment       0x00000000       0x24 ../isr_final_demo_bsp/\libhal_bsp.a(alt_tick.o)
 .comment       0x00000000       0x24 ../isr_final_demo_bsp/\libhal_bsp.a(altera_nios2_qsys_irq.o)
 .comment       0x00000000       0x24 ../isr_final_demo_bsp/\libhal_bsp.a(alt_find_dev.o)
 .comment       0x00000000       0x24 ../isr_final_demo_bsp/\libhal_bsp.a(alt_find_file.o)
 .comment       0x00000000       0x24 ../isr_final_demo_bsp/\libhal_bsp.a(alt_get_fd.o)
 .comment       0x00000000       0x24 ../isr_final_demo_bsp/\libhal_bsp.a(alt_icache_flush.o)
 .comment       0x00000000       0x24 c:/altera/13.0/nios2eds/bin/gnu/h-i686-mingw32/bin/../lib/gcc/nios2-elf/4.1.2/../../../../nios2-elf/lib\libsmallc.a(lib_a-exit.o)
 .comment       0x00000000       0x24 c:/altera/13.0/nios2eds/bin/gnu/h-i686-mingw32/bin/../lib/gcc/nios2-elf/4.1.2/../../../../nios2-elf/lib\libsmallc.a(lib_a-int_errno.o)
 .comment       0x00000000       0x24 c:/altera/13.0/nios2eds/bin/gnu/h-i686-mingw32/bin/../lib/gcc/nios2-elf/4.1.2/../../../../nios2-elf/lib\libsmallc.a(lib_a-memcmp.o)
 .comment       0x00000000       0x24 c:/altera/13.0/nios2eds/bin/gnu/h-i686-mingw32/bin/../lib/gcc/nios2-elf/4.1.2/../../../../nios2-elf/lib\libsmallc.a(lib_a-strlen.o)
 .comment       0x00000000       0x24 c:/altera/13.0/nios2eds/bin/gnu/h-i686-mingw32/bin/../lib/gcc/nios2-elf/4.1.2/../../../../nios2-elf/lib\libsmallc.a(lib_a-__call_atexit.o)
 .comment       0x00000000       0x24 c:/altera/13.0/nios2eds/bin/gnu/h-i686-mingw32/bin/../lib/gcc/nios2-elf/4.1.2/../../../../nios2-elf/lib\libsmallc.a(lib_a-impure.o)
 .comment       0x00000000       0x24 ../isr_final_demo_bsp/\libhal_bsp.a(alt_exit.o)

.debug
 *(.debug)

.line
 *(.line)

.debug_srcinfo
 *(.debug_srcinfo)

.debug_sfnames
 *(.debug_sfnames)

.debug_aranges  0x00000000      0x478
 *(.debug_aranges)
 .debug_aranges
                0x00000000       0x28 ../isr_final_demo_bsp//obj/HAL/src/crt0.o
 .debug_aranges
                0x00000028       0x20 obj/default/hello_world.o
 .debug_aranges
                0x00000048       0x20 ../isr_final_demo_bsp/\libhal_bsp.a(alt_irq_register.o)
 .debug_aranges
                0x00000068       0x20 ../isr_final_demo_bsp/\libhal_bsp.a(alt_load.o)
 .debug_aranges
                0x00000088       0x20 ../isr_final_demo_bsp/\libhal_bsp.a(alt_main.o)
 .debug_aranges
                0x000000a8       0x20 ../isr_final_demo_bsp/\libhal_bsp.a(alt_sys_init.o)
 .debug_aranges
                0x000000c8       0x20 ../isr_final_demo_bsp/\libhal_bsp.a(altera_avalon_jtag_uart_fd.o)
 .debug_aranges
                0x000000e8       0x20 ../isr_final_demo_bsp/\libhal_bsp.a(altera_avalon_jtag_uart_read.o)
 .debug_aranges
                0x00000108       0x20 ../isr_final_demo_bsp/\libhal_bsp.a(altera_avalon_jtag_uart_write.o)
 .debug_aranges
                0x00000128       0x20 ../isr_final_demo_bsp/\libhal_bsp.a(altera_avalon_timer_sc.o)
 .debug_aranges
                0x00000148       0x20 ../isr_final_demo_bsp/\libhal_bsp.a(alt_close.o)
 .debug_aranges
                0x00000168       0x20 ../isr_final_demo_bsp/\libhal_bsp.a(alt_dcache_flush_all.o)
 .debug_aranges
                0x00000188       0x20 ../isr_final_demo_bsp/\libhal_bsp.a(alt_dev.o)
 .debug_aranges
                0x000001a8       0x20 ../isr_final_demo_bsp/\libhal_bsp.a(alt_dev_llist_insert.o)
 .debug_aranges
                0x000001c8       0x20 ../isr_final_demo_bsp/\libhal_bsp.a(alt_icache_flush_all.o)
 .debug_aranges
                0x000001e8       0x20 ../isr_final_demo_bsp/\libhal_bsp.a(alt_iic.o)
 .debug_aranges
                0x00000208       0x20 ../isr_final_demo_bsp/\libhal_bsp.a(alt_iic_isr_register.o)
 .debug_aranges
                0x00000228       0x20 ../isr_final_demo_bsp/\libhal_bsp.a(alt_io_redirect.o)
 .debug_aranges
                0x00000248       0x30 ../isr_final_demo_bsp/\libhal_bsp.a(alt_irq_entry.o)
 .debug_aranges
                0x00000278       0x28 ../isr_final_demo_bsp/\libhal_bsp.a(alt_irq_handler.o)
 .debug_aranges
                0x000002a0       0x20 ../isr_final_demo_bsp/\libhal_bsp.a(alt_open.o)
 .debug_aranges
                0x000002c0       0x20 ../isr_final_demo_bsp/\libhal_bsp.a(alt_release_fd.o)
 .debug_aranges
                0x000002e0       0x20 ../isr_final_demo_bsp/\libhal_bsp.a(alt_tick.o)
 .debug_aranges
                0x00000300       0x20 ../isr_final_demo_bsp/\libhal_bsp.a(altera_nios2_qsys_irq.o)
 .debug_aranges
                0x00000320       0x38 ../isr_final_demo_bsp/\libhal_bsp.a(alt_exception_entry.o)
 .debug_aranges
                0x00000358       0x20 ../isr_final_demo_bsp/\libhal_bsp.a(alt_find_dev.o)
 .debug_aranges
                0x00000378       0x20 ../isr_final_demo_bsp/\libhal_bsp.a(alt_find_file.o)
 .debug_aranges
                0x00000398       0x20 ../isr_final_demo_bsp/\libhal_bsp.a(alt_get_fd.o)
 .debug_aranges
                0x000003b8       0x20 ../isr_final_demo_bsp/\libhal_bsp.a(alt_icache_flush.o)
 .debug_aranges
                0x000003d8       0x20 c:/altera/13.0/nios2eds/bin/gnu/h-i686-mingw32/bin/../lib/gcc/nios2-elf/4.1.2/../../../../nios2-elf/lib\libsmallc.a(lib_a-exit.o)
 .debug_aranges
                0x000003f8       0x20 c:/altera/13.0/nios2eds/bin/gnu/h-i686-mingw32/bin/../lib/gcc/nios2-elf/4.1.2/../../../../nios2-elf/lib\libsmallc.a(lib_a-memcmp.o)
 .debug_aranges
                0x00000418       0x20 c:/altera/13.0/nios2eds/bin/gnu/h-i686-mingw32/bin/../lib/gcc/nios2-elf/4.1.2/../../../../nios2-elf/lib\libsmallc.a(lib_a-strlen.o)
 .debug_aranges
                0x00000438       0x20 c:/altera/13.0/nios2eds/bin/gnu/h-i686-mingw32/bin/../lib/gcc/nios2-elf/4.1.2/../../../../nios2-elf/lib\libsmallc.a(lib_a-__call_atexit.o)
 .debug_aranges
                0x00000458       0x20 ../isr_final_demo_bsp/\libhal_bsp.a(alt_exit.o)

.debug_pubnames
                0x00000000      0x6b5
 *(.debug_pubnames)
 .debug_pubnames
                0x00000000       0x63 obj/default/hello_world.o
 .debug_pubnames
                0x00000063       0x27 ../isr_final_demo_bsp/\libhal_bsp.a(alt_irq_register.o)
 .debug_pubnames
                0x0000008a       0x3b ../isr_final_demo_bsp/\libhal_bsp.a(alt_irq_vars.o)
 .debug_pubnames
                0x000000c5       0x1f ../isr_final_demo_bsp/\libhal_bsp.a(alt_load.o)
 .debug_pubnames
                0x000000e4       0x46 ../isr_final_demo_bsp/\libhal_bsp.a(alt_main.o)
 .debug_pubnames
                0x0000012a       0x34 ../isr_final_demo_bsp/\libhal_bsp.a(alt_sys_init.o)
 .debug_pubnames
                0x0000015e       0x5b ../isr_final_demo_bsp/\libhal_bsp.a(altera_avalon_jtag_uart_fd.o)
 .debug_pubnames
                0x000001b9       0x33 ../isr_final_demo_bsp/\libhal_bsp.a(altera_avalon_jtag_uart_read.o)
 .debug_pubnames
                0x000001ec       0x34 ../isr_final_demo_bsp/\libhal_bsp.a(altera_avalon_jtag_uart_write.o)
 .debug_pubnames
                0x00000220       0x2f ../isr_final_demo_bsp/\libhal_bsp.a(altera_avalon_timer_sc.o)
 .debug_pubnames
                0x0000024f       0x1c ../isr_final_demo_bsp/\libhal_bsp.a(alt_close.o)
 .debug_pubnames
                0x0000026b       0x2b ../isr_final_demo_bsp/\libhal_bsp.a(alt_dcache_flush_all.o)
 .debug_pubnames
                0x00000296       0x63 ../isr_final_demo_bsp/\libhal_bsp.a(alt_dev.o)
 .debug_pubnames
                0x000002f9       0x2b ../isr_final_demo_bsp/\libhal_bsp.a(alt_dev_llist_insert.o)
 .debug_pubnames
                0x00000324       0x20 ../isr_final_demo_bsp/\libhal_bsp.a(alt_errno.o)
 .debug_pubnames
                0x00000344       0x2b ../isr_final_demo_bsp/\libhal_bsp.a(alt_icache_flush_all.o)
 .debug_pubnames
                0x0000036f       0x6e ../isr_final_demo_bsp/\libhal_bsp.a(alt_iic.o)
 .debug_pubnames
                0x000003dd       0x2b ../isr_final_demo_bsp/\libhal_bsp.a(alt_iic_isr_register.o)
 .debug_pubnames
                0x00000408       0x26 ../isr_final_demo_bsp/\libhal_bsp.a(alt_io_redirect.o)
 .debug_pubnames
                0x0000042e       0x32 ../isr_final_demo_bsp/\libhal_bsp.a(alt_irq_handler.o)
 .debug_pubnames
                0x00000460       0x1b ../isr_final_demo_bsp/\libhal_bsp.a(alt_open.o)
 .debug_pubnames
                0x0000047b       0x25 ../isr_final_demo_bsp/\libhal_bsp.a(alt_release_fd.o)
 .debug_pubnames
                0x000004a0       0x68 ../isr_final_demo_bsp/\libhal_bsp.a(alt_tick.o)
 .debug_pubnames
                0x00000508       0x31 ../isr_final_demo_bsp/\libhal_bsp.a(altera_nios2_qsys_irq.o)
 .debug_pubnames
                0x00000539       0x23 ../isr_final_demo_bsp/\libhal_bsp.a(alt_find_dev.o)
 .debug_pubnames
                0x0000055c       0x24 ../isr_final_demo_bsp/\libhal_bsp.a(alt_find_file.o)
 .debug_pubnames
                0x00000580       0x21 ../isr_final_demo_bsp/\libhal_bsp.a(alt_get_fd.o)
 .debug_pubnames
                0x000005a1       0x27 ../isr_final_demo_bsp/\libhal_bsp.a(alt_icache_flush.o)
 .debug_pubnames
                0x000005c8       0x1b c:/altera/13.0/nios2eds/bin/gnu/h-i686-mingw32/bin/../lib/gcc/nios2-elf/4.1.2/../../../../nios2-elf/lib\libsmallc.a(lib_a-exit.o)
 .debug_pubnames
                0x000005e3       0x1c c:/altera/13.0/nios2eds/bin/gnu/h-i686-mingw32/bin/../lib/gcc/nios2-elf/4.1.2/../../../../nios2-elf/lib\libsmallc.a(lib_a-int_errno.o)
 .debug_pubnames
                0x000005ff       0x1d c:/altera/13.0/nios2eds/bin/gnu/h-i686-mingw32/bin/../lib/gcc/nios2-elf/4.1.2/../../../../nios2-elf/lib\libsmallc.a(lib_a-memcmp.o)
 .debug_pubnames
                0x0000061c       0x1d c:/altera/13.0/nios2eds/bin/gnu/h-i686-mingw32/bin/../lib/gcc/nios2-elf/4.1.2/../../../../nios2-elf/lib\libsmallc.a(lib_a-strlen.o)
 .debug_pubnames
                0x00000639       0x27 c:/altera/13.0/nios2eds/bin/gnu/h-i686-mingw32/bin/../lib/gcc/nios2-elf/4.1.2/../../../../nios2-elf/lib\libsmallc.a(lib_a-__call_atexit.o)
 .debug_pubnames
                0x00000660       0x39 c:/altera/13.0/nios2eds/bin/gnu/h-i686-mingw32/bin/../lib/gcc/nios2-elf/4.1.2/../../../../nios2-elf/lib\libsmallc.a(lib_a-impure.o)
 .debug_pubnames
                0x00000699       0x1c ../isr_final_demo_bsp/\libhal_bsp.a(alt_exit.o)

.debug_info     0x00000000     0x7147
 *(.debug_info .gnu.linkonce.wi.*)
 .debug_info    0x00000000       0x68 ../isr_final_demo_bsp//obj/HAL/src/crt0.o
 .debug_info    0x00000068      0x243 obj/default/hello_world.o
 .debug_info    0x000002ab      0x417 ../isr_final_demo_bsp/\libhal_bsp.a(alt_irq_register.o)
 .debug_info    0x000006c2      0x154 ../isr_final_demo_bsp/\libhal_bsp.a(alt_irq_vars.o)
 .debug_info    0x00000816      0x27a ../isr_final_demo_bsp/\libhal_bsp.a(alt_load.o)
 .debug_info    0x00000a90      0x212 ../isr_final_demo_bsp/\libhal_bsp.a(alt_main.o)
 .debug_info    0x00000ca2      0x5ae ../isr_final_demo_bsp/\libhal_bsp.a(alt_sys_init.o)
 .debug_info    0x00001250      0x5a6 ../isr_final_demo_bsp/\libhal_bsp.a(altera_avalon_jtag_uart_fd.o)
 .debug_info    0x000017f6      0x2f6 ../isr_final_demo_bsp/\libhal_bsp.a(altera_avalon_jtag_uart_read.o)
 .debug_info    0x00001aec      0x2d3 ../isr_final_demo_bsp/\libhal_bsp.a(altera_avalon_jtag_uart_write.o)
 .debug_info    0x00001dbf      0x378 ../isr_final_demo_bsp/\libhal_bsp.a(altera_avalon_timer_sc.o)
 .debug_info    0x00002137      0x454 ../isr_final_demo_bsp/\libhal_bsp.a(alt_close.o)
 .debug_info    0x0000258b      0x149 ../isr_final_demo_bsp/\libhal_bsp.a(alt_dcache_flush_all.o)
 .debug_info    0x000026d4      0x66c ../isr_final_demo_bsp/\libhal_bsp.a(alt_dev.o)
 .debug_info    0x00002d40      0x2a4 ../isr_final_demo_bsp/\libhal_bsp.a(alt_dev_llist_insert.o)
 .debug_info    0x00002fe4      0x151 ../isr_final_demo_bsp/\libhal_bsp.a(alt_errno.o)
 .debug_info    0x00003135      0x149 ../isr_final_demo_bsp/\libhal_bsp.a(alt_icache_flush_all.o)
 .debug_info    0x0000327e      0x480 ../isr_final_demo_bsp/\libhal_bsp.a(alt_iic.o)
 .debug_info    0x000036fe      0x301 ../isr_final_demo_bsp/\libhal_bsp.a(alt_iic_isr_register.o)
 .debug_info    0x000039ff      0x682 ../isr_final_demo_bsp/\libhal_bsp.a(alt_io_redirect.o)
 .debug_info    0x00004081       0x71 ../isr_final_demo_bsp/\libhal_bsp.a(alt_irq_entry.o)
 .debug_info    0x000040f2      0x262 ../isr_final_demo_bsp/\libhal_bsp.a(alt_irq_handler.o)
 .debug_info    0x00004354      0x512 ../isr_final_demo_bsp/\libhal_bsp.a(alt_open.o)
 .debug_info    0x00004866      0x3df ../isr_final_demo_bsp/\libhal_bsp.a(alt_release_fd.o)
 .debug_info    0x00004c45      0x3eb ../isr_final_demo_bsp/\libhal_bsp.a(alt_tick.o)
 .debug_info    0x00005030      0x150 ../isr_final_demo_bsp/\libhal_bsp.a(altera_nios2_qsys_irq.o)
 .debug_info    0x00005180       0x77 ../isr_final_demo_bsp/\libhal_bsp.a(alt_exception_entry.o)
 .debug_info    0x000051f7      0x405 ../isr_final_demo_bsp/\libhal_bsp.a(alt_find_dev.o)
 .debug_info    0x000055fc      0x40c ../isr_final_demo_bsp/\libhal_bsp.a(alt_find_file.o)
 .debug_info    0x00005a08      0x44d ../isr_final_demo_bsp/\libhal_bsp.a(alt_get_fd.o)
 .debug_info    0x00005e55      0x191 ../isr_final_demo_bsp/\libhal_bsp.a(alt_icache_flush.o)
 .debug_info    0x00005fe6       0x9f c:/altera/13.0/nios2eds/bin/gnu/h-i686-mingw32/bin/../lib/gcc/nios2-elf/4.1.2/../../../../nios2-elf/lib\libsmallc.a(lib_a-exit.o)
 .debug_info    0x00006085       0x8c c:/altera/13.0/nios2eds/bin/gnu/h-i686-mingw32/bin/../lib/gcc/nios2-elf/4.1.2/../../../../nios2-elf/lib\libsmallc.a(lib_a-int_errno.o)
 .debug_info    0x00006111       0xef c:/altera/13.0/nios2eds/bin/gnu/h-i686-mingw32/bin/../lib/gcc/nios2-elf/4.1.2/../../../../nios2-elf/lib\libsmallc.a(lib_a-memcmp.o)
 .debug_info    0x00006200       0xc2 c:/altera/13.0/nios2eds/bin/gnu/h-i686-mingw32/bin/../lib/gcc/nios2-elf/4.1.2/../../../../nios2-elf/lib\libsmallc.a(lib_a-strlen.o)
 .debug_info    0x000062c2      0x6d5 c:/altera/13.0/nios2eds/bin/gnu/h-i686-mingw32/bin/../lib/gcc/nios2-elf/4.1.2/../../../../nios2-elf/lib\libsmallc.a(lib_a-__call_atexit.o)
 .debug_info    0x00006997      0x636 c:/altera/13.0/nios2eds/bin/gnu/h-i686-mingw32/bin/../lib/gcc/nios2-elf/4.1.2/../../../../nios2-elf/lib\libsmallc.a(lib_a-impure.o)
 .debug_info    0x00006fcd      0x17a ../isr_final_demo_bsp/\libhal_bsp.a(alt_exit.o)

.debug_abbrev   0x00000000     0x1bdb
 *(.debug_abbrev)
 .debug_abbrev  0x00000000       0x12 ../isr_final_demo_bsp//obj/HAL/src/crt0.o
 .debug_abbrev  0x00000012       0x98 obj/default/hello_world.o
 .debug_abbrev  0x000000aa      0x180 ../isr_final_demo_bsp/\libhal_bsp.a(alt_irq_register.o)
 .debug_abbrev  0x0000022a       0x44 ../isr_final_demo_bsp/\libhal_bsp.a(alt_irq_vars.o)
 .debug_abbrev  0x0000026e       0x88 ../isr_final_demo_bsp/\libhal_bsp.a(alt_load.o)
 .debug_abbrev  0x000002f6       0xb7 ../isr_final_demo_bsp/\libhal_bsp.a(alt_main.o)
 .debug_abbrev  0x000003ad      0x121 ../isr_final_demo_bsp/\libhal_bsp.a(alt_sys_init.o)
 .debug_abbrev  0x000004ce       0xcb ../isr_final_demo_bsp/\libhal_bsp.a(altera_avalon_jtag_uart_fd.o)
 .debug_abbrev  0x00000599       0xb6 ../isr_final_demo_bsp/\libhal_bsp.a(altera_avalon_jtag_uart_read.o)
 .debug_abbrev  0x0000064f       0xb4 ../isr_final_demo_bsp/\libhal_bsp.a(altera_avalon_jtag_uart_write.o)
 .debug_abbrev  0x00000703      0x137 ../isr_final_demo_bsp/\libhal_bsp.a(altera_avalon_timer_sc.o)
 .debug_abbrev  0x0000083a       0xfb ../isr_final_demo_bsp/\libhal_bsp.a(alt_close.o)
 .debug_abbrev  0x00000935       0x3f ../isr_final_demo_bsp/\libhal_bsp.a(alt_dcache_flush_all.o)
 .debug_abbrev  0x00000974       0xc7 ../isr_final_demo_bsp/\libhal_bsp.a(alt_dev.o)
 .debug_abbrev  0x00000a3b       0xf6 ../isr_final_demo_bsp/\libhal_bsp.a(alt_dev_llist_insert.o)
 .debug_abbrev  0x00000b31       0x5e ../isr_final_demo_bsp/\libhal_bsp.a(alt_errno.o)
 .debug_abbrev  0x00000b8f       0x3f ../isr_final_demo_bsp/\libhal_bsp.a(alt_icache_flush_all.o)
 .debug_abbrev  0x00000bce      0x134 ../isr_final_demo_bsp/\libhal_bsp.a(alt_iic.o)
 .debug_abbrev  0x00000d02      0x14e ../isr_final_demo_bsp/\libhal_bsp.a(alt_iic_isr_register.o)
 .debug_abbrev  0x00000e50       0xf0 ../isr_final_demo_bsp/\libhal_bsp.a(alt_io_redirect.o)
 .debug_abbrev  0x00000f40       0x12 ../isr_final_demo_bsp/\libhal_bsp.a(alt_irq_entry.o)
 .debug_abbrev  0x00000f52      0x10c ../isr_final_demo_bsp/\libhal_bsp.a(alt_irq_handler.o)
 .debug_abbrev  0x0000105e      0x112 ../isr_final_demo_bsp/\libhal_bsp.a(alt_open.o)
 .debug_abbrev  0x00001170       0xc1 ../isr_final_demo_bsp/\libhal_bsp.a(alt_release_fd.o)
 .debug_abbrev  0x00001231      0x150 ../isr_final_demo_bsp/\libhal_bsp.a(alt_tick.o)
 .debug_abbrev  0x00001381       0x3f ../isr_final_demo_bsp/\libhal_bsp.a(altera_nios2_qsys_irq.o)
 .debug_abbrev  0x000013c0       0x12 ../isr_final_demo_bsp/\libhal_bsp.a(alt_exception_entry.o)
 .debug_abbrev  0x000013d2       0xcf ../isr_final_demo_bsp/\libhal_bsp.a(alt_find_dev.o)
 .debug_abbrev  0x000014a1       0xcf ../isr_final_demo_bsp/\libhal_bsp.a(alt_find_file.o)
 .debug_abbrev  0x00001570       0xfb ../isr_final_demo_bsp/\libhal_bsp.a(alt_get_fd.o)
 .debug_abbrev  0x0000166b       0x7a ../isr_final_demo_bsp/\libhal_bsp.a(alt_icache_flush.o)
 .debug_abbrev  0x000016e5       0x4e c:/altera/13.0/nios2eds/bin/gnu/h-i686-mingw32/bin/../lib/gcc/nios2-elf/4.1.2/../../../../nios2-elf/lib\libsmallc.a(lib_a-exit.o)
 .debug_abbrev  0x00001733       0x3b c:/altera/13.0/nios2eds/bin/gnu/h-i686-mingw32/bin/../lib/gcc/nios2-elf/4.1.2/../../../../nios2-elf/lib\libsmallc.a(lib_a-int_errno.o)
 .debug_abbrev  0x0000176e       0x7c c:/altera/13.0/nios2eds/bin/gnu/h-i686-mingw32/bin/../lib/gcc/nios2-elf/4.1.2/../../../../nios2-elf/lib\libsmallc.a(lib_a-memcmp.o)
 .debug_abbrev  0x000017ea       0x7a c:/altera/13.0/nios2eds/bin/gnu/h-i686-mingw32/bin/../lib/gcc/nios2-elf/4.1.2/../../../../nios2-elf/lib\libsmallc.a(lib_a-strlen.o)
 .debug_abbrev  0x00001864      0x1c6 c:/altera/13.0/nios2eds/bin/gnu/h-i686-mingw32/bin/../lib/gcc/nios2-elf/4.1.2/../../../../nios2-elf/lib\libsmallc.a(lib_a-__call_atexit.o)
 .debug_abbrev  0x00001a2a      0x13f c:/altera/13.0/nios2eds/bin/gnu/h-i686-mingw32/bin/../lib/gcc/nios2-elf/4.1.2/../../../../nios2-elf/lib\libsmallc.a(lib_a-impure.o)
 .debug_abbrev  0x00001b69       0x72 ../isr_final_demo_bsp/\libhal_bsp.a(alt_exit.o)

.debug_line     0x00000000     0x532a
 *(.debug_line)
 .debug_line    0x00000000       0x6c ../isr_final_demo_bsp//obj/HAL/src/crt0.o
 .debug_line    0x0000006c      0x3ca obj/default/hello_world.o
 .debug_line    0x00000436      0x2fd ../isr_final_demo_bsp/\libhal_bsp.a(alt_irq_register.o)
 .debug_line    0x00000733       0x72 ../isr_final_demo_bsp/\libhal_bsp.a(alt_irq_vars.o)
 .debug_line    0x000007a5      0x211 ../isr_final_demo_bsp/\libhal_bsp.a(alt_load.o)
 .debug_line    0x000009b6      0x2b4 ../isr_final_demo_bsp/\libhal_bsp.a(alt_main.o)
 .debug_line    0x00000c6a      0x2c1 ../isr_final_demo_bsp/\libhal_bsp.a(alt_sys_init.o)
 .debug_line    0x00000f2b      0x1d4 ../isr_final_demo_bsp/\libhal_bsp.a(altera_avalon_jtag_uart_fd.o)
 .debug_line    0x000010ff      0x33d ../isr_final_demo_bsp/\libhal_bsp.a(altera_avalon_jtag_uart_read.o)
 .debug_line    0x0000143c      0x2fe ../isr_final_demo_bsp/\libhal_bsp.a(altera_avalon_jtag_uart_write.o)
 .debug_line    0x0000173a      0x2ad ../isr_final_demo_bsp/\libhal_bsp.a(altera_avalon_timer_sc.o)
 .debug_line    0x000019e7      0x293 ../isr_final_demo_bsp/\libhal_bsp.a(alt_close.o)
 .debug_line    0x00001c7a      0x1af ../isr_final_demo_bsp/\libhal_bsp.a(alt_dcache_flush_all.o)
 .debug_line    0x00001e29      0x24e ../isr_final_demo_bsp/\libhal_bsp.a(alt_dev.o)
 .debug_line    0x00002077      0x254 ../isr_final_demo_bsp/\libhal_bsp.a(alt_dev_llist_insert.o)
 .debug_line    0x000022cb      0x1a4 ../isr_final_demo_bsp/\libhal_bsp.a(alt_errno.o)
 .debug_line    0x0000246f      0x1b7 ../isr_final_demo_bsp/\libhal_bsp.a(alt_icache_flush_all.o)
 .debug_line    0x00002626      0x2c2 ../isr_final_demo_bsp/\libhal_bsp.a(alt_iic.o)
 .debug_line    0x000028e8      0x243 ../isr_final_demo_bsp/\libhal_bsp.a(alt_iic_isr_register.o)
 .debug_line    0x00002b2b      0x2ae ../isr_final_demo_bsp/\libhal_bsp.a(alt_io_redirect.o)
 .debug_line    0x00002dd9       0x6b ../isr_final_demo_bsp/\libhal_bsp.a(alt_irq_entry.o)
 .debug_line    0x00002e44      0x242 ../isr_final_demo_bsp/\libhal_bsp.a(alt_irq_handler.o)
 .debug_line    0x00003086      0x2f9 ../isr_final_demo_bsp/\libhal_bsp.a(alt_open.o)
 .debug_line    0x0000337f       0xed ../isr_final_demo_bsp/\libhal_bsp.a(alt_release_fd.o)
 .debug_line    0x0000346c      0x2d6 ../isr_final_demo_bsp/\libhal_bsp.a(alt_tick.o)
 .debug_line    0x00003742      0x1c8 ../isr_final_demo_bsp/\libhal_bsp.a(altera_nios2_qsys_irq.o)
 .debug_line    0x0000390a       0xab ../isr_final_demo_bsp/\libhal_bsp.a(alt_exception_entry.o)
 .debug_line    0x000039b5      0x265 ../isr_final_demo_bsp/\libhal_bsp.a(alt_find_dev.o)
 .debug_line    0x00003c1a      0x276 ../isr_final_demo_bsp/\libhal_bsp.a(alt_find_file.o)
 .debug_line    0x00003e90      0x291 ../isr_final_demo_bsp/\libhal_bsp.a(alt_get_fd.o)
 .debug_line    0x00004121      0x1f3 ../isr_final_demo_bsp/\libhal_bsp.a(alt_icache_flush.o)
 .debug_line    0x00004314      0x21a c:/altera/13.0/nios2eds/bin/gnu/h-i686-mingw32/bin/../lib/gcc/nios2-elf/4.1.2/../../../../nios2-elf/lib\libsmallc.a(lib_a-exit.o)
 .debug_line    0x0000452e      0x1d9 c:/altera/13.0/nios2eds/bin/gnu/h-i686-mingw32/bin/../lib/gcc/nios2-elf/4.1.2/../../../../nios2-elf/lib\libsmallc.a(lib_a-int_errno.o)
 .debug_line    0x00004707      0x264 c:/altera/13.0/nios2eds/bin/gnu/h-i686-mingw32/bin/../lib/gcc/nios2-elf/4.1.2/../../../../nios2-elf/lib\libsmallc.a(lib_a-memcmp.o)
 .debug_line    0x0000496b      0x244 c:/altera/13.0/nios2eds/bin/gnu/h-i686-mingw32/bin/../lib/gcc/nios2-elf/4.1.2/../../../../nios2-elf/lib\libsmallc.a(lib_a-strlen.o)
 .debug_line    0x00004baf      0x357 c:/altera/13.0/nios2eds/bin/gnu/h-i686-mingw32/bin/../lib/gcc/nios2-elf/4.1.2/../../../../nios2-elf/lib\libsmallc.a(lib_a-__call_atexit.o)
 .debug_line    0x00004f06      0x224 c:/altera/13.0/nios2eds/bin/gnu/h-i686-mingw32/bin/../lib/gcc/nios2-elf/4.1.2/../../../../nios2-elf/lib\libsmallc.a(lib_a-impure.o)
 .debug_line    0x0000512a      0x200 ../isr_final_demo_bsp/\libhal_bsp.a(alt_exit.o)

.debug_frame    0x00000000      0x770
 *(.debug_frame)
 .debug_frame   0x00000000       0x9c obj/default/hello_world.o
 .debug_frame   0x0000009c       0x2c ../isr_final_demo_bsp/\libhal_bsp.a(alt_irq_register.o)
 .debug_frame   0x000000c8       0x48 ../isr_final_demo_bsp/\libhal_bsp.a(alt_load.o)
 .debug_frame   0x00000110       0x2c ../isr_final_demo_bsp/\libhal_bsp.a(alt_main.o)
 .debug_frame   0x0000013c       0x64 ../isr_final_demo_bsp/\libhal_bsp.a(alt_sys_init.o)
 .debug_frame   0x000001a0       0x48 ../isr_final_demo_bsp/\libhal_bsp.a(altera_avalon_jtag_uart_fd.o)
 .debug_frame   0x000001e8       0x2c ../isr_final_demo_bsp/\libhal_bsp.a(altera_avalon_jtag_uart_read.o)
 .debug_frame   0x00000214       0x2c ../isr_final_demo_bsp/\libhal_bsp.a(altera_avalon_jtag_uart_write.o)
 .debug_frame   0x00000240       0x48 ../isr_final_demo_bsp/\libhal_bsp.a(altera_avalon_timer_sc.o)
 .debug_frame   0x00000288       0x48 ../isr_final_demo_bsp/\libhal_bsp.a(alt_close.o)
 .debug_frame   0x000002d0       0x2c ../isr_final_demo_bsp/\libhal_bsp.a(alt_dcache_flush_all.o)
 .debug_frame   0x000002fc       0x2c ../isr_final_demo_bsp/\libhal_bsp.a(alt_dev.o)
 .debug_frame   0x00000328       0x48 ../isr_final_demo_bsp/\libhal_bsp.a(alt_dev_llist_insert.o)
 .debug_frame   0x00000370       0x2c ../isr_final_demo_bsp/\libhal_bsp.a(alt_icache_flush_all.o)
 .debug_frame   0x0000039c       0x80 ../isr_final_demo_bsp/\libhal_bsp.a(alt_iic.o)
 .debug_frame   0x0000041c       0x2c ../isr_final_demo_bsp/\libhal_bsp.a(alt_iic_isr_register.o)
 .debug_frame   0x00000448       0x48 ../isr_final_demo_bsp/\libhal_bsp.a(alt_io_redirect.o)
 .debug_frame   0x00000490       0x2c ../isr_final_demo_bsp/\libhal_bsp.a(alt_irq_handler.o)
 .debug_frame   0x000004bc       0x64 ../isr_final_demo_bsp/\libhal_bsp.a(alt_open.o)
 .debug_frame   0x00000520       0x2c ../isr_final_demo_bsp/\libhal_bsp.a(alt_release_fd.o)
 .debug_frame   0x0000054c       0x48 ../isr_final_demo_bsp/\libhal_bsp.a(alt_tick.o)
 .debug_frame   0x00000594       0x2c ../isr_final_demo_bsp/\libhal_bsp.a(altera_nios2_qsys_irq.o)
 .debug_frame   0x000005c0       0x2c ../isr_final_demo_bsp/\libhal_bsp.a(alt_find_dev.o)
 .debug_frame   0x000005ec       0x2c ../isr_final_demo_bsp/\libhal_bsp.a(alt_find_file.o)
 .debug_frame   0x00000618       0x2c ../isr_final_demo_bsp/\libhal_bsp.a(alt_get_fd.o)
 .debug_frame   0x00000644       0x2c ../isr_final_demo_bsp/\libhal_bsp.a(alt_icache_flush.o)
 .debug_frame   0x00000670       0x2c c:/altera/13.0/nios2eds/bin/gnu/h-i686-mingw32/bin/../lib/gcc/nios2-elf/4.1.2/../../../../nios2-elf/lib\libsmallc.a(lib_a-exit.o)
 .debug_frame   0x0000069c       0x20 c:/altera/13.0/nios2eds/bin/gnu/h-i686-mingw32/bin/../lib/gcc/nios2-elf/4.1.2/../../../../nios2-elf/lib\libsmallc.a(lib_a-memcmp.o)
 .debug_frame   0x000006bc       0x20 c:/altera/13.0/nios2eds/bin/gnu/h-i686-mingw32/bin/../lib/gcc/nios2-elf/4.1.2/../../../../nios2-elf/lib\libsmallc.a(lib_a-strlen.o)
 .debug_frame   0x000006dc       0x4c c:/altera/13.0/nios2eds/bin/gnu/h-i686-mingw32/bin/../lib/gcc/nios2-elf/4.1.2/../../../../nios2-elf/lib\libsmallc.a(lib_a-__call_atexit.o)
 .debug_frame   0x00000728       0x48 ../isr_final_demo_bsp/\libhal_bsp.a(alt_exit.o)

.debug_str      0x00000000      0x89f
 *(.debug_str)
 .debug_str     0x00000000       0x1b obj/default/hello_world.o
 .debug_str     0x0000001b       0x21 ../isr_final_demo_bsp/\libhal_bsp.a(alt_irq_register.o)
 .debug_str     0x0000003c       0x12 ../isr_final_demo_bsp/\libhal_bsp.a(alt_load.o)
 .debug_str     0x0000004e       0x12 ../isr_final_demo_bsp/\libhal_bsp.a(alt_main.o)
 .debug_str     0x00000060       0x12 ../isr_final_demo_bsp/\libhal_bsp.a(alt_sys_init.o)
 .debug_str     0x00000072       0x12 ../isr_final_demo_bsp/\libhal_bsp.a(altera_avalon_jtag_uart_read.o)
 .debug_str     0x00000084       0x12 ../isr_final_demo_bsp/\libhal_bsp.a(altera_avalon_jtag_uart_write.o)
 .debug_str     0x00000096       0x12 ../isr_final_demo_bsp/\libhal_bsp.a(altera_avalon_timer_sc.o)
 .debug_str     0x000000a8       0x12 ../isr_final_demo_bsp/\libhal_bsp.a(alt_close.o)
 .debug_str     0x000000ba       0x12 ../isr_final_demo_bsp/\libhal_bsp.a(alt_dcache_flush_all.o)
 .debug_str     0x000000cc       0x12 ../isr_final_demo_bsp/\libhal_bsp.a(alt_dev.o)
 .debug_str     0x000000de       0x12 ../isr_final_demo_bsp/\libhal_bsp.a(alt_dev_llist_insert.o)
 .debug_str     0x000000f0       0x12 ../isr_final_demo_bsp/\libhal_bsp.a(alt_errno.o)
 .debug_str     0x00000102       0x12 ../isr_final_demo_bsp/\libhal_bsp.a(alt_icache_flush_all.o)
 .debug_str     0x00000114       0x18 ../isr_final_demo_bsp/\libhal_bsp.a(alt_iic.o)
 .debug_str     0x0000012c       0x1a ../isr_final_demo_bsp/\libhal_bsp.a(alt_iic_isr_register.o)
 .debug_str     0x00000146       0x12 ../isr_final_demo_bsp/\libhal_bsp.a(alt_io_redirect.o)
 .debug_str     0x00000158       0x12 ../isr_final_demo_bsp/\libhal_bsp.a(alt_irq_handler.o)
 .debug_str     0x0000016a       0x12 ../isr_final_demo_bsp/\libhal_bsp.a(alt_open.o)
 .debug_str     0x0000017c       0x1a ../isr_final_demo_bsp/\libhal_bsp.a(alt_tick.o)
 .debug_str     0x00000196       0x12 ../isr_final_demo_bsp/\libhal_bsp.a(altera_nios2_qsys_irq.o)
 .debug_str     0x000001a8       0x12 ../isr_final_demo_bsp/\libhal_bsp.a(alt_find_dev.o)
 .debug_str     0x000001ba       0x12 ../isr_final_demo_bsp/\libhal_bsp.a(alt_find_file.o)
 .debug_str     0x000001cc       0x12 ../isr_final_demo_bsp/\libhal_bsp.a(alt_get_fd.o)
 .debug_str     0x000001de       0x12 ../isr_final_demo_bsp/\libhal_bsp.a(alt_icache_flush.o)
 .debug_str     0x000001f0      0x129 c:/altera/13.0/nios2eds/bin/gnu/h-i686-mingw32/bin/../lib/gcc/nios2-elf/4.1.2/../../../../nios2-elf/lib\libsmallc.a(lib_a-exit.o)
                                0x167 (size before relaxing)
 .debug_str     0x00000319       0xcb c:/altera/13.0/nios2eds/bin/gnu/h-i686-mingw32/bin/../lib/gcc/nios2-elf/4.1.2/../../../../nios2-elf/lib\libsmallc.a(lib_a-int_errno.o)
                                0x166 (size before relaxing)
 .debug_str     0x000003e4       0xd8 c:/altera/13.0/nios2eds/bin/gnu/h-i686-mingw32/bin/../lib/gcc/nios2-elf/4.1.2/../../../../nios2-elf/lib\libsmallc.a(lib_a-memcmp.o)
                                0x16d (size before relaxing)
 .debug_str     0x000004bc       0x42 c:/altera/13.0/nios2eds/bin/gnu/h-i686-mingw32/bin/../lib/gcc/nios2-elf/4.1.2/../../../../nios2-elf/lib\libsmallc.a(lib_a-strlen.o)
                                0x173 (size before relaxing)
 .debug_str     0x000004fe      0x33f c:/altera/13.0/nios2eds/bin/gnu/h-i686-mingw32/bin/../lib/gcc/nios2-elf/4.1.2/../../../../nios2-elf/lib\libsmallc.a(lib_a-__call_atexit.o)
                                0x480 (size before relaxing)
 .debug_str     0x0000083d       0x46 c:/altera/13.0/nios2eds/bin/gnu/h-i686-mingw32/bin/../lib/gcc/nios2-elf/4.1.2/../../../../nios2-elf/lib\libsmallc.a(lib_a-impure.o)
                                0x44c (size before relaxing)
 .debug_str     0x00000883       0x1c ../isr_final_demo_bsp/\libhal_bsp.a(alt_exit.o)

.debug_loc      0x00000000      0xa47
 *(.debug_loc)
 .debug_loc     0x00000000       0xd7 obj/default/hello_world.o
 .debug_loc     0x000000d7       0x2c ../isr_final_demo_bsp/\libhal_bsp.a(alt_irq_register.o)
 .debug_loc     0x00000103       0x56 ../isr_final_demo_bsp/\libhal_bsp.a(alt_load.o)
 .debug_loc     0x00000159       0x2b ../isr_final_demo_bsp/\libhal_bsp.a(alt_main.o)
 .debug_loc     0x00000184       0x81 ../isr_final_demo_bsp/\libhal_bsp.a(alt_sys_init.o)
 .debug_loc     0x00000205       0x56 ../isr_final_demo_bsp/\libhal_bsp.a(altera_avalon_jtag_uart_fd.o)
 .debug_loc     0x0000025b       0x2b ../isr_final_demo_bsp/\libhal_bsp.a(altera_avalon_jtag_uart_read.o)
 .debug_loc     0x00000286       0x2b ../isr_final_demo_bsp/\libhal_bsp.a(altera_avalon_jtag_uart_write.o)
 .debug_loc     0x000002b1       0x56 ../isr_final_demo_bsp/\libhal_bsp.a(altera_avalon_timer_sc.o)
 .debug_loc     0x00000307       0x56 ../isr_final_demo_bsp/\libhal_bsp.a(alt_close.o)
 .debug_loc     0x0000035d       0x2b ../isr_final_demo_bsp/\libhal_bsp.a(alt_dcache_flush_all.o)
 .debug_loc     0x00000388       0x2b ../isr_final_demo_bsp/\libhal_bsp.a(alt_dev.o)
 .debug_loc     0x000003b3       0x56 ../isr_final_demo_bsp/\libhal_bsp.a(alt_dev_llist_insert.o)
 .debug_loc     0x00000409       0x2b ../isr_final_demo_bsp/\libhal_bsp.a(alt_icache_flush_all.o)
 .debug_loc     0x00000434       0xac ../isr_final_demo_bsp/\libhal_bsp.a(alt_iic.o)
 .debug_loc     0x000004e0       0x2b ../isr_final_demo_bsp/\libhal_bsp.a(alt_iic_isr_register.o)
 .debug_loc     0x0000050b       0x56 ../isr_final_demo_bsp/\libhal_bsp.a(alt_io_redirect.o)
 .debug_loc     0x00000561       0x2b ../isr_final_demo_bsp/\libhal_bsp.a(alt_irq_handler.o)
 .debug_loc     0x0000058c       0x81 ../isr_final_demo_bsp/\libhal_bsp.a(alt_open.o)
 .debug_loc     0x0000060d       0x2b ../isr_final_demo_bsp/\libhal_bsp.a(alt_release_fd.o)
 .debug_loc     0x00000638       0x56 ../isr_final_demo_bsp/\libhal_bsp.a(alt_tick.o)
 .debug_loc     0x0000068e       0x2b ../isr_final_demo_bsp/\libhal_bsp.a(altera_nios2_qsys_irq.o)
 .debug_loc     0x000006b9       0x2b ../isr_final_demo_bsp/\libhal_bsp.a(alt_find_dev.o)
 .debug_loc     0x000006e4       0x2b ../isr_final_demo_bsp/\libhal_bsp.a(alt_find_file.o)
 .debug_loc     0x0000070f       0x2b ../isr_final_demo_bsp/\libhal_bsp.a(alt_get_fd.o)
 .debug_loc     0x0000073a       0x2b ../isr_final_demo_bsp/\libhal_bsp.a(alt_icache_flush.o)
 .debug_loc     0x00000765       0x3d c:/altera/13.0/nios2eds/bin/gnu/h-i686-mingw32/bin/../lib/gcc/nios2-elf/4.1.2/../../../../nios2-elf/lib\libsmallc.a(lib_a-exit.o)
 .debug_loc     0x000007a2       0x70 c:/altera/13.0/nios2eds/bin/gnu/h-i686-mingw32/bin/../lib/gcc/nios2-elf/4.1.2/../../../../nios2-elf/lib\libsmallc.a(lib_a-memcmp.o)
 .debug_loc     0x00000812       0x1e c:/altera/13.0/nios2eds/bin/gnu/h-i686-mingw32/bin/../lib/gcc/nios2-elf/4.1.2/../../../../nios2-elf/lib\libsmallc.a(lib_a-strlen.o)
 .debug_loc     0x00000830      0x1c1 c:/altera/13.0/nios2eds/bin/gnu/h-i686-mingw32/bin/../lib/gcc/nios2-elf/4.1.2/../../../../nios2-elf/lib\libsmallc.a(lib_a-__call_atexit.o)
 .debug_loc     0x000009f1       0x56 ../isr_final_demo_bsp/\libhal_bsp.a(alt_exit.o)

.debug_macinfo
 *(.debug_macinfo)

.debug_weaknames
 *(.debug_weaknames)

.debug_funcnames
 *(.debug_funcnames)

.debug_typenames
 *(.debug_typenames)

.debug_varnames
 *(.debug_varnames)

.debug_alt_sim_info
                0x00000000       0x20
 *(.debug_alt_sim_info)
 .debug_alt_sim_info
                0x00000000       0x20 ../isr_final_demo_bsp//obj/HAL/src/crt0.o
                0x00085000                __alt_data_end = 0x85000
                0x00085000                PROVIDE (__alt_stack_pointer, __alt_data_end)
                0x00082480                PROVIDE (__alt_stack_limit, __alt_stack_base)
                0x00082480                PROVIDE (__alt_heap_start, end)
                0x00085000                PROVIDE (__alt_heap_limit, 0x85000)
OUTPUT(isr_final_demo.elf elf32-littlenios2)

.debug_ranges   0x00000000       0x90
 .debug_ranges  0x00000000       0x20 ../isr_final_demo_bsp//obj/HAL/src/crt0.o
 .debug_ranges  0x00000020       0x28 ../isr_final_demo_bsp/\libhal_bsp.a(alt_irq_entry.o)
 .debug_ranges  0x00000048       0x30 ../isr_final_demo_bsp/\libhal_bsp.a(alt_exception_entry.o)
 .debug_ranges  0x00000078       0x18 c:/altera/13.0/nios2eds/bin/gnu/h-i686-mingw32/bin/../lib/gcc/nios2-elf/4.1.2/../../../../nios2-elf/lib\libsmallc.a(lib_a-__call_atexit.o)
