Archive member included because of file (symbol)

../nameless_bsp/\libhal_bsp.a(alt_load.o)
                              ../nameless_bsp//obj/HAL/src/crt0.o (alt_load)
../nameless_bsp/\libhal_bsp.a(alt_main.o)
                              ../nameless_bsp//obj/HAL/src/crt0.o (alt_main)
../nameless_bsp/\libhal_bsp.a(alt_sys_init.o)
                              ../nameless_bsp/\libhal_bsp.a(alt_main.o) (alt_irq_init)
../nameless_bsp/\libhal_bsp.a(altera_avalon_jtag_uart_fd.o)
                              ../nameless_bsp/\libhal_bsp.a(alt_sys_init.o) (altera_avalon_jtag_uart_read_fd)
../nameless_bsp/\libhal_bsp.a(altera_avalon_jtag_uart_init.o)
                              ../nameless_bsp/\libhal_bsp.a(alt_sys_init.o) (altera_avalon_jtag_uart_init)
../nameless_bsp/\libhal_bsp.a(altera_avalon_jtag_uart_ioctl.o)
                              ../nameless_bsp/\libhal_bsp.a(altera_avalon_jtag_uart_fd.o) (altera_avalon_jtag_uart_ioctl)
../nameless_bsp/\libhal_bsp.a(altera_avalon_jtag_uart_read.o)
                              ../nameless_bsp/\libhal_bsp.a(altera_avalon_jtag_uart_fd.o) (altera_avalon_jtag_uart_read)
../nameless_bsp/\libhal_bsp.a(altera_avalon_jtag_uart_write.o)
                              ../nameless_bsp/\libhal_bsp.a(altera_avalon_jtag_uart_fd.o) (altera_avalon_jtag_uart_write)
../nameless_bsp/\libhal_bsp.a(altera_avalon_timer_sc.o)
                              ../nameless_bsp/\libhal_bsp.a(alt_sys_init.o) (alt_avalon_timer_sc_init)
../nameless_bsp/\libhal_bsp.a(alt_alarm_start.o)
                              ../nameless_bsp/\libhal_bsp.a(altera_avalon_jtag_uart_init.o) (alt_alarm_start)
../nameless_bsp/\libhal_bsp.a(alt_close.o)
                              ../nameless_bsp/\libhal_bsp.a(alt_main.o) (close)
../nameless_bsp/\libhal_bsp.a(alt_dcache_flush_all.o)
                              ../nameless_bsp/\libhal_bsp.a(alt_load.o) (alt_dcache_flush_all)
../nameless_bsp/\libhal_bsp.a(alt_dev.o)
                              ../nameless_bsp/\libhal_bsp.a(alt_sys_init.o) (alt_dev_list)
../nameless_bsp/\libhal_bsp.a(alt_dev_llist_insert.o)
                              ../nameless_bsp/\libhal_bsp.a(alt_sys_init.o) (alt_dev_llist_insert)
../nameless_bsp/\libhal_bsp.a(alt_do_ctors.o)
                              ../nameless_bsp/\libhal_bsp.a(alt_main.o) (_do_ctors)
../nameless_bsp/\libhal_bsp.a(alt_do_dtors.o)
                              ../nameless_bsp/\libhal_bsp.a(alt_main.o) (_do_dtors)
../nameless_bsp/\libhal_bsp.a(alt_errno.o)
                              ../nameless_bsp/\libhal_bsp.a(alt_close.o) (alt_errno)
../nameless_bsp/\libhal_bsp.a(alt_icache_flush_all.o)
                              ../nameless_bsp/\libhal_bsp.a(alt_load.o) (alt_icache_flush_all)
../nameless_bsp/\libhal_bsp.a(alt_iic.o)
                              ../nameless_bsp/\libhal_bsp.a(altera_avalon_jtag_uart_init.o) (alt_ic_isr_register)
../nameless_bsp/\libhal_bsp.a(alt_iic_isr_register.o)
                              ../nameless_bsp/\libhal_bsp.a(alt_iic.o) (alt_iic_isr_register)
../nameless_bsp/\libhal_bsp.a(alt_io_redirect.o)
                              ../nameless_bsp/\libhal_bsp.a(alt_main.o) (alt_io_redirect)
../nameless_bsp/\libhal_bsp.a(alt_irq_entry.o)
                              ../nameless_bsp/\libhal_bsp.a(alt_iic_isr_register.o) (alt_irq_entry)
../nameless_bsp/\libhal_bsp.a(alt_irq_handler.o)
                              ../nameless_bsp/\libhal_bsp.a(alt_iic_isr_register.o) (alt_irq_handler)
../nameless_bsp/\libhal_bsp.a(alt_irq_vars.o)
                              ../nameless_bsp/\libhal_bsp.a(alt_iic.o) (alt_irq_active)
../nameless_bsp/\libhal_bsp.a(alt_open.o)
                              ../nameless_bsp/\libhal_bsp.a(alt_io_redirect.o) (open)
../nameless_bsp/\libhal_bsp.a(alt_release_fd.o)
                              ../nameless_bsp/\libhal_bsp.a(alt_close.o) (alt_release_fd)
../nameless_bsp/\libhal_bsp.a(alt_tick.o)
                              ../nameless_bsp/\libhal_bsp.a(altera_avalon_jtag_uart_init.o) (_alt_tick_rate)
../nameless_bsp/\libhal_bsp.a(altera_nios2_qsys_irq.o)
                              ../nameless_bsp/\libhal_bsp.a(alt_sys_init.o) (altera_nios2_qsys_irq_init)
../nameless_bsp/\libhal_bsp.a(alt_exception_entry.o)
                              ../nameless_bsp/\libhal_bsp.a(alt_irq_entry.o) (alt_exception)
../nameless_bsp/\libhal_bsp.a(alt_find_dev.o)
                              ../nameless_bsp/\libhal_bsp.a(alt_open.o) (alt_find_dev)
../nameless_bsp/\libhal_bsp.a(alt_find_file.o)
                              ../nameless_bsp/\libhal_bsp.a(alt_open.o) (alt_find_file)
../nameless_bsp/\libhal_bsp.a(alt_get_fd.o)
                              ../nameless_bsp/\libhal_bsp.a(alt_open.o) (alt_get_fd)
../nameless_bsp/\libhal_bsp.a(alt_icache_flush.o)
                              ../nameless_bsp/\libhal_bsp.a(alt_icache_flush_all.o) (alt_icache_flush)
c:/altera/13.0/nios2eds/bin/gnu/h-i686-mingw32/bin/../lib/gcc/nios2-elf/4.1.2/../../../../nios2-elf/lib\libc.a(lib_a-atexit.o)
                              ../nameless_bsp/\libhal_bsp.a(alt_main.o) (atexit)
c:/altera/13.0/nios2eds/bin/gnu/h-i686-mingw32/bin/../lib/gcc/nios2-elf/4.1.2/../../../../nios2-elf/lib\libc.a(lib_a-exit.o)
                              ../nameless_bsp/\libhal_bsp.a(alt_main.o) (exit)
c:/altera/13.0/nios2eds/bin/gnu/h-i686-mingw32/bin/../lib/gcc/nios2-elf/4.1.2/../../../../nios2-elf/lib\libc.a(lib_a-impure.o)
                              c:/altera/13.0/nios2eds/bin/gnu/h-i686-mingw32/bin/../lib/gcc/nios2-elf/4.1.2/../../../../nios2-elf/lib\libc.a(lib_a-exit.o) (_global_impure_ptr)
c:/altera/13.0/nios2eds/bin/gnu/h-i686-mingw32/bin/../lib/gcc/nios2-elf/4.1.2/../../../../nios2-elf/lib\libc.a(lib_a-int_errno.o)
                              ../nameless_bsp/\libhal_bsp.a(alt_close.o) (errno)
c:/altera/13.0/nios2eds/bin/gnu/h-i686-mingw32/bin/../lib/gcc/nios2-elf/4.1.2/../../../../nios2-elf/lib\libc.a(lib_a-memcmp.o)
                              ../nameless_bsp/\libhal_bsp.a(alt_find_dev.o) (memcmp)
c:/altera/13.0/nios2eds/bin/gnu/h-i686-mingw32/bin/../lib/gcc/nios2-elf/4.1.2/../../../../nios2-elf/lib\libc.a(lib_a-memcpy.o)
                              ../nameless_bsp/\libhal_bsp.a(altera_avalon_jtag_uart_read.o) (memcpy)
c:/altera/13.0/nios2eds/bin/gnu/h-i686-mingw32/bin/../lib/gcc/nios2-elf/4.1.2/../../../../nios2-elf/lib\libc.a(lib_a-strlen.o)
                              ../nameless_bsp/\libhal_bsp.a(alt_find_dev.o) (strlen)
c:/altera/13.0/nios2eds/bin/gnu/h-i686-mingw32/bin/../lib/gcc/nios2-elf/4.1.2/../../../../nios2-elf/lib\libc.a(lib_a-__atexit.o)
                              c:/altera/13.0/nios2eds/bin/gnu/h-i686-mingw32/bin/../lib/gcc/nios2-elf/4.1.2/../../../../nios2-elf/lib\libc.a(lib_a-atexit.o) (__register_exitproc)
c:/altera/13.0/nios2eds/bin/gnu/h-i686-mingw32/bin/../lib/gcc/nios2-elf/4.1.2/../../../../nios2-elf/lib\libc.a(lib_a-__call_atexit.o)
                              c:/altera/13.0/nios2eds/bin/gnu/h-i686-mingw32/bin/../lib/gcc/nios2-elf/4.1.2/../../../../nios2-elf/lib\libc.a(lib_a-exit.o) (__call_exitprocs)
../nameless_bsp/\libhal_bsp.a(alt_exit.o)
                              c:/altera/13.0/nios2eds/bin/gnu/h-i686-mingw32/bin/../lib/gcc/nios2-elf/4.1.2/../../../../nios2-elf/lib\libc.a(lib_a-exit.o) (_exit)

Allocating common symbols
Common symbol       size              file

alt_irq             0x100             ../nameless_bsp/\libhal_bsp.a(alt_irq_handler.o)
errno               0x4               c:/altera/13.0/nios2eds/bin/gnu/h-i686-mingw32/bin/../lib/gcc/nios2-elf/4.1.2/../../../../nios2-elf/lib\libc.a(lib_a-int_errno.o)
_atexit0            0x190             c:/altera/13.0/nios2eds/bin/gnu/h-i686-mingw32/bin/../lib/gcc/nios2-elf/4.1.2/../../../../nios2-elf/lib\libc.a(lib_a-atexit.o)

Memory Configuration

Name             Origin             Length             Attributes
reset            0x00080000         0x00000020
onchip_mem       0x00080020         0x00004fe0
new_sdram_controller_0 0x00800000         0x00800000
*default*        0x00000000         0xffffffff

Linker script and memory map

LOAD ../nameless_bsp//obj/HAL/src/crt0.o
LOAD obj/default/name.o
LOAD c:/altera/13.0/nios2eds/bin/gnu/h-i686-mingw32/bin/../lib/gcc/nios2-elf/4.1.2/../../../../nios2-elf/lib\libstdc++.a
LOAD c:/altera/13.0/nios2eds/bin/gnu/h-i686-mingw32/bin/../lib/gcc/nios2-elf/4.1.2/../../../../nios2-elf/lib\libm.a
LOAD c:/altera/13.0/nios2eds/bin/gnu/h-i686-mingw32/bin/../lib/gcc/nios2-elf/4.1.2\libgcc.a
START GROUP
LOAD c:/altera/13.0/nios2eds/bin/gnu/h-i686-mingw32/bin/../lib/gcc/nios2-elf/4.1.2/../../../../nios2-elf/lib\libc.a
LOAD c:/altera/13.0/nios2eds/bin/gnu/h-i686-mingw32/bin/../lib/gcc/nios2-elf/4.1.2\libgcc.a
LOAD ../nameless_bsp/\libhal_bsp.a
END GROUP
LOAD c:/altera/13.0/nios2eds/bin/gnu/h-i686-mingw32/bin/../lib/gcc/nios2-elf/4.1.2\libgcc.a
                0x00080000                __alt_mem_onchip_mem = 0x80000
                0x00800000                __alt_mem_new_sdram_controller_0 = 0x800000

.entry          0x00080000       0x20
 *(.entry)
 .entry         0x00080000       0x20 ../nameless_bsp//obj/HAL/src/crt0.o
                0x00080000                __reset

.exceptions     0x00080020      0x194
                0x00080020                PROVIDE (__ram_exceptions_start, ABSOLUTE (.))
                0x00080020                . = ALIGN (0x20)
 *(.irq)
 *(.exceptions.entry.label)
 .exceptions.entry.label
                0x00080020        0x0 ../nameless_bsp/\libhal_bsp.a(alt_irq_entry.o)
                0x00080020                alt_irq_entry
 .exceptions.entry.label
                0x00080020        0x0 ../nameless_bsp/\libhal_bsp.a(alt_exception_entry.o)
                0x00080020                alt_exception
 *(.exceptions.entry.user)
 *(.exceptions.entry)
 .exceptions.entry
                0x00080020       0x54 ../nameless_bsp/\libhal_bsp.a(alt_exception_entry.o)
 *(.exceptions.irqtest.user)
 *(.exceptions.irqtest)
 .exceptions.irqtest
                0x00080074       0x10 ../nameless_bsp/\libhal_bsp.a(alt_irq_entry.o)
 *(.exceptions.irqhandler.user)
 *(.exceptions.irqhandler)
 .exceptions.irqhandler
                0x00080084        0x4 ../nameless_bsp/\libhal_bsp.a(alt_irq_entry.o)
 *(.exceptions.irqreturn.user)
 *(.exceptions.irqreturn)
 .exceptions.irqreturn
                0x00080088        0x4 ../nameless_bsp/\libhal_bsp.a(alt_irq_entry.o)
 *(.exceptions.notirq.label)
 .exceptions.notirq.label
                0x0008008c        0x0 ../nameless_bsp/\libhal_bsp.a(alt_irq_entry.o)
 *(.exceptions.notirq.user)
 *(.exceptions.notirq)
 .exceptions.notirq
                0x0008008c        0x8 ../nameless_bsp/\libhal_bsp.a(alt_exception_entry.o)
 *(.exceptions.soft.user)
 *(.exceptions.soft)
 *(.exceptions.unknown.user)
 *(.exceptions.unknown)
 .exceptions.unknown
                0x00080094        0x4 ../nameless_bsp/\libhal_bsp.a(alt_exception_entry.o)
 *(.exceptions.exit.label)
 .exceptions.exit.label
                0x00080098        0x0 ../nameless_bsp/\libhal_bsp.a(alt_irq_entry.o)
 .exceptions.exit.label
                0x00080098        0x0 ../nameless_bsp/\libhal_bsp.a(alt_exception_entry.o)
 *(.exceptions.exit.user)
 *(.exceptions.exit)
 .exceptions.exit
                0x00080098       0x54 ../nameless_bsp/\libhal_bsp.a(alt_exception_entry.o)
 *(.exceptions)
 .exceptions    0x000800ec       0xc8 ../nameless_bsp/\libhal_bsp.a(alt_irq_handler.o)
                0x000800ec                alt_irq_handler
                0x000801b4                PROVIDE (__ram_exceptions_end, ABSOLUTE (.))
                0x00080020                PROVIDE (__flash_exceptions_start, LOADADDR (.exceptions))

.text           0x000801b4     0x24b0
                0x000801b4                PROVIDE (stext, ABSOLUTE (.))
 *(.interp)
 *(.hash)
 *(.dynsym)
 *(.dynstr)
 *(.gnu.version)
 *(.gnu.version_d)
 *(.gnu.version_r)
 *(.rel.init)
 *(.rela.init)
 *(.rel.text .rel.text.* .rel.gnu.linkonce.t.*)
 *(.rela.text .rela.text.* .rela.gnu.linkonce.t.*)
 *(.rel.fini)
 *(.rela.fini)
 *(.rel.rodata .rel.rodata.* .rel.gnu.linkonce.r.*)
 *(.rela.rodata .rela.rodata.* .rela.gnu.linkonce.r.*)
 *(.rel.data .rel.data.* .rel.gnu.linkonce.d.*)
 *(.rela.data .rela.data.* .rela.gnu.linkonce.d.*)
 *(.rel.tdata .rel.tdata.* .rel.gnu.linkonce.td.*)
 *(.rela.tdata .rela.tdata.* .rela.gnu.linkonce.td.*)
 *(.rel.tbss .rel.tbss.* .rel.gnu.linkonce.tb.*)
 *(.rela.tbss .rela.tbss.* .rela.gnu.linkonce.tb.*)
 *(.rel.ctors)
 *(.rela.ctors)
 *(.rel.dtors)
 *(.rela.dtors)
 *(.rel.got)
 *(.rela.got)
 *(.rel.sdata .rel.sdata.* .rel.gnu.linkonce.s.*)
 *(.rela.sdata .rela.sdata.* .rela.gnu.linkonce.s.*)
 *(.rel.sbss .rel.sbss.* .rel.gnu.linkonce.sb.*)
 *(.rela.sbss .rela.sbss.* .rela.gnu.linkonce.sb.*)
 *(.rel.sdata2 .rel.sdata2.* .rel.gnu.linkonce.s2.*)
 *(.rela.sdata2 .rela.sdata2.* .rela.gnu.linkonce.s2.*)
 *(.rel.sbss2 .rel.sbss2.* .rel.gnu.linkonce.sb2.*)
 *(.rela.sbss2 .rela.sbss2.* .rela.gnu.linkonce.sb2.*)
 *(.rel.bss .rel.bss.* .rel.gnu.linkonce.b.*)
 *(.rela.bss .rela.bss.* .rela.gnu.linkonce.b.*)
 *(.rel.plt)
 *(.rela.plt)
 *(.rel.dyn)
 *(.init)
 *(.plt)
 *(.text .stub .text.* .gnu.linkonce.t.*)
 .text          0x000801b4       0x3c ../nameless_bsp//obj/HAL/src/crt0.o
                0x000801b4                _start
 .text          0x000801f0       0x9c obj/default/name.o
                0x000801f0                main
 .text          0x0008028c       0xec ../nameless_bsp/\libhal_bsp.a(alt_load.o)
                0x0008028c                alt_load
 .text          0x00080378       0x6c ../nameless_bsp/\libhal_bsp.a(alt_main.o)
                0x00080378                alt_main
 .text          0x000803e4       0xc4 ../nameless_bsp/\libhal_bsp.a(alt_sys_init.o)
                0x000803e4                alt_irq_init
                0x00080418                alt_sys_init
 .text          0x000804a8      0x148 ../nameless_bsp/\libhal_bsp.a(altera_avalon_jtag_uart_fd.o)
                0x000804a8                altera_avalon_jtag_uart_read_fd
                0x00080500                altera_avalon_jtag_uart_write_fd
                0x00080558                altera_avalon_jtag_uart_close_fd
                0x000805a0                altera_avalon_jtag_uart_ioctl_fd
 .text          0x000805f0      0x40c ../nameless_bsp/\libhal_bsp.a(altera_avalon_jtag_uart_init.o)
                0x000805f0                altera_avalon_jtag_uart_init
                0x00080988                altera_avalon_jtag_uart_close
 .text          0x000809fc       0xf4 ../nameless_bsp/\libhal_bsp.a(altera_avalon_jtag_uart_ioctl.o)
                0x000809fc                altera_avalon_jtag_uart_ioctl
 .text          0x00080af0      0x224 ../nameless_bsp/\libhal_bsp.a(altera_avalon_jtag_uart_read.o)
                0x00080af0                altera_avalon_jtag_uart_read
 .text          0x00080d14      0x240 ../nameless_bsp/\libhal_bsp.a(altera_avalon_jtag_uart_write.o)
                0x00080d14                altera_avalon_jtag_uart_write
 .text          0x00080f54      0x100 ../nameless_bsp/\libhal_bsp.a(altera_avalon_timer_sc.o)
                0x00080fc4                alt_avalon_timer_sc_init
 .text          0x00081054      0x154 ../nameless_bsp/\libhal_bsp.a(alt_alarm_start.o)
                0x00081054                alt_alarm_start
 .text          0x000811a8      0x15c ../nameless_bsp/\libhal_bsp.a(alt_close.o)
                0x000811a8                close
 .text          0x00081304       0x1c ../nameless_bsp/\libhal_bsp.a(alt_dcache_flush_all.o)
                0x00081304                alt_dcache_flush_all
 .text          0x00081320       0x2c ../nameless_bsp/\libhal_bsp.a(alt_dev.o)
 .text          0x0008134c      0x114 ../nameless_bsp/\libhal_bsp.a(alt_dev_llist_insert.o)
                0x0008134c                alt_dev_llist_insert
 .text          0x00081460       0x64 ../nameless_bsp/\libhal_bsp.a(alt_do_ctors.o)
                0x00081460                _do_ctors
 .text          0x000814c4       0x64 ../nameless_bsp/\libhal_bsp.a(alt_do_dtors.o)
                0x000814c4                _do_dtors
 .text          0x00081528        0x0 ../nameless_bsp/\libhal_bsp.a(alt_errno.o)
 .text          0x00081528       0x30 ../nameless_bsp/\libhal_bsp.a(alt_icache_flush_all.o)
                0x00081528                alt_icache_flush_all
 .text          0x00081558      0x1d4 ../nameless_bsp/\libhal_bsp.a(alt_iic.o)
                0x00081558                alt_ic_isr_register
                0x000815a8                alt_ic_irq_enable
                0x00081644                alt_ic_irq_disable
                0x000816e4                alt_ic_irq_enabled
 .text          0x0008172c       0xf8 ../nameless_bsp/\libhal_bsp.a(alt_iic_isr_register.o)
                0x0008172c                alt_iic_isr_register
 .text          0x00081824      0x13c ../nameless_bsp/\libhal_bsp.a(alt_io_redirect.o)
                0x000818e8                alt_io_redirect
 .text          0x00081960        0x0 ../nameless_bsp/\libhal_bsp.a(alt_irq_entry.o)
 .text          0x00081960        0x0 ../nameless_bsp/\libhal_bsp.a(alt_irq_handler.o)
 .text          0x00081960        0x0 ../nameless_bsp/\libhal_bsp.a(alt_irq_vars.o)
 .text          0x00081960      0x2c4 ../nameless_bsp/\libhal_bsp.a(alt_open.o)
                0x00081a3c                open
 .text          0x00081c24       0x60 ../nameless_bsp/\libhal_bsp.a(alt_release_fd.o)
                0x00081c24                alt_release_fd
 .text          0x00081c84      0x1a4 ../nameless_bsp/\libhal_bsp.a(alt_tick.o)
                0x00081c84                alt_alarm_stop
                0x00081d1c                alt_tick
 .text          0x00081e28       0x20 ../nameless_bsp/\libhal_bsp.a(altera_nios2_qsys_irq.o)
                0x00081e28                altera_nios2_qsys_irq_init
 .text          0x00081e48        0x0 ../nameless_bsp/\libhal_bsp.a(alt_exception_entry.o)
 .text          0x00081e48       0x94 ../nameless_bsp/\libhal_bsp.a(alt_find_dev.o)
                0x00081e48                alt_find_dev
 .text          0x00081edc      0x120 ../nameless_bsp/\libhal_bsp.a(alt_find_file.o)
                0x00081edc                alt_find_file
 .text          0x00081ffc       0xb8 ../nameless_bsp/\libhal_bsp.a(alt_get_fd.o)
                0x00081ffc                alt_get_fd
 .text          0x000820b4       0x90 ../nameless_bsp/\libhal_bsp.a(alt_icache_flush.o)
                0x000820b4                alt_icache_flush
 .text          0x00082144       0x14 c:/altera/13.0/nios2eds/bin/gnu/h-i686-mingw32/bin/../lib/gcc/nios2-elf/4.1.2/../../../../nios2-elf/lib\libc.a(lib_a-atexit.o)
                0x00082144                atexit
 .text          0x00082158       0x38 c:/altera/13.0/nios2eds/bin/gnu/h-i686-mingw32/bin/../lib/gcc/nios2-elf/4.1.2/../../../../nios2-elf/lib\libc.a(lib_a-exit.o)
                0x00082158                exit
 .text          0x00082190        0x0 c:/altera/13.0/nios2eds/bin/gnu/h-i686-mingw32/bin/../lib/gcc/nios2-elf/4.1.2/../../../../nios2-elf/lib\libc.a(lib_a-impure.o)
 .text          0x00082190        0x0 c:/altera/13.0/nios2eds/bin/gnu/h-i686-mingw32/bin/../lib/gcc/nios2-elf/4.1.2/../../../../nios2-elf/lib\libc.a(lib_a-int_errno.o)
 .text          0x00082190       0x74 c:/altera/13.0/nios2eds/bin/gnu/h-i686-mingw32/bin/../lib/gcc/nios2-elf/4.1.2/../../../../nios2-elf/lib\libc.a(lib_a-memcmp.o)
                0x00082190                memcmp
 .text          0x00082204       0xa0 c:/altera/13.0/nios2eds/bin/gnu/h-i686-mingw32/bin/../lib/gcc/nios2-elf/4.1.2/../../../../nios2-elf/lib\libc.a(lib_a-memcpy.o)
                0x00082204                memcpy
 .text          0x000822a4       0x74 c:/altera/13.0/nios2eds/bin/gnu/h-i686-mingw32/bin/../lib/gcc/nios2-elf/4.1.2/../../../../nios2-elf/lib\libc.a(lib_a-strlen.o)
                0x000822a4                strlen
 .text          0x00082318      0x134 c:/altera/13.0/nios2eds/bin/gnu/h-i686-mingw32/bin/../lib/gcc/nios2-elf/4.1.2/../../../../nios2-elf/lib\libc.a(lib_a-__atexit.o)
                0x00082318                __register_exitproc
 .text          0x0008244c      0x1b4 c:/altera/13.0/nios2eds/bin/gnu/h-i686-mingw32/bin/../lib/gcc/nios2-elf/4.1.2/../../../../nios2-elf/lib\libc.a(lib_a-__call_atexit.o)
                0x00082450                __call_exitprocs
 .text          0x00082600       0x60 ../nameless_bsp/\libhal_bsp.a(alt_exit.o)
                0x00082640                _exit
 *(.gnu.warning.*)
 *(.fini)
                0x00082660                PROVIDE (__etext, ABSOLUTE (.))
                0x00082660                PROVIDE (_etext, ABSOLUTE (.))
                0x00082660                PROVIDE (etext, ABSOLUTE (.))
 *(.eh_frame_hdr)
                0x00082660                . = ALIGN (0x4)
                0x00082660                PROVIDE (__preinit_array_start, ABSOLUTE (.))
 *(.preinit_array)
                0x00082660                PROVIDE (__preinit_array_end, ABSOLUTE (.))
                0x00082660                PROVIDE (__init_array_start, ABSOLUTE (.))
 *(.init_array)
                0x00082660                PROVIDE (__init_array_end, ABSOLUTE (.))
                0x00082660                PROVIDE (__fini_array_start, ABSOLUTE (.))
 *(.fini_array)
                0x00082660                PROVIDE (__fini_array_end, ABSOLUTE (.))
 *(.eh_frame)
 *(.gcc_except_table)
 *(.dynamic)
                0x00082660                PROVIDE (__CTOR_LIST__, ABSOLUTE (.))
 *(.ctors)
 *(SORT(.ctors.*))
 .ctors.65535   0x00082660        0x4 c:/altera/13.0/nios2eds/bin/gnu/h-i686-mingw32/bin/../lib/gcc/nios2-elf/4.1.2/../../../../nios2-elf/lib\libc.a(lib_a-__call_atexit.o)
                0x00082664                PROVIDE (__CTOR_END__, ABSOLUTE (.))
                0x00082664                PROVIDE (__DTOR_LIST__, ABSOLUTE (.))
 *(.dtors)
 *(SORT(.dtors.*))
                0x00082664                PROVIDE (__DTOR_END__, ABSOLUTE (.))
 *(.jcr)
                0x00082664                . = ALIGN (0x4)

.rodata         0x00082664       0x30
                0x00082664                PROVIDE (__ram_rodata_start, ABSOLUTE (.))
                0x00082664                . = ALIGN (0x4)
 *(.rodata .rodata.* .gnu.linkonce.r.*)
 .rodata        0x00082664       0x10 ../nameless_bsp/\libhal_bsp.a(alt_main.o)
 .rodata        0x00082674       0x10 ../nameless_bsp/\libhal_bsp.a(alt_sys_init.o)
 .rodata        0x00082684        0xc ../nameless_bsp/\libhal_bsp.a(alt_dev.o)
 .rodata.str1.4
                0x00082690        0x4 c:/altera/13.0/nios2eds/bin/gnu/h-i686-mingw32/bin/../lib/gcc/nios2-elf/4.1.2/../../../../nios2-elf/lib\libc.a(lib_a-impure.o)
 *(.rodata1)
                0x00082694                . = ALIGN (0x4)
                0x00082694                PROVIDE (__ram_rodata_end, ABSOLUTE (.))
                0x00082664                PROVIDE (__flash_rodata_start, LOADADDR (.rodata))

.rwdata         0x00082694     0x1634 load address 0x00083cc8
                0x00082694                PROVIDE (__ram_rwdata_start, ABSOLUTE (.))
                0x00082694                . = ALIGN (0x4)
 *(.got.plt)
 *(.got)
 *(.data1)
 *(.data .data.* .gnu.linkonce.d.*)
 .data          0x00082694        0x0 ../nameless_bsp//obj/HAL/src/crt0.o
 .data          0x00082694        0x0 obj/default/name.o
 .data          0x00082694        0x0 ../nameless_bsp/\libhal_bsp.a(alt_load.o)
 .data          0x00082694        0x0 ../nameless_bsp/\libhal_bsp.a(alt_main.o)
 .data          0x00082694     0x1060 ../nameless_bsp/\libhal_bsp.a(alt_sys_init.o)
 .data          0x000836f4        0x0 ../nameless_bsp/\libhal_bsp.a(altera_avalon_jtag_uart_fd.o)
 .data          0x000836f4        0x0 ../nameless_bsp/\libhal_bsp.a(altera_avalon_jtag_uart_init.o)
 .data          0x000836f4        0x0 ../nameless_bsp/\libhal_bsp.a(altera_avalon_jtag_uart_ioctl.o)
 .data          0x000836f4        0x0 ../nameless_bsp/\libhal_bsp.a(altera_avalon_jtag_uart_read.o)
 .data          0x000836f4        0x0 ../nameless_bsp/\libhal_bsp.a(altera_avalon_jtag_uart_write.o)
 .data          0x000836f4        0x0 ../nameless_bsp/\libhal_bsp.a(altera_avalon_timer_sc.o)
 .data          0x000836f4        0x0 ../nameless_bsp/\libhal_bsp.a(alt_alarm_start.o)
 .data          0x000836f4        0x0 ../nameless_bsp/\libhal_bsp.a(alt_close.o)
 .data          0x000836f4        0x0 ../nameless_bsp/\libhal_bsp.a(alt_dcache_flush_all.o)
 .data          0x000836f4      0x1a8 ../nameless_bsp/\libhal_bsp.a(alt_dev.o)
                0x000836f4                alt_dev_null
                0x0008371c                alt_fd_list
 .data          0x0008389c        0x0 ../nameless_bsp/\libhal_bsp.a(alt_dev_llist_insert.o)
 .data          0x0008389c        0x0 ../nameless_bsp/\libhal_bsp.a(alt_do_ctors.o)
 .data          0x0008389c        0x0 ../nameless_bsp/\libhal_bsp.a(alt_do_dtors.o)
 .data          0x0008389c        0x0 ../nameless_bsp/\libhal_bsp.a(alt_errno.o)
 .data          0x0008389c        0x0 ../nameless_bsp/\libhal_bsp.a(alt_icache_flush_all.o)
 .data          0x0008389c        0x0 ../nameless_bsp/\libhal_bsp.a(alt_iic.o)
 .data          0x0008389c        0x0 ../nameless_bsp/\libhal_bsp.a(alt_iic_isr_register.o)
 .data          0x0008389c        0x0 ../nameless_bsp/\libhal_bsp.a(alt_io_redirect.o)
 .data          0x0008389c        0x0 ../nameless_bsp/\libhal_bsp.a(alt_irq_entry.o)
 .data          0x0008389c        0x0 ../nameless_bsp/\libhal_bsp.a(alt_irq_handler.o)
 .data          0x0008389c        0x0 ../nameless_bsp/\libhal_bsp.a(alt_irq_vars.o)
 .data          0x0008389c        0x0 ../nameless_bsp/\libhal_bsp.a(alt_open.o)
 .data          0x0008389c        0x0 ../nameless_bsp/\libhal_bsp.a(alt_release_fd.o)
 .data          0x0008389c        0x0 ../nameless_bsp/\libhal_bsp.a(alt_tick.o)
 .data          0x0008389c        0x0 ../nameless_bsp/\libhal_bsp.a(altera_nios2_qsys_irq.o)
 .data          0x0008389c        0x0 ../nameless_bsp/\libhal_bsp.a(alt_exception_entry.o)
 .data          0x0008389c        0x0 ../nameless_bsp/\libhal_bsp.a(alt_find_dev.o)
 .data          0x0008389c        0x0 ../nameless_bsp/\libhal_bsp.a(alt_find_file.o)
 .data          0x0008389c        0x0 ../nameless_bsp/\libhal_bsp.a(alt_get_fd.o)
 .data          0x0008389c        0x0 ../nameless_bsp/\libhal_bsp.a(alt_icache_flush.o)
 .data          0x0008389c        0x0 c:/altera/13.0/nios2eds/bin/gnu/h-i686-mingw32/bin/../lib/gcc/nios2-elf/4.1.2/../../../../nios2-elf/lib\libc.a(lib_a-atexit.o)
 .data          0x0008389c        0x0 c:/altera/13.0/nios2eds/bin/gnu/h-i686-mingw32/bin/../lib/gcc/nios2-elf/4.1.2/../../../../nios2-elf/lib\libc.a(lib_a-exit.o)
 .data          0x0008389c      0x400 c:/altera/13.0/nios2eds/bin/gnu/h-i686-mingw32/bin/../lib/gcc/nios2-elf/4.1.2/../../../../nios2-elf/lib\libc.a(lib_a-impure.o)
 .data          0x00083c9c        0x0 c:/altera/13.0/nios2eds/bin/gnu/h-i686-mingw32/bin/../lib/gcc/nios2-elf/4.1.2/../../../../nios2-elf/lib\libc.a(lib_a-int_errno.o)
 .data          0x00083c9c        0x0 c:/altera/13.0/nios2eds/bin/gnu/h-i686-mingw32/bin/../lib/gcc/nios2-elf/4.1.2/../../../../nios2-elf/lib\libc.a(lib_a-memcmp.o)
 .data          0x00083c9c        0x0 c:/altera/13.0/nios2eds/bin/gnu/h-i686-mingw32/bin/../lib/gcc/nios2-elf/4.1.2/../../../../nios2-elf/lib\libc.a(lib_a-memcpy.o)
 .data          0x00083c9c        0x0 c:/altera/13.0/nios2eds/bin/gnu/h-i686-mingw32/bin/../lib/gcc/nios2-elf/4.1.2/../../../../nios2-elf/lib\libc.a(lib_a-strlen.o)
 .data          0x00083c9c        0x0 c:/altera/13.0/nios2eds/bin/gnu/h-i686-mingw32/bin/../lib/gcc/nios2-elf/4.1.2/../../../../nios2-elf/lib\libc.a(lib_a-__atexit.o)
 .data          0x00083c9c        0x0 c:/altera/13.0/nios2eds/bin/gnu/h-i686-mingw32/bin/../lib/gcc/nios2-elf/4.1.2/../../../../nios2-elf/lib\libc.a(lib_a-__call_atexit.o)
 .data          0x00083c9c        0x0 ../nameless_bsp/\libhal_bsp.a(alt_exit.o)
                0x0008bc9c                _gp = ABSOLUTE ((. + 0x8000))
                0x0008bc9c                PROVIDE (gp, _gp)
 *(.rwdata .rwdata.*)
 *(.sdata .sdata.* .gnu.linkonce.s.*)
 .sdata         0x00083c9c       0x14 ../nameless_bsp/\libhal_bsp.a(alt_dev.o)
                0x00083c9c                alt_fs_list
                0x00083ca4                alt_dev_list
                0x00083cac                alt_max_fd
 .sdata         0x00083cb0        0x4 ../nameless_bsp/\libhal_bsp.a(alt_errno.o)
                0x00083cb0                alt_errno
 .sdata         0x00083cb4        0x4 ../nameless_bsp/\libhal_bsp.a(alt_irq_vars.o)
                0x00083cb4                alt_priority_mask
 .sdata         0x00083cb8        0x8 ../nameless_bsp/\libhal_bsp.a(alt_tick.o)
                0x00083cb8                alt_alarm_list
 .sdata         0x00083cc0        0x8 c:/altera/13.0/nios2eds/bin/gnu/h-i686-mingw32/bin/../lib/gcc/nios2-elf/4.1.2/../../../../nios2-elf/lib\libc.a(lib_a-impure.o)
                0x00083cc0                _impure_ptr
                0x00083cc4                _global_impure_ptr
 *(.sdata2 .sdata2.* .gnu.linkonce.s2.*)
                0x00083cc8                . = ALIGN (0x4)
                0x00083cc8                _edata = ABSOLUTE (.)
                0x00083cc8                PROVIDE (edata, ABSOLUTE (.))
                0x00083cc8                PROVIDE (__ram_rwdata_end, ABSOLUTE (.))
                0x00083cc8                PROVIDE (__flash_rwdata_start, LOADADDR (.rwdata))

.bss            0x000852fc      0x2ac
                0x000852fc                __bss_start = ABSOLUTE (.)
                0x000852fc                PROVIDE (__sbss_start, ABSOLUTE (.))
                0x000852fc                PROVIDE (___sbss_start, ABSOLUTE (.))
 *(.dynsbss)
 *(.sbss .sbss.* .gnu.linkonce.sb.*)
 .sbss          0x000852fc        0xc ../nameless_bsp/\libhal_bsp.a(alt_main.o)
                0x000852fc                alt_argc
                0x00085300                alt_argv
                0x00085304                alt_envp
 .sbss          0x00085308        0x4 ../nameless_bsp/\libhal_bsp.a(alt_irq_vars.o)
                0x00085308                alt_irq_active
 .sbss          0x0008530c        0x8 ../nameless_bsp/\libhal_bsp.a(alt_tick.o)
                0x0008530c                _alt_tick_rate
                0x00085310                _alt_nticks
 .sbss          0x00085314        0x4 c:/altera/13.0/nios2eds/bin/gnu/h-i686-mingw32/bin/../lib/gcc/nios2-elf/4.1.2/../../../../nios2-elf/lib\libc.a(lib_a-int_errno.o)
                0x00085314                errno
 *(.sbss2 .sbss2.* .gnu.linkonce.sb2.*)
 *(.scommon)
                0x00085318                PROVIDE (__sbss_end, ABSOLUTE (.))
                0x00085318                PROVIDE (___sbss_end, ABSOLUTE (.))
 *(.dynbss)
 *(.bss .bss.* .gnu.linkonce.b.*)
 .bss           0x00085318        0x0 ../nameless_bsp//obj/HAL/src/crt0.o
 .bss           0x00085318        0x0 obj/default/name.o
 .bss           0x00085318        0x0 ../nameless_bsp/\libhal_bsp.a(alt_load.o)
 .bss           0x00085318        0x0 ../nameless_bsp/\libhal_bsp.a(alt_main.o)
 .bss           0x00085318        0x0 ../nameless_bsp/\libhal_bsp.a(alt_sys_init.o)
 .bss           0x00085318        0x0 ../nameless_bsp/\libhal_bsp.a(altera_avalon_jtag_uart_fd.o)
 .bss           0x00085318        0x0 ../nameless_bsp/\libhal_bsp.a(altera_avalon_jtag_uart_init.o)
 .bss           0x00085318        0x0 ../nameless_bsp/\libhal_bsp.a(altera_avalon_jtag_uart_ioctl.o)
 .bss           0x00085318        0x0 ../nameless_bsp/\libhal_bsp.a(altera_avalon_jtag_uart_read.o)
 .bss           0x00085318        0x0 ../nameless_bsp/\libhal_bsp.a(altera_avalon_jtag_uart_write.o)
 .bss           0x00085318        0x0 ../nameless_bsp/\libhal_bsp.a(altera_avalon_timer_sc.o)
 .bss           0x00085318        0x0 ../nameless_bsp/\libhal_bsp.a(alt_alarm_start.o)
 .bss           0x00085318        0x0 ../nameless_bsp/\libhal_bsp.a(alt_close.o)
 .bss           0x00085318        0x0 ../nameless_bsp/\libhal_bsp.a(alt_dcache_flush_all.o)
 .bss           0x00085318        0x0 ../nameless_bsp/\libhal_bsp.a(alt_dev.o)
 .bss           0x00085318        0x0 ../nameless_bsp/\libhal_bsp.a(alt_dev_llist_insert.o)
 .bss           0x00085318        0x0 ../nameless_bsp/\libhal_bsp.a(alt_do_ctors.o)
 .bss           0x00085318        0x0 ../nameless_bsp/\libhal_bsp.a(alt_do_dtors.o)
 .bss           0x00085318        0x0 ../nameless_bsp/\libhal_bsp.a(alt_errno.o)
 .bss           0x00085318        0x0 ../nameless_bsp/\libhal_bsp.a(alt_icache_flush_all.o)
 .bss           0x00085318        0x0 ../nameless_bsp/\libhal_bsp.a(alt_iic.o)
 .bss           0x00085318        0x0 ../nameless_bsp/\libhal_bsp.a(alt_iic_isr_register.o)
 .bss           0x00085318        0x0 ../nameless_bsp/\libhal_bsp.a(alt_io_redirect.o)
 .bss           0x00085318        0x0 ../nameless_bsp/\libhal_bsp.a(alt_irq_entry.o)
 .bss           0x00085318        0x0 ../nameless_bsp/\libhal_bsp.a(alt_irq_handler.o)
 .bss           0x00085318        0x0 ../nameless_bsp/\libhal_bsp.a(alt_irq_vars.o)
 .bss           0x00085318        0x0 ../nameless_bsp/\libhal_bsp.a(alt_open.o)
 .bss           0x00085318        0x0 ../nameless_bsp/\libhal_bsp.a(alt_release_fd.o)
 .bss           0x00085318        0x0 ../nameless_bsp/\libhal_bsp.a(alt_tick.o)
 .bss           0x00085318        0x0 ../nameless_bsp/\libhal_bsp.a(altera_nios2_qsys_irq.o)
 .bss           0x00085318        0x0 ../nameless_bsp/\libhal_bsp.a(alt_exception_entry.o)
 .bss           0x00085318        0x0 ../nameless_bsp/\libhal_bsp.a(alt_find_dev.o)
 .bss           0x00085318        0x0 ../nameless_bsp/\libhal_bsp.a(alt_find_file.o)
 .bss           0x00085318        0x0 ../nameless_bsp/\libhal_bsp.a(alt_get_fd.o)
 .bss           0x00085318        0x0 ../nameless_bsp/\libhal_bsp.a(alt_icache_flush.o)
 .bss           0x00085318        0x0 c:/altera/13.0/nios2eds/bin/gnu/h-i686-mingw32/bin/../lib/gcc/nios2-elf/4.1.2/../../../../nios2-elf/lib\libc.a(lib_a-atexit.o)
 .bss           0x00085318        0x0 c:/altera/13.0/nios2eds/bin/gnu/h-i686-mingw32/bin/../lib/gcc/nios2-elf/4.1.2/../../../../nios2-elf/lib\libc.a(lib_a-exit.o)
 .bss           0x00085318        0x0 c:/altera/13.0/nios2eds/bin/gnu/h-i686-mingw32/bin/../lib/gcc/nios2-elf/4.1.2/../../../../nios2-elf/lib\libc.a(lib_a-impure.o)
 .bss           0x00085318        0x0 c:/altera/13.0/nios2eds/bin/gnu/h-i686-mingw32/bin/../lib/gcc/nios2-elf/4.1.2/../../../../nios2-elf/lib\libc.a(lib_a-int_errno.o)
 .bss           0x00085318        0x0 c:/altera/13.0/nios2eds/bin/gnu/h-i686-mingw32/bin/../lib/gcc/nios2-elf/4.1.2/../../../../nios2-elf/lib\libc.a(lib_a-memcmp.o)
 .bss           0x00085318        0x0 c:/altera/13.0/nios2eds/bin/gnu/h-i686-mingw32/bin/../lib/gcc/nios2-elf/4.1.2/../../../../nios2-elf/lib\libc.a(lib_a-memcpy.o)
 .bss           0x00085318        0x0 c:/altera/13.0/nios2eds/bin/gnu/h-i686-mingw32/bin/../lib/gcc/nios2-elf/4.1.2/../../../../nios2-elf/lib\libc.a(lib_a-strlen.o)
 .bss           0x00085318        0x0 c:/altera/13.0/nios2eds/bin/gnu/h-i686-mingw32/bin/../lib/gcc/nios2-elf/4.1.2/../../../../nios2-elf/lib\libc.a(lib_a-__atexit.o)
 .bss           0x00085318        0x0 c:/altera/13.0/nios2eds/bin/gnu/h-i686-mingw32/bin/../lib/gcc/nios2-elf/4.1.2/../../../../nios2-elf/lib\libc.a(lib_a-__call_atexit.o)
 .bss           0x00085318        0x0 ../nameless_bsp/\libhal_bsp.a(alt_exit.o)
 *(COMMON)
 COMMON         0x00085318      0x100 ../nameless_bsp/\libhal_bsp.a(alt_irq_handler.o)
                0x00085318                alt_irq
 COMMON         0x00085418      0x190 c:/altera/13.0/nios2eds/bin/gnu/h-i686-mingw32/bin/../lib/gcc/nios2-elf/4.1.2/../../../../nios2-elf/lib\libc.a(lib_a-atexit.o)
                0x00085418                _atexit0
                0x000855a8                . = ALIGN (0x4)
                0x000855a8                __bss_end = ABSOLUTE (.)

.onchip_mem     0x000855a8        0x0
                0x000855a8                PROVIDE (_alt_partition_onchip_mem_start, ABSOLUTE (.))
 *(.onchip_mem. onchip_mem.*)
                0x000855a8                . = ALIGN (0x4)
                0x000855a8                PROVIDE (_alt_partition_onchip_mem_end, ABSOLUTE (.))
                0x000855a8                _end = ABSOLUTE (.)
                0x000855a8                end = ABSOLUTE (.)
                0x000855a8                __alt_stack_base = ABSOLUTE (.)
                0x000855a8                PROVIDE (_alt_partition_onchip_mem_load_addr, LOADADDR (.onchip_mem))

.new_sdram_controller_0
                0x00800000        0x0 load address 0x000855a8
                0x00800000                PROVIDE (_alt_partition_new_sdram_controller_0_start, ABSOLUTE (.))
 *(.new_sdram_controller_0. new_sdram_controller_0.*)
                0x00800000                . = ALIGN (0x4)
                0x00800000                PROVIDE (_alt_partition_new_sdram_controller_0_end, ABSOLUTE (.))
                0x000855a8                PROVIDE (_alt_partition_new_sdram_controller_0_load_addr, LOADADDR (.new_sdram_controller_0))

.stab
 *(.stab)

.stabstr
 *(.stabstr)

.stab.excl
 *(.stab.excl)

.stab.exclstr
 *(.stab.exclstr)

.stab.index
 *(.stab.index)

.stab.indexstr
 *(.stab.indexstr)

.comment        0x00000000       0x23
 *(.comment)
 .comment       0x00000000       0x23 obj/default/name.o
                                 0x24 (size before relaxing)
 .comment       0x00000000       0x24 ../nameless_bsp/\libhal_bsp.a(alt_load.o)
 .comment       0x00000000       0x24 ../nameless_bsp/\libhal_bsp.a(alt_main.o)
 .comment       0x00000000       0x24 ../nameless_bsp/\libhal_bsp.a(alt_sys_init.o)
 .comment       0x00000000       0x24 ../nameless_bsp/\libhal_bsp.a(altera_avalon_jtag_uart_fd.o)
 .comment       0x00000000       0x24 ../nameless_bsp/\libhal_bsp.a(altera_avalon_jtag_uart_init.o)
 .comment       0x00000000       0x24 ../nameless_bsp/\libhal_bsp.a(altera_avalon_jtag_uart_ioctl.o)
 .comment       0x00000000       0x24 ../nameless_bsp/\libhal_bsp.a(altera_avalon_jtag_uart_read.o)
 .comment       0x00000000       0x24 ../nameless_bsp/\libhal_bsp.a(altera_avalon_jtag_uart_write.o)
 .comment       0x00000000       0x24 ../nameless_bsp/\libhal_bsp.a(altera_avalon_timer_sc.o)
 .comment       0x00000000       0x24 ../nameless_bsp/\libhal_bsp.a(alt_alarm_start.o)
 .comment       0x00000000       0x24 ../nameless_bsp/\libhal_bsp.a(alt_close.o)
 .comment       0x00000000       0x24 ../nameless_bsp/\libhal_bsp.a(alt_dcache_flush_all.o)
 .comment       0x00000000       0x24 ../nameless_bsp/\libhal_bsp.a(alt_dev.o)
 .comment       0x00000000       0x24 ../nameless_bsp/\libhal_bsp.a(alt_dev_llist_insert.o)
 .comment       0x00000000       0x24 ../nameless_bsp/\libhal_bsp.a(alt_do_ctors.o)
 .comment       0x00000000       0x24 ../nameless_bsp/\libhal_bsp.a(alt_do_dtors.o)
 .comment       0x00000000       0x24 ../nameless_bsp/\libhal_bsp.a(alt_errno.o)
 .comment       0x00000000       0x24 ../nameless_bsp/\libhal_bsp.a(alt_icache_flush_all.o)
 .comment       0x00000000       0x24 ../nameless_bsp/\libhal_bsp.a(alt_iic.o)
 .comment       0x00000000       0x24 ../nameless_bsp/\libhal_bsp.a(alt_iic_isr_register.o)
 .comment       0x00000000       0x24 ../nameless_bsp/\libhal_bsp.a(alt_io_redirect.o)
 .comment       0x00000000       0x24 ../nameless_bsp/\libhal_bsp.a(alt_irq_handler.o)
 .comment       0x00000000       0x24 ../nameless_bsp/\libhal_bsp.a(alt_irq_vars.o)
 .comment       0x00000000       0x24 ../nameless_bsp/\libhal_bsp.a(alt_open.o)
 .comment       0x00000000       0x24 ../nameless_bsp/\libhal_bsp.a(alt_release_fd.o)
 .comment       0x00000000       0x24 ../nameless_bsp/\libhal_bsp.a(alt_tick.o)
 .comment       0x00000000       0x24 ../nameless_bsp/\libhal_bsp.a(altera_nios2_qsys_irq.o)
 .comment       0x00000000       0x24 ../nameless_bsp/\libhal_bsp.a(alt_find_dev.o)
 .comment       0x00000000       0x24 ../nameless_bsp/\libhal_bsp.a(alt_find_file.o)
 .comment       0x00000000       0x24 ../nameless_bsp/\libhal_bsp.a(alt_get_fd.o)
 .comment       0x00000000       0x24 ../nameless_bsp/\libhal_bsp.a(alt_icache_flush.o)
 .comment       0x00000000       0x24 c:/altera/13.0/nios2eds/bin/gnu/h-i686-mingw32/bin/../lib/gcc/nios2-elf/4.1.2/../../../../nios2-elf/lib\libc.a(lib_a-atexit.o)
 .comment       0x00000000       0x24 c:/altera/13.0/nios2eds/bin/gnu/h-i686-mingw32/bin/../lib/gcc/nios2-elf/4.1.2/../../../../nios2-elf/lib\libc.a(lib_a-exit.o)
 .comment       0x00000000       0x24 c:/altera/13.0/nios2eds/bin/gnu/h-i686-mingw32/bin/../lib/gcc/nios2-elf/4.1.2/../../../../nios2-elf/lib\libc.a(lib_a-impure.o)
 .comment       0x00000000       0x24 c:/altera/13.0/nios2eds/bin/gnu/h-i686-mingw32/bin/../lib/gcc/nios2-elf/4.1.2/../../../../nios2-elf/lib\libc.a(lib_a-int_errno.o)
 .comment       0x00000000       0x24 c:/altera/13.0/nios2eds/bin/gnu/h-i686-mingw32/bin/../lib/gcc/nios2-elf/4.1.2/../../../../nios2-elf/lib\libc.a(lib_a-memcmp.o)
 .comment       0x00000000       0x24 c:/altera/13.0/nios2eds/bin/gnu/h-i686-mingw32/bin/../lib/gcc/nios2-elf/4.1.2/../../../../nios2-elf/lib\libc.a(lib_a-memcpy.o)
 .comment       0x00000000       0x24 c:/altera/13.0/nios2eds/bin/gnu/h-i686-mingw32/bin/../lib/gcc/nios2-elf/4.1.2/../../../../nios2-elf/lib\libc.a(lib_a-strlen.o)
 .comment       0x00000000       0x24 c:/altera/13.0/nios2eds/bin/gnu/h-i686-mingw32/bin/../lib/gcc/nios2-elf/4.1.2/../../../../nios2-elf/lib\libc.a(lib_a-__atexit.o)
 .comment       0x00000000       0x24 c:/altera/13.0/nios2eds/bin/gnu/h-i686-mingw32/bin/../lib/gcc/nios2-elf/4.1.2/../../../../nios2-elf/lib\libc.a(lib_a-__call_atexit.o)
 .comment       0x00000000       0x24 ../nameless_bsp/\libhal_bsp.a(alt_exit.o)

.debug
 *(.debug)

.line
 *(.line)

.debug_srcinfo
 *(.debug_srcinfo)

.debug_sfnames
 *(.debug_sfnames)

.debug_aranges  0x00000000      0x558
 *(.debug_aranges)
 .debug_aranges
                0x00000000       0x28 ../nameless_bsp//obj/HAL/src/crt0.o
 .debug_aranges
                0x00000028       0x20 obj/default/name.o
 .debug_aranges
                0x00000048       0x20 ../nameless_bsp/\libhal_bsp.a(alt_load.o)
 .debug_aranges
                0x00000068       0x20 ../nameless_bsp/\libhal_bsp.a(alt_main.o)
 .debug_aranges
                0x00000088       0x20 ../nameless_bsp/\libhal_bsp.a(alt_sys_init.o)
 .debug_aranges
                0x000000a8       0x20 ../nameless_bsp/\libhal_bsp.a(altera_avalon_jtag_uart_fd.o)
 .debug_aranges
                0x000000c8       0x20 ../nameless_bsp/\libhal_bsp.a(altera_avalon_jtag_uart_init.o)
 .debug_aranges
                0x000000e8       0x20 ../nameless_bsp/\libhal_bsp.a(altera_avalon_jtag_uart_ioctl.o)
 .debug_aranges
                0x00000108       0x20 ../nameless_bsp/\libhal_bsp.a(altera_avalon_jtag_uart_read.o)
 .debug_aranges
                0x00000128       0x20 ../nameless_bsp/\libhal_bsp.a(altera_avalon_jtag_uart_write.o)
 .debug_aranges
                0x00000148       0x20 ../nameless_bsp/\libhal_bsp.a(altera_avalon_timer_sc.o)
 .debug_aranges
                0x00000168       0x20 ../nameless_bsp/\libhal_bsp.a(alt_alarm_start.o)
 .debug_aranges
                0x00000188       0x20 ../nameless_bsp/\libhal_bsp.a(alt_close.o)
 .debug_aranges
                0x000001a8       0x20 ../nameless_bsp/\libhal_bsp.a(alt_dcache_flush_all.o)
 .debug_aranges
                0x000001c8       0x20 ../nameless_bsp/\libhal_bsp.a(alt_dev.o)
 .debug_aranges
                0x000001e8       0x20 ../nameless_bsp/\libhal_bsp.a(alt_dev_llist_insert.o)
 .debug_aranges
                0x00000208       0x20 ../nameless_bsp/\libhal_bsp.a(alt_do_ctors.o)
 .debug_aranges
                0x00000228       0x20 ../nameless_bsp/\libhal_bsp.a(alt_do_dtors.o)
 .debug_aranges
                0x00000248       0x20 ../nameless_bsp/\libhal_bsp.a(alt_icache_flush_all.o)
 .debug_aranges
                0x00000268       0x20 ../nameless_bsp/\libhal_bsp.a(alt_iic.o)
 .debug_aranges
                0x00000288       0x20 ../nameless_bsp/\libhal_bsp.a(alt_iic_isr_register.o)
 .debug_aranges
                0x000002a8       0x20 ../nameless_bsp/\libhal_bsp.a(alt_io_redirect.o)
 .debug_aranges
                0x000002c8       0x30 ../nameless_bsp/\libhal_bsp.a(alt_irq_entry.o)
 .debug_aranges
                0x000002f8       0x28 ../nameless_bsp/\libhal_bsp.a(alt_irq_handler.o)
 .debug_aranges
                0x00000320       0x20 ../nameless_bsp/\libhal_bsp.a(alt_open.o)
 .debug_aranges
                0x00000340       0x20 ../nameless_bsp/\libhal_bsp.a(alt_release_fd.o)
 .debug_aranges
                0x00000360       0x20 ../nameless_bsp/\libhal_bsp.a(alt_tick.o)
 .debug_aranges
                0x00000380       0x20 ../nameless_bsp/\libhal_bsp.a(altera_nios2_qsys_irq.o)
 .debug_aranges
                0x000003a0       0x38 ../nameless_bsp/\libhal_bsp.a(alt_exception_entry.o)
 .debug_aranges
                0x000003d8       0x20 ../nameless_bsp/\libhal_bsp.a(alt_find_dev.o)
 .debug_aranges
                0x000003f8       0x20 ../nameless_bsp/\libhal_bsp.a(alt_find_file.o)
 .debug_aranges
                0x00000418       0x20 ../nameless_bsp/\libhal_bsp.a(alt_get_fd.o)
 .debug_aranges
                0x00000438       0x20 ../nameless_bsp/\libhal_bsp.a(alt_icache_flush.o)
 .debug_aranges
                0x00000458       0x20 c:/altera/13.0/nios2eds/bin/gnu/h-i686-mingw32/bin/../lib/gcc/nios2-elf/4.1.2/../../../../nios2-elf/lib\libc.a(lib_a-atexit.o)
 .debug_aranges
                0x00000478       0x20 c:/altera/13.0/nios2eds/bin/gnu/h-i686-mingw32/bin/../lib/gcc/nios2-elf/4.1.2/../../../../nios2-elf/lib\libc.a(lib_a-exit.o)
 .debug_aranges
                0x00000498       0x20 c:/altera/13.0/nios2eds/bin/gnu/h-i686-mingw32/bin/../lib/gcc/nios2-elf/4.1.2/../../../../nios2-elf/lib\libc.a(lib_a-memcmp.o)
 .debug_aranges
                0x000004b8       0x20 c:/altera/13.0/nios2eds/bin/gnu/h-i686-mingw32/bin/../lib/gcc/nios2-elf/4.1.2/../../../../nios2-elf/lib\libc.a(lib_a-memcpy.o)
 .debug_aranges
                0x000004d8       0x20 c:/altera/13.0/nios2eds/bin/gnu/h-i686-mingw32/bin/../lib/gcc/nios2-elf/4.1.2/../../../../nios2-elf/lib\libc.a(lib_a-strlen.o)
 .debug_aranges
                0x000004f8       0x20 c:/altera/13.0/nios2eds/bin/gnu/h-i686-mingw32/bin/../lib/gcc/nios2-elf/4.1.2/../../../../nios2-elf/lib\libc.a(lib_a-__atexit.o)
 .debug_aranges
                0x00000518       0x20 c:/altera/13.0/nios2eds/bin/gnu/h-i686-mingw32/bin/../lib/gcc/nios2-elf/4.1.2/../../../../nios2-elf/lib\libc.a(lib_a-__call_atexit.o)
 .debug_aranges
                0x00000538       0x20 ../nameless_bsp/\libhal_bsp.a(alt_exit.o)

.debug_pubnames
                0x00000000      0x7f0
 *(.debug_pubnames)
 .debug_pubnames
                0x00000000       0x1b obj/default/name.o
 .debug_pubnames
                0x0000001b       0x1f ../nameless_bsp/\libhal_bsp.a(alt_load.o)
 .debug_pubnames
                0x0000003a       0x46 ../nameless_bsp/\libhal_bsp.a(alt_main.o)
 .debug_pubnames
                0x00000080       0x34 ../nameless_bsp/\libhal_bsp.a(alt_sys_init.o)
 .debug_pubnames
                0x000000b4       0xa5 ../nameless_bsp/\libhal_bsp.a(altera_avalon_jtag_uart_fd.o)
 .debug_pubnames
                0x00000159       0x55 ../nameless_bsp/\libhal_bsp.a(altera_avalon_jtag_uart_init.o)
 .debug_pubnames
                0x000001ae       0x34 ../nameless_bsp/\libhal_bsp.a(altera_avalon_jtag_uart_ioctl.o)
 .debug_pubnames
                0x000001e2       0x33 ../nameless_bsp/\libhal_bsp.a(altera_avalon_jtag_uart_read.o)
 .debug_pubnames
                0x00000215       0x34 ../nameless_bsp/\libhal_bsp.a(altera_avalon_jtag_uart_write.o)
 .debug_pubnames
                0x00000249       0x2f ../nameless_bsp/\libhal_bsp.a(altera_avalon_timer_sc.o)
 .debug_pubnames
                0x00000278       0x26 ../nameless_bsp/\libhal_bsp.a(alt_alarm_start.o)
 .debug_pubnames
                0x0000029e       0x1c ../nameless_bsp/\libhal_bsp.a(alt_close.o)
 .debug_pubnames
                0x000002ba       0x2b ../nameless_bsp/\libhal_bsp.a(alt_dcache_flush_all.o)
 .debug_pubnames
                0x000002e5       0x63 ../nameless_bsp/\libhal_bsp.a(alt_dev.o)
 .debug_pubnames
                0x00000348       0x2b ../nameless_bsp/\libhal_bsp.a(alt_dev_llist_insert.o)
 .debug_pubnames
                0x00000373       0x20 ../nameless_bsp/\libhal_bsp.a(alt_do_ctors.o)
 .debug_pubnames
                0x00000393       0x20 ../nameless_bsp/\libhal_bsp.a(alt_do_dtors.o)
 .debug_pubnames
                0x000003b3       0x20 ../nameless_bsp/\libhal_bsp.a(alt_errno.o)
 .debug_pubnames
                0x000003d3       0x2b ../nameless_bsp/\libhal_bsp.a(alt_icache_flush_all.o)
 .debug_pubnames
                0x000003fe       0x6e ../nameless_bsp/\libhal_bsp.a(alt_iic.o)
 .debug_pubnames
                0x0000046c       0x2b ../nameless_bsp/\libhal_bsp.a(alt_iic_isr_register.o)
 .debug_pubnames
                0x00000497       0x26 ../nameless_bsp/\libhal_bsp.a(alt_io_redirect.o)
 .debug_pubnames
                0x000004bd       0x32 ../nameless_bsp/\libhal_bsp.a(alt_irq_handler.o)
 .debug_pubnames
                0x000004ef       0x3b ../nameless_bsp/\libhal_bsp.a(alt_irq_vars.o)
 .debug_pubnames
                0x0000052a       0x1b ../nameless_bsp/\libhal_bsp.a(alt_open.o)
 .debug_pubnames
                0x00000545       0x25 ../nameless_bsp/\libhal_bsp.a(alt_release_fd.o)
 .debug_pubnames
                0x0000056a       0x68 ../nameless_bsp/\libhal_bsp.a(alt_tick.o)
 .debug_pubnames
                0x000005d2       0x31 ../nameless_bsp/\libhal_bsp.a(altera_nios2_qsys_irq.o)
 .debug_pubnames
                0x00000603       0x23 ../nameless_bsp/\libhal_bsp.a(alt_find_dev.o)
 .debug_pubnames
                0x00000626       0x24 ../nameless_bsp/\libhal_bsp.a(alt_find_file.o)
 .debug_pubnames
                0x0000064a       0x21 ../nameless_bsp/\libhal_bsp.a(alt_get_fd.o)
 .debug_pubnames
                0x0000066b       0x27 ../nameless_bsp/\libhal_bsp.a(alt_icache_flush.o)
 .debug_pubnames
                0x00000692       0x2a c:/altera/13.0/nios2eds/bin/gnu/h-i686-mingw32/bin/../lib/gcc/nios2-elf/4.1.2/../../../../nios2-elf/lib\libc.a(lib_a-atexit.o)
 .debug_pubnames
                0x000006bc       0x1b c:/altera/13.0/nios2eds/bin/gnu/h-i686-mingw32/bin/../lib/gcc/nios2-elf/4.1.2/../../../../nios2-elf/lib\libc.a(lib_a-exit.o)
 .debug_pubnames
                0x000006d7       0x39 c:/altera/13.0/nios2eds/bin/gnu/h-i686-mingw32/bin/../lib/gcc/nios2-elf/4.1.2/../../../../nios2-elf/lib\libc.a(lib_a-impure.o)
 .debug_pubnames
                0x00000710       0x1c c:/altera/13.0/nios2eds/bin/gnu/h-i686-mingw32/bin/../lib/gcc/nios2-elf/4.1.2/../../../../nios2-elf/lib\libc.a(lib_a-int_errno.o)
 .debug_pubnames
                0x0000072c       0x1d c:/altera/13.0/nios2eds/bin/gnu/h-i686-mingw32/bin/../lib/gcc/nios2-elf/4.1.2/../../../../nios2-elf/lib\libc.a(lib_a-memcmp.o)
 .debug_pubnames
                0x00000749       0x1d c:/altera/13.0/nios2eds/bin/gnu/h-i686-mingw32/bin/../lib/gcc/nios2-elf/4.1.2/../../../../nios2-elf/lib\libc.a(lib_a-memcpy.o)
 .debug_pubnames
                0x00000766       0x1d c:/altera/13.0/nios2eds/bin/gnu/h-i686-mingw32/bin/../lib/gcc/nios2-elf/4.1.2/../../../../nios2-elf/lib\libc.a(lib_a-strlen.o)
 .debug_pubnames
                0x00000783       0x2a c:/altera/13.0/nios2eds/bin/gnu/h-i686-mingw32/bin/../lib/gcc/nios2-elf/4.1.2/../../../../nios2-elf/lib\libc.a(lib_a-__atexit.o)
 .debug_pubnames
                0x000007ad       0x27 c:/altera/13.0/nios2eds/bin/gnu/h-i686-mingw32/bin/../lib/gcc/nios2-elf/4.1.2/../../../../nios2-elf/lib\libc.a(lib_a-__call_atexit.o)
 .debug_pubnames
                0x000007d4       0x1c ../nameless_bsp/\libhal_bsp.a(alt_exit.o)

.debug_info     0x00000000     0x9ee8
 *(.debug_info .gnu.linkonce.wi.*)
 .debug_info    0x00000000       0x62 ../nameless_bsp//obj/HAL/src/crt0.o
 .debug_info    0x00000062      0x15f obj/default/name.o
 .debug_info    0x000001c1      0x274 ../nameless_bsp/\libhal_bsp.a(alt_load.o)
 .debug_info    0x00000435      0x20c ../nameless_bsp/\libhal_bsp.a(alt_main.o)
 .debug_info    0x00000641      0x707 ../nameless_bsp/\libhal_bsp.a(alt_sys_init.o)
 .debug_info    0x00000d48      0x7c0 ../nameless_bsp/\libhal_bsp.a(altera_avalon_jtag_uart_fd.o)
 .debug_info    0x00001508      0x5e8 ../nameless_bsp/\libhal_bsp.a(altera_avalon_jtag_uart_init.o)
 .debug_info    0x00001af0      0x42a ../nameless_bsp/\libhal_bsp.a(altera_avalon_jtag_uart_ioctl.o)
 .debug_info    0x00001f1a      0x52d ../nameless_bsp/\libhal_bsp.a(altera_avalon_jtag_uart_read.o)
 .debug_info    0x00002447      0x525 ../nameless_bsp/\libhal_bsp.a(altera_avalon_jtag_uart_write.o)
 .debug_info    0x0000296c      0x372 ../nameless_bsp/\libhal_bsp.a(altera_avalon_timer_sc.o)
 .debug_info    0x00002cde      0x429 ../nameless_bsp/\libhal_bsp.a(alt_alarm_start.o)
 .debug_info    0x00003107      0x44e ../nameless_bsp/\libhal_bsp.a(alt_close.o)
 .debug_info    0x00003555      0x143 ../nameless_bsp/\libhal_bsp.a(alt_dcache_flush_all.o)
 .debug_info    0x00003698      0x666 ../nameless_bsp/\libhal_bsp.a(alt_dev.o)
 .debug_info    0x00003cfe      0x29e ../nameless_bsp/\libhal_bsp.a(alt_dev_llist_insert.o)
 .debug_info    0x00003f9c       0xf6 ../nameless_bsp/\libhal_bsp.a(alt_do_ctors.o)
 .debug_info    0x00004092       0xf5 ../nameless_bsp/\libhal_bsp.a(alt_do_dtors.o)
 .debug_info    0x00004187      0x14b ../nameless_bsp/\libhal_bsp.a(alt_errno.o)
 .debug_info    0x000042d2      0x143 ../nameless_bsp/\libhal_bsp.a(alt_icache_flush_all.o)
 .debug_info    0x00004415      0x47a ../nameless_bsp/\libhal_bsp.a(alt_iic.o)
 .debug_info    0x0000488f      0x2fb ../nameless_bsp/\libhal_bsp.a(alt_iic_isr_register.o)
 .debug_info    0x00004b8a      0x67c ../nameless_bsp/\libhal_bsp.a(alt_io_redirect.o)
 .debug_info    0x00005206       0x6b ../nameless_bsp/\libhal_bsp.a(alt_irq_entry.o)
 .debug_info    0x00005271      0x25c ../nameless_bsp/\libhal_bsp.a(alt_irq_handler.o)
 .debug_info    0x000054cd      0x14e ../nameless_bsp/\libhal_bsp.a(alt_irq_vars.o)
 .debug_info    0x0000561b      0x50c ../nameless_bsp/\libhal_bsp.a(alt_open.o)
 .debug_info    0x00005b27      0x3d9 ../nameless_bsp/\libhal_bsp.a(alt_release_fd.o)
 .debug_info    0x00005f00      0x3e5 ../nameless_bsp/\libhal_bsp.a(alt_tick.o)
 .debug_info    0x000062e5      0x14a ../nameless_bsp/\libhal_bsp.a(altera_nios2_qsys_irq.o)
 .debug_info    0x0000642f       0x71 ../nameless_bsp/\libhal_bsp.a(alt_exception_entry.o)
 .debug_info    0x000064a0      0x3ff ../nameless_bsp/\libhal_bsp.a(alt_find_dev.o)
 .debug_info    0x0000689f      0x406 ../nameless_bsp/\libhal_bsp.a(alt_find_file.o)
 .debug_info    0x00006ca5      0x447 ../nameless_bsp/\libhal_bsp.a(alt_get_fd.o)
 .debug_info    0x000070ec      0x18b ../nameless_bsp/\libhal_bsp.a(alt_icache_flush.o)
 .debug_info    0x00007277      0x181 c:/altera/13.0/nios2eds/bin/gnu/h-i686-mingw32/bin/../lib/gcc/nios2-elf/4.1.2/../../../../nios2-elf/lib\libc.a(lib_a-atexit.o)
 .debug_info    0x000073f8      0x93f c:/altera/13.0/nios2eds/bin/gnu/h-i686-mingw32/bin/../lib/gcc/nios2-elf/4.1.2/../../../../nios2-elf/lib\libc.a(lib_a-exit.o)
 .debug_info    0x00007d37      0x93d c:/altera/13.0/nios2eds/bin/gnu/h-i686-mingw32/bin/../lib/gcc/nios2-elf/4.1.2/../../../../nios2-elf/lib\libc.a(lib_a-impure.o)
 .debug_info    0x00008674       0x8c c:/altera/13.0/nios2eds/bin/gnu/h-i686-mingw32/bin/../lib/gcc/nios2-elf/4.1.2/../../../../nios2-elf/lib\libc.a(lib_a-int_errno.o)
 .debug_info    0x00008700      0x115 c:/altera/13.0/nios2eds/bin/gnu/h-i686-mingw32/bin/../lib/gcc/nios2-elf/4.1.2/../../../../nios2-elf/lib\libc.a(lib_a-memcmp.o)
 .debug_info    0x00008815      0x106 c:/altera/13.0/nios2eds/bin/gnu/h-i686-mingw32/bin/../lib/gcc/nios2-elf/4.1.2/../../../../nios2-elf/lib\libc.a(lib_a-memcpy.o)
 .debug_info    0x0000891b       0xdb c:/altera/13.0/nios2eds/bin/gnu/h-i686-mingw32/bin/../lib/gcc/nios2-elf/4.1.2/../../../../nios2-elf/lib\libc.a(lib_a-strlen.o)
 .debug_info    0x000089f6      0x99c c:/altera/13.0/nios2eds/bin/gnu/h-i686-mingw32/bin/../lib/gcc/nios2-elf/4.1.2/../../../../nios2-elf/lib\libc.a(lib_a-__atexit.o)
 .debug_info    0x00009392      0x9e2 c:/altera/13.0/nios2eds/bin/gnu/h-i686-mingw32/bin/../lib/gcc/nios2-elf/4.1.2/../../../../nios2-elf/lib\libc.a(lib_a-__call_atexit.o)
 .debug_info    0x00009d74      0x174 ../nameless_bsp/\libhal_bsp.a(alt_exit.o)

.debug_abbrev   0x00000000     0x2557
 *(.debug_abbrev)
 .debug_abbrev  0x00000000       0x12 ../nameless_bsp//obj/HAL/src/crt0.o
 .debug_abbrev  0x00000012       0x4e obj/default/name.o
 .debug_abbrev  0x00000060       0x88 ../nameless_bsp/\libhal_bsp.a(alt_load.o)
 .debug_abbrev  0x000000e8       0xb7 ../nameless_bsp/\libhal_bsp.a(alt_main.o)
 .debug_abbrev  0x0000019f      0x142 ../nameless_bsp/\libhal_bsp.a(alt_sys_init.o)
 .debug_abbrev  0x000002e1       0xf7 ../nameless_bsp/\libhal_bsp.a(altera_avalon_jtag_uart_fd.o)
 .debug_abbrev  0x000003d8      0x17c ../nameless_bsp/\libhal_bsp.a(altera_avalon_jtag_uart_init.o)
 .debug_abbrev  0x00000554       0xf0 ../nameless_bsp/\libhal_bsp.a(altera_avalon_jtag_uart_ioctl.o)
 .debug_abbrev  0x00000644      0x191 ../nameless_bsp/\libhal_bsp.a(altera_avalon_jtag_uart_read.o)
 .debug_abbrev  0x000007d5      0x18d ../nameless_bsp/\libhal_bsp.a(altera_avalon_jtag_uart_write.o)
 .debug_abbrev  0x00000962      0x137 ../nameless_bsp/\libhal_bsp.a(altera_avalon_timer_sc.o)
 .debug_abbrev  0x00000a99      0x172 ../nameless_bsp/\libhal_bsp.a(alt_alarm_start.o)
 .debug_abbrev  0x00000c0b       0xfb ../nameless_bsp/\libhal_bsp.a(alt_close.o)
 .debug_abbrev  0x00000d06       0x3f ../nameless_bsp/\libhal_bsp.a(alt_dcache_flush_all.o)
 .debug_abbrev  0x00000d45       0xc7 ../nameless_bsp/\libhal_bsp.a(alt_dev.o)
 .debug_abbrev  0x00000e0c       0xf6 ../nameless_bsp/\libhal_bsp.a(alt_dev_llist_insert.o)
 .debug_abbrev  0x00000f02       0x76 ../nameless_bsp/\libhal_bsp.a(alt_do_ctors.o)
 .debug_abbrev  0x00000f78       0x76 ../nameless_bsp/\libhal_bsp.a(alt_do_dtors.o)
 .debug_abbrev  0x00000fee       0x5e ../nameless_bsp/\libhal_bsp.a(alt_errno.o)
 .debug_abbrev  0x0000104c       0x3f ../nameless_bsp/\libhal_bsp.a(alt_icache_flush_all.o)
 .debug_abbrev  0x0000108b      0x134 ../nameless_bsp/\libhal_bsp.a(alt_iic.o)
 .debug_abbrev  0x000011bf      0x14e ../nameless_bsp/\libhal_bsp.a(alt_iic_isr_register.o)
 .debug_abbrev  0x0000130d       0xf0 ../nameless_bsp/\libhal_bsp.a(alt_io_redirect.o)
 .debug_abbrev  0x000013fd       0x12 ../nameless_bsp/\libhal_bsp.a(alt_irq_entry.o)
 .debug_abbrev  0x0000140f      0x10c ../nameless_bsp/\libhal_bsp.a(alt_irq_handler.o)
 .debug_abbrev  0x0000151b       0x44 ../nameless_bsp/\libhal_bsp.a(alt_irq_vars.o)
 .debug_abbrev  0x0000155f      0x112 ../nameless_bsp/\libhal_bsp.a(alt_open.o)
 .debug_abbrev  0x00001671       0xc1 ../nameless_bsp/\libhal_bsp.a(alt_release_fd.o)
 .debug_abbrev  0x00001732      0x150 ../nameless_bsp/\libhal_bsp.a(alt_tick.o)
 .debug_abbrev  0x00001882       0x3f ../nameless_bsp/\libhal_bsp.a(altera_nios2_qsys_irq.o)
 .debug_abbrev  0x000018c1       0x12 ../nameless_bsp/\libhal_bsp.a(alt_exception_entry.o)
 .debug_abbrev  0x000018d3       0xcf ../nameless_bsp/\libhal_bsp.a(alt_find_dev.o)
 .debug_abbrev  0x000019a2       0xcf ../nameless_bsp/\libhal_bsp.a(alt_find_file.o)
 .debug_abbrev  0x00001a71       0xfb ../nameless_bsp/\libhal_bsp.a(alt_get_fd.o)
 .debug_abbrev  0x00001b6c       0x7a ../nameless_bsp/\libhal_bsp.a(alt_icache_flush.o)
 .debug_abbrev  0x00001be6       0xb7 c:/altera/13.0/nios2eds/bin/gnu/h-i686-mingw32/bin/../lib/gcc/nios2-elf/4.1.2/../../../../nios2-elf/lib\libc.a(lib_a-atexit.o)
 .debug_abbrev  0x00001c9d      0x16e c:/altera/13.0/nios2eds/bin/gnu/h-i686-mingw32/bin/../lib/gcc/nios2-elf/4.1.2/../../../../nios2-elf/lib\libc.a(lib_a-exit.o)
 .debug_abbrev  0x00001e0b      0x157 c:/altera/13.0/nios2eds/bin/gnu/h-i686-mingw32/bin/../lib/gcc/nios2-elf/4.1.2/../../../../nios2-elf/lib\libc.a(lib_a-impure.o)
 .debug_abbrev  0x00001f62       0x3b c:/altera/13.0/nios2eds/bin/gnu/h-i686-mingw32/bin/../lib/gcc/nios2-elf/4.1.2/../../../../nios2-elf/lib\libc.a(lib_a-int_errno.o)
 .debug_abbrev  0x00001f9d       0x7c c:/altera/13.0/nios2eds/bin/gnu/h-i686-mingw32/bin/../lib/gcc/nios2-elf/4.1.2/../../../../nios2-elf/lib\libc.a(lib_a-memcmp.o)
 .debug_abbrev  0x00002019       0xb5 c:/altera/13.0/nios2eds/bin/gnu/h-i686-mingw32/bin/../lib/gcc/nios2-elf/4.1.2/../../../../nios2-elf/lib\libc.a(lib_a-memcpy.o)
 .debug_abbrev  0x000020ce       0x8b c:/altera/13.0/nios2eds/bin/gnu/h-i686-mingw32/bin/../lib/gcc/nios2-elf/4.1.2/../../../../nios2-elf/lib\libc.a(lib_a-strlen.o)
 .debug_abbrev  0x00002159      0x1ae c:/altera/13.0/nios2eds/bin/gnu/h-i686-mingw32/bin/../lib/gcc/nios2-elf/4.1.2/../../../../nios2-elf/lib\libc.a(lib_a-__atexit.o)
 .debug_abbrev  0x00002307      0x1de c:/altera/13.0/nios2eds/bin/gnu/h-i686-mingw32/bin/../lib/gcc/nios2-elf/4.1.2/../../../../nios2-elf/lib\libc.a(lib_a-__call_atexit.o)
 .debug_abbrev  0x000024e5       0x72 ../nameless_bsp/\libhal_bsp.a(alt_exit.o)

.debug_line     0x00000000     0x6353
 *(.debug_line)
 .debug_line    0x00000000       0x6c ../nameless_bsp//obj/HAL/src/crt0.o
 .debug_line    0x0000006c      0x235 obj/default/name.o
 .debug_line    0x000002a1      0x211 ../nameless_bsp/\libhal_bsp.a(alt_load.o)
 .debug_line    0x000004b2      0x2c4 ../nameless_bsp/\libhal_bsp.a(alt_main.o)
 .debug_line    0x00000776      0x2c1 ../nameless_bsp/\libhal_bsp.a(alt_sys_init.o)
 .debug_line    0x00000a37      0x214 ../nameless_bsp/\libhal_bsp.a(altera_avalon_jtag_uart_fd.o)
 .debug_line    0x00000c4b      0x4a5 ../nameless_bsp/\libhal_bsp.a(altera_avalon_jtag_uart_init.o)
 .debug_line    0x000010f0      0x311 ../nameless_bsp/\libhal_bsp.a(altera_avalon_jtag_uart_ioctl.o)
 .debug_line    0x00001401      0x3f1 ../nameless_bsp/\libhal_bsp.a(altera_avalon_jtag_uart_read.o)
 .debug_line    0x000017f2      0x3ff ../nameless_bsp/\libhal_bsp.a(altera_avalon_jtag_uart_write.o)
 .debug_line    0x00001bf1      0x2ad ../nameless_bsp/\libhal_bsp.a(altera_avalon_timer_sc.o)
 .debug_line    0x00001e9e      0x2d6 ../nameless_bsp/\libhal_bsp.a(alt_alarm_start.o)
 .debug_line    0x00002174      0x293 ../nameless_bsp/\libhal_bsp.a(alt_close.o)
 .debug_line    0x00002407      0x1af ../nameless_bsp/\libhal_bsp.a(alt_dcache_flush_all.o)
 .debug_line    0x000025b6      0x24e ../nameless_bsp/\libhal_bsp.a(alt_dev.o)
 .debug_line    0x00002804      0x254 ../nameless_bsp/\libhal_bsp.a(alt_dev_llist_insert.o)
 .debug_line    0x00002a58       0x83 ../nameless_bsp/\libhal_bsp.a(alt_do_ctors.o)
 .debug_line    0x00002adb       0x83 ../nameless_bsp/\libhal_bsp.a(alt_do_dtors.o)
 .debug_line    0x00002b5e      0x1a4 ../nameless_bsp/\libhal_bsp.a(alt_errno.o)
 .debug_line    0x00002d02      0x1b7 ../nameless_bsp/\libhal_bsp.a(alt_icache_flush_all.o)
 .debug_line    0x00002eb9      0x2c2 ../nameless_bsp/\libhal_bsp.a(alt_iic.o)
 .debug_line    0x0000317b      0x243 ../nameless_bsp/\libhal_bsp.a(alt_iic_isr_register.o)
 .debug_line    0x000033be      0x2ae ../nameless_bsp/\libhal_bsp.a(alt_io_redirect.o)
 .debug_line    0x0000366c       0x6b ../nameless_bsp/\libhal_bsp.a(alt_irq_entry.o)
 .debug_line    0x000036d7      0x242 ../nameless_bsp/\libhal_bsp.a(alt_irq_handler.o)
 .debug_line    0x00003919       0x72 ../nameless_bsp/\libhal_bsp.a(alt_irq_vars.o)
 .debug_line    0x0000398b      0x2f9 ../nameless_bsp/\libhal_bsp.a(alt_open.o)
 .debug_line    0x00003c84       0xed ../nameless_bsp/\libhal_bsp.a(alt_release_fd.o)
 .debug_line    0x00003d71      0x2d6 ../nameless_bsp/\libhal_bsp.a(alt_tick.o)
 .debug_line    0x00004047      0x1c8 ../nameless_bsp/\libhal_bsp.a(altera_nios2_qsys_irq.o)
 .debug_line    0x0000420f       0xab ../nameless_bsp/\libhal_bsp.a(alt_exception_entry.o)
 .debug_line    0x000042ba      0x265 ../nameless_bsp/\libhal_bsp.a(alt_find_dev.o)
 .debug_line    0x0000451f      0x276 ../nameless_bsp/\libhal_bsp.a(alt_find_file.o)
 .debug_line    0x00004795      0x291 ../nameless_bsp/\libhal_bsp.a(alt_get_fd.o)
 .debug_line    0x00004a26      0x1f3 ../nameless_bsp/\libhal_bsp.a(alt_icache_flush.o)
 .debug_line    0x00004c19      0x1fa c:/altera/13.0/nios2eds/bin/gnu/h-i686-mingw32/bin/../lib/gcc/nios2-elf/4.1.2/../../../../nios2-elf/lib\libc.a(lib_a-atexit.o)
 .debug_line    0x00004e13      0x232 c:/altera/13.0/nios2eds/bin/gnu/h-i686-mingw32/bin/../lib/gcc/nios2-elf/4.1.2/../../../../nios2-elf/lib\libc.a(lib_a-exit.o)
 .debug_line    0x00005045      0x224 c:/altera/13.0/nios2eds/bin/gnu/h-i686-mingw32/bin/../lib/gcc/nios2-elf/4.1.2/../../../../nios2-elf/lib\libc.a(lib_a-impure.o)
 .debug_line    0x00005269      0x1d9 c:/altera/13.0/nios2eds/bin/gnu/h-i686-mingw32/bin/../lib/gcc/nios2-elf/4.1.2/../../../../nios2-elf/lib\libc.a(lib_a-int_errno.o)
 .debug_line    0x00005442      0x296 c:/altera/13.0/nios2eds/bin/gnu/h-i686-mingw32/bin/../lib/gcc/nios2-elf/4.1.2/../../../../nios2-elf/lib\libc.a(lib_a-memcmp.o)
 .debug_line    0x000056d8      0x1a9 c:/altera/13.0/nios2eds/bin/gnu/h-i686-mingw32/bin/../lib/gcc/nios2-elf/4.1.2/../../../../nios2-elf/lib\libc.a(lib_a-memcpy.o)
 .debug_line    0x00005881      0x264 c:/altera/13.0/nios2eds/bin/gnu/h-i686-mingw32/bin/../lib/gcc/nios2-elf/4.1.2/../../../../nios2-elf/lib\libc.a(lib_a-strlen.o)
 .debug_line    0x00005ae5      0x30d c:/altera/13.0/nios2eds/bin/gnu/h-i686-mingw32/bin/../lib/gcc/nios2-elf/4.1.2/../../../../nios2-elf/lib\libc.a(lib_a-__atexit.o)
 .debug_line    0x00005df2      0x361 c:/altera/13.0/nios2eds/bin/gnu/h-i686-mingw32/bin/../lib/gcc/nios2-elf/4.1.2/../../../../nios2-elf/lib\libc.a(lib_a-__call_atexit.o)
 .debug_line    0x00006153      0x200 ../nameless_bsp/\libhal_bsp.a(alt_exit.o)

.debug_frame    0x00000000      0x8ac
 *(.debug_frame)
 .debug_frame   0x00000000       0x2c obj/default/name.o
 .debug_frame   0x0000002c       0x48 ../nameless_bsp/\libhal_bsp.a(alt_load.o)
 .debug_frame   0x00000074       0x2c ../nameless_bsp/\libhal_bsp.a(alt_main.o)
 .debug_frame   0x000000a0       0x64 ../nameless_bsp/\libhal_bsp.a(alt_sys_init.o)
 .debug_frame   0x00000104       0x80 ../nameless_bsp/\libhal_bsp.a(altera_avalon_jtag_uart_fd.o)
 .debug_frame   0x00000184       0x80 ../nameless_bsp/\libhal_bsp.a(altera_avalon_jtag_uart_init.o)
 .debug_frame   0x00000204       0x2c ../nameless_bsp/\libhal_bsp.a(altera_avalon_jtag_uart_ioctl.o)
 .debug_frame   0x00000230       0x2c ../nameless_bsp/\libhal_bsp.a(altera_avalon_jtag_uart_read.o)
 .debug_frame   0x0000025c       0x2c ../nameless_bsp/\libhal_bsp.a(altera_avalon_jtag_uart_write.o)
 .debug_frame   0x00000288       0x48 ../nameless_bsp/\libhal_bsp.a(altera_avalon_timer_sc.o)
 .debug_frame   0x000002d0       0x2c ../nameless_bsp/\libhal_bsp.a(alt_alarm_start.o)
 .debug_frame   0x000002fc       0x48 ../nameless_bsp/\libhal_bsp.a(alt_close.o)
 .debug_frame   0x00000344       0x2c ../nameless_bsp/\libhal_bsp.a(alt_dcache_flush_all.o)
 .debug_frame   0x00000370       0x2c ../nameless_bsp/\libhal_bsp.a(alt_dev.o)
 .debug_frame   0x0000039c       0x48 ../nameless_bsp/\libhal_bsp.a(alt_dev_llist_insert.o)
 .debug_frame   0x000003e4       0x2c ../nameless_bsp/\libhal_bsp.a(alt_do_ctors.o)
 .debug_frame   0x00000410       0x2c ../nameless_bsp/\libhal_bsp.a(alt_do_dtors.o)
 .debug_frame   0x0000043c       0x2c ../nameless_bsp/\libhal_bsp.a(alt_icache_flush_all.o)
 .debug_frame   0x00000468       0x80 ../nameless_bsp/\libhal_bsp.a(alt_iic.o)
 .debug_frame   0x000004e8       0x2c ../nameless_bsp/\libhal_bsp.a(alt_iic_isr_register.o)
 .debug_frame   0x00000514       0x48 ../nameless_bsp/\libhal_bsp.a(alt_io_redirect.o)
 .debug_frame   0x0000055c       0x2c ../nameless_bsp/\libhal_bsp.a(alt_irq_handler.o)
 .debug_frame   0x00000588       0x64 ../nameless_bsp/\libhal_bsp.a(alt_open.o)
 .debug_frame   0x000005ec       0x2c ../nameless_bsp/\libhal_bsp.a(alt_release_fd.o)
 .debug_frame   0x00000618       0x48 ../nameless_bsp/\libhal_bsp.a(alt_tick.o)
 .debug_frame   0x00000660       0x2c ../nameless_bsp/\libhal_bsp.a(altera_nios2_qsys_irq.o)
 .debug_frame   0x0000068c       0x2c ../nameless_bsp/\libhal_bsp.a(alt_find_dev.o)
 .debug_frame   0x000006b8       0x2c ../nameless_bsp/\libhal_bsp.a(alt_find_file.o)
 .debug_frame   0x000006e4       0x2c ../nameless_bsp/\libhal_bsp.a(alt_get_fd.o)
 .debug_frame   0x00000710       0x2c ../nameless_bsp/\libhal_bsp.a(alt_icache_flush.o)
 .debug_frame   0x0000073c       0x20 c:/altera/13.0/nios2eds/bin/gnu/h-i686-mingw32/bin/../lib/gcc/nios2-elf/4.1.2/../../../../nios2-elf/lib\libc.a(lib_a-atexit.o)
 .debug_frame   0x0000075c       0x28 c:/altera/13.0/nios2eds/bin/gnu/h-i686-mingw32/bin/../lib/gcc/nios2-elf/4.1.2/../../../../nios2-elf/lib\libc.a(lib_a-exit.o)
 .debug_frame   0x00000784       0x20 c:/altera/13.0/nios2eds/bin/gnu/h-i686-mingw32/bin/../lib/gcc/nios2-elf/4.1.2/../../../../nios2-elf/lib\libc.a(lib_a-memcmp.o)
 .debug_frame   0x000007a4       0x20 c:/altera/13.0/nios2eds/bin/gnu/h-i686-mingw32/bin/../lib/gcc/nios2-elf/4.1.2/../../../../nios2-elf/lib\libc.a(lib_a-memcpy.o)
 .debug_frame   0x000007c4       0x20 c:/altera/13.0/nios2eds/bin/gnu/h-i686-mingw32/bin/../lib/gcc/nios2-elf/4.1.2/../../../../nios2-elf/lib\libc.a(lib_a-strlen.o)
 .debug_frame   0x000007e4       0x34 c:/altera/13.0/nios2eds/bin/gnu/h-i686-mingw32/bin/../lib/gcc/nios2-elf/4.1.2/../../../../nios2-elf/lib\libc.a(lib_a-__atexit.o)
 .debug_frame   0x00000818       0x4c c:/altera/13.0/nios2eds/bin/gnu/h-i686-mingw32/bin/../lib/gcc/nios2-elf/4.1.2/../../../../nios2-elf/lib\libc.a(lib_a-__call_atexit.o)
 .debug_frame   0x00000864       0x48 ../nameless_bsp/\libhal_bsp.a(alt_exit.o)

.debug_str      0x00000000      0xab3
 *(.debug_str)
 .debug_str     0x00000000       0x12 obj/default/name.o
 .debug_str     0x00000012       0x12 ../nameless_bsp/\libhal_bsp.a(alt_load.o)
 .debug_str     0x00000024       0x12 ../nameless_bsp/\libhal_bsp.a(alt_main.o)
 .debug_str     0x00000036       0x12 ../nameless_bsp/\libhal_bsp.a(alt_sys_init.o)
 .debug_str     0x00000048       0x12 ../nameless_bsp/\libhal_bsp.a(altera_avalon_jtag_uart_fd.o)
 .debug_str     0x0000005a       0x1a ../nameless_bsp/\libhal_bsp.a(altera_avalon_jtag_uart_init.o)
 .debug_str     0x00000074       0x12 ../nameless_bsp/\libhal_bsp.a(altera_avalon_jtag_uart_ioctl.o)
 .debug_str     0x00000086       0x1a ../nameless_bsp/\libhal_bsp.a(altera_avalon_jtag_uart_read.o)
 .debug_str     0x000000a0       0x1a ../nameless_bsp/\libhal_bsp.a(altera_avalon_jtag_uart_write.o)
 .debug_str     0x000000ba       0x12 ../nameless_bsp/\libhal_bsp.a(altera_avalon_timer_sc.o)
 .debug_str     0x000000cc       0x23 ../nameless_bsp/\libhal_bsp.a(alt_alarm_start.o)
 .debug_str     0x000000ef       0x12 ../nameless_bsp/\libhal_bsp.a(alt_close.o)
 .debug_str     0x00000101       0x12 ../nameless_bsp/\libhal_bsp.a(alt_dcache_flush_all.o)
 .debug_str     0x00000113       0x12 ../nameless_bsp/\libhal_bsp.a(alt_dev.o)
 .debug_str     0x00000125       0x12 ../nameless_bsp/\libhal_bsp.a(alt_dev_llist_insert.o)
 .debug_str     0x00000137       0x12 ../nameless_bsp/\libhal_bsp.a(alt_errno.o)
 .debug_str     0x00000149       0x12 ../nameless_bsp/\libhal_bsp.a(alt_icache_flush_all.o)
 .debug_str     0x0000015b       0x18 ../nameless_bsp/\libhal_bsp.a(alt_iic.o)
 .debug_str     0x00000173       0x1a ../nameless_bsp/\libhal_bsp.a(alt_iic_isr_register.o)
 .debug_str     0x0000018d       0x12 ../nameless_bsp/\libhal_bsp.a(alt_io_redirect.o)
 .debug_str     0x0000019f       0x12 ../nameless_bsp/\libhal_bsp.a(alt_irq_handler.o)
 .debug_str     0x000001b1       0x12 ../nameless_bsp/\libhal_bsp.a(alt_open.o)
 .debug_str     0x000001c3       0x1a ../nameless_bsp/\libhal_bsp.a(alt_tick.o)
 .debug_str     0x000001dd       0x12 ../nameless_bsp/\libhal_bsp.a(altera_nios2_qsys_irq.o)
 .debug_str     0x000001ef       0x12 ../nameless_bsp/\libhal_bsp.a(alt_find_dev.o)
 .debug_str     0x00000201       0x12 ../nameless_bsp/\libhal_bsp.a(alt_find_file.o)
 .debug_str     0x00000213       0x12 ../nameless_bsp/\libhal_bsp.a(alt_get_fd.o)
 .debug_str     0x00000225       0x12 ../nameless_bsp/\libhal_bsp.a(alt_icache_flush.o)
 .debug_str     0x00000237      0x176 c:/altera/13.0/nios2eds/bin/gnu/h-i686-mingw32/bin/../lib/gcc/nios2-elf/4.1.2/../../../../nios2-elf/lib\libc.a(lib_a-atexit.o)
                                0x1bc (size before relaxing)
 .debug_str     0x000003ad      0x384 c:/altera/13.0/nios2eds/bin/gnu/h-i686-mingw32/bin/../lib/gcc/nios2-elf/4.1.2/../../../../nios2-elf/lib\libc.a(lib_a-exit.o)
                                0x509 (size before relaxing)
 .debug_str     0x00000731       0xce c:/altera/13.0/nios2eds/bin/gnu/h-i686-mingw32/bin/../lib/gcc/nios2-elf/4.1.2/../../../../nios2-elf/lib\libc.a(lib_a-impure.o)
                                0x517 (size before relaxing)
 .debug_str     0x000007ff       0x3d c:/altera/13.0/nios2eds/bin/gnu/h-i686-mingw32/bin/../lib/gcc/nios2-elf/4.1.2/../../../../nios2-elf/lib\libc.a(lib_a-int_errno.o)
                                0x160 (size before relaxing)
 .debug_str     0x0000083c       0xd2 c:/altera/13.0/nios2eds/bin/gnu/h-i686-mingw32/bin/../lib/gcc/nios2-elf/4.1.2/../../../../nios2-elf/lib\libc.a(lib_a-memcmp.o)
                                0x167 (size before relaxing)
 .debug_str     0x0000090e       0x69 c:/altera/13.0/nios2eds/bin/gnu/h-i686-mingw32/bin/../lib/gcc/nios2-elf/4.1.2/../../../../nios2-elf/lib\libc.a(lib_a-memcpy.o)
                                0x125 (size before relaxing)
 .debug_str     0x00000977       0x4f c:/altera/13.0/nios2eds/bin/gnu/h-i686-mingw32/bin/../lib/gcc/nios2-elf/4.1.2/../../../../nios2-elf/lib\libc.a(lib_a-strlen.o)
                                0x17a (size before relaxing)
 .debug_str     0x000009c6       0x56 c:/altera/13.0/nios2eds/bin/gnu/h-i686-mingw32/bin/../lib/gcc/nios2-elf/4.1.2/../../../../nios2-elf/lib\libc.a(lib_a-__atexit.o)
                                0x521 (size before relaxing)
 .debug_str     0x00000a1c       0x7b c:/altera/13.0/nios2eds/bin/gnu/h-i686-mingw32/bin/../lib/gcc/nios2-elf/4.1.2/../../../../nios2-elf/lib\libc.a(lib_a-__call_atexit.o)
                                0x54b (size before relaxing)
 .debug_str     0x00000a97       0x1c ../nameless_bsp/\libhal_bsp.a(alt_exit.o)

.debug_loc      0x00000000      0xdf1
 *(.debug_loc)
 .debug_loc     0x00000000       0x2b obj/default/name.o
 .debug_loc     0x0000002b       0x56 ../nameless_bsp/\libhal_bsp.a(alt_load.o)
 .debug_loc     0x00000081       0x2b ../nameless_bsp/\libhal_bsp.a(alt_main.o)
 .debug_loc     0x000000ac       0x81 ../nameless_bsp/\libhal_bsp.a(alt_sys_init.o)
 .debug_loc     0x0000012d       0xac ../nameless_bsp/\libhal_bsp.a(altera_avalon_jtag_uart_fd.o)
 .debug_loc     0x000001d9       0xac ../nameless_bsp/\libhal_bsp.a(altera_avalon_jtag_uart_init.o)
 .debug_loc     0x00000285       0x2b ../nameless_bsp/\libhal_bsp.a(altera_avalon_jtag_uart_ioctl.o)
 .debug_loc     0x000002b0       0x2b ../nameless_bsp/\libhal_bsp.a(altera_avalon_jtag_uart_read.o)
 .debug_loc     0x000002db       0x2b ../nameless_bsp/\libhal_bsp.a(altera_avalon_jtag_uart_write.o)
 .debug_loc     0x00000306       0x56 ../nameless_bsp/\libhal_bsp.a(altera_avalon_timer_sc.o)
 .debug_loc     0x0000035c       0x2b ../nameless_bsp/\libhal_bsp.a(alt_alarm_start.o)
 .debug_loc     0x00000387       0x56 ../nameless_bsp/\libhal_bsp.a(alt_close.o)
 .debug_loc     0x000003dd       0x2b ../nameless_bsp/\libhal_bsp.a(alt_dcache_flush_all.o)
 .debug_loc     0x00000408       0x2b ../nameless_bsp/\libhal_bsp.a(alt_dev.o)
 .debug_loc     0x00000433       0x56 ../nameless_bsp/\libhal_bsp.a(alt_dev_llist_insert.o)
 .debug_loc     0x00000489       0x2b ../nameless_bsp/\libhal_bsp.a(alt_do_ctors.o)
 .debug_loc     0x000004b4       0x2b ../nameless_bsp/\libhal_bsp.a(alt_do_dtors.o)
 .debug_loc     0x000004df       0x2b ../nameless_bsp/\libhal_bsp.a(alt_icache_flush_all.o)
 .debug_loc     0x0000050a       0xac ../nameless_bsp/\libhal_bsp.a(alt_iic.o)
 .debug_loc     0x000005b6       0x2b ../nameless_bsp/\libhal_bsp.a(alt_iic_isr_register.o)
 .debug_loc     0x000005e1       0x56 ../nameless_bsp/\libhal_bsp.a(alt_io_redirect.o)
 .debug_loc     0x00000637       0x2b ../nameless_bsp/\libhal_bsp.a(alt_irq_handler.o)
 .debug_loc     0x00000662       0x81 ../nameless_bsp/\libhal_bsp.a(alt_open.o)
 .debug_loc     0x000006e3       0x2b ../nameless_bsp/\libhal_bsp.a(alt_release_fd.o)
 .debug_loc     0x0000070e       0x56 ../nameless_bsp/\libhal_bsp.a(alt_tick.o)
 .debug_loc     0x00000764       0x2b ../nameless_bsp/\libhal_bsp.a(altera_nios2_qsys_irq.o)
 .debug_loc     0x0000078f       0x2b ../nameless_bsp/\libhal_bsp.a(alt_find_dev.o)
 .debug_loc     0x000007ba       0x2b ../nameless_bsp/\libhal_bsp.a(alt_find_file.o)
 .debug_loc     0x000007e5       0x2b ../nameless_bsp/\libhal_bsp.a(alt_get_fd.o)
 .debug_loc     0x00000810       0x2b ../nameless_bsp/\libhal_bsp.a(alt_icache_flush.o)
 .debug_loc     0x0000083b       0x1e c:/altera/13.0/nios2eds/bin/gnu/h-i686-mingw32/bin/../lib/gcc/nios2-elf/4.1.2/../../../../nios2-elf/lib\libc.a(lib_a-atexit.o)
 .debug_loc     0x00000859       0x3d c:/altera/13.0/nios2eds/bin/gnu/h-i686-mingw32/bin/../lib/gcc/nios2-elf/4.1.2/../../../../nios2-elf/lib\libc.a(lib_a-exit.o)
 .debug_loc     0x00000896      0x114 c:/altera/13.0/nios2eds/bin/gnu/h-i686-mingw32/bin/../lib/gcc/nios2-elf/4.1.2/../../../../nios2-elf/lib\libc.a(lib_a-memcmp.o)
 .debug_loc     0x000009aa       0xca c:/altera/13.0/nios2eds/bin/gnu/h-i686-mingw32/bin/../lib/gcc/nios2-elf/4.1.2/../../../../nios2-elf/lib\libc.a(lib_a-memcpy.o)
 .debug_loc     0x00000a74       0x3c c:/altera/13.0/nios2eds/bin/gnu/h-i686-mingw32/bin/../lib/gcc/nios2-elf/4.1.2/../../../../nios2-elf/lib\libc.a(lib_a-strlen.o)
 .debug_loc     0x00000ab0      0x120 c:/altera/13.0/nios2eds/bin/gnu/h-i686-mingw32/bin/../lib/gcc/nios2-elf/4.1.2/../../../../nios2-elf/lib\libc.a(lib_a-__atexit.o)
 .debug_loc     0x00000bd0      0x1cb c:/altera/13.0/nios2eds/bin/gnu/h-i686-mingw32/bin/../lib/gcc/nios2-elf/4.1.2/../../../../nios2-elf/lib\libc.a(lib_a-__call_atexit.o)
 .debug_loc     0x00000d9b       0x56 ../nameless_bsp/\libhal_bsp.a(alt_exit.o)

.debug_macinfo
 *(.debug_macinfo)

.debug_weaknames
 *(.debug_weaknames)

.debug_funcnames
 *(.debug_funcnames)

.debug_typenames
 *(.debug_typenames)

.debug_varnames
 *(.debug_varnames)

.debug_alt_sim_info
                0x00000000       0x20
 *(.debug_alt_sim_info)
 .debug_alt_sim_info
                0x00000000       0x20 ../nameless_bsp//obj/HAL/src/crt0.o
                0x00085000                __alt_data_end = 0x85000
                0x00085000                PROVIDE (__alt_stack_pointer, __alt_data_end)
                0x000855a8                PROVIDE (__alt_stack_limit, __alt_stack_base)
                0x000855a8                PROVIDE (__alt_heap_start, end)
                0x00085000                PROVIDE (__alt_heap_limit, 0x85000)
OUTPUT(nameless.elf elf32-littlenios2)

.debug_ranges   0x00000000       0x90
 .debug_ranges  0x00000000       0x20 ../nameless_bsp//obj/HAL/src/crt0.o
 .debug_ranges  0x00000020       0x28 ../nameless_bsp/\libhal_bsp.a(alt_irq_entry.o)
 .debug_ranges  0x00000048       0x30 ../nameless_bsp/\libhal_bsp.a(alt_exception_entry.o)
 .debug_ranges  0x00000078       0x18 c:/altera/13.0/nios2eds/bin/gnu/h-i686-mingw32/bin/../lib/gcc/nios2-elf/4.1.2/../../../../nios2-elf/lib\libc.a(lib_a-__call_atexit.o)
