------------------------------------------------------------
TimeQuest Timing Analyzer Summary
------------------------------------------------------------

Type  : Slow Model Setup 'clock100'
Slack : 0.321
TNS   : 0.000

Type  : Slow Model Setup 'clock27'
Slack : 30.272
TNS   : 0.000

Type  : Slow Model Hold 'clock100'
Slack : 0.391
TNS   : 0.000

Type  : Slow Model Hold 'clock27'
Slack : 0.391
TNS   : 0.000

Type  : Slow Model Recovery 'clock100'
Slack : 2.209
TNS   : 0.000

Type  : Slow Model Removal 'clock100'
Slack : 2.559
TNS   : 0.000

Type  : Slow Model Minimum Pulse Width 'clock100'
Slack : 2.873
TNS   : 0.000

Type  : Slow Model Minimum Pulse Width 'CLOCK_50'
Slack : 10.000
TNS   : 0.000

Type  : Slow Model Minimum Pulse Width 'clock27'
Slack : 16.120
TNS   : 0.000

Type  : Slow Model Minimum Pulse Width 'altera_reserved_tck'
Slack : 97.778
TNS   : 0.000

Type  : Fast Model Setup 'clock100'
Slack : 3.459
TNS   : 0.000

Type  : Fast Model Setup 'clock27'
Slack : 33.928
TNS   : 0.000

Type  : Fast Model Hold 'clock100'
Slack : 0.215
TNS   : 0.000

Type  : Fast Model Hold 'clock27'
Slack : 0.215
TNS   : 0.000

Type  : Fast Model Recovery 'clock100'
Slack : 3.336
TNS   : 0.000

Type  : Fast Model Removal 'clock100'
Slack : 1.541
TNS   : 0.000

Type  : Fast Model Minimum Pulse Width 'clock100'
Slack : 2.873
TNS   : 0.000

Type  : Fast Model Minimum Pulse Width 'CLOCK_50'
Slack : 10.000
TNS   : 0.000

Type  : Fast Model Minimum Pulse Width 'clock27'
Slack : 16.120
TNS   : 0.000

Type  : Fast Model Minimum Pulse Width 'altera_reserved_tck'
Slack : 97.778
TNS   : 0.000

------------------------------------------------------------
