Archive member included because of file (symbol)

../nameless_3_bsp/\libhal_bsp.a(alt_load.o)
                              ../nameless_3_bsp//obj/HAL/src/crt0.o (alt_load)
../nameless_3_bsp/\libhal_bsp.a(alt_main.o)
                              ../nameless_3_bsp//obj/HAL/src/crt0.o (alt_main)
../nameless_3_bsp/\libhal_bsp.a(alt_sys_init.o)
                              ../nameless_3_bsp/\libhal_bsp.a(alt_main.o) (alt_irq_init)
../nameless_3_bsp/\libhal_bsp.a(altera_avalon_jtag_uart_fd.o)
                              ../nameless_3_bsp/\libhal_bsp.a(alt_sys_init.o) (altera_avalon_jtag_uart_read_fd)
../nameless_3_bsp/\libhal_bsp.a(altera_avalon_jtag_uart_read.o)
                              ../nameless_3_bsp/\libhal_bsp.a(altera_avalon_jtag_uart_fd.o) (altera_avalon_jtag_uart_read)
../nameless_3_bsp/\libhal_bsp.a(altera_avalon_jtag_uart_write.o)
                              ../nameless_3_bsp/\libhal_bsp.a(altera_avalon_jtag_uart_fd.o) (altera_avalon_jtag_uart_write)
../nameless_3_bsp/\libhal_bsp.a(altera_avalon_timer_sc.o)
                              ../nameless_3_bsp/\libhal_bsp.a(alt_sys_init.o) (alt_avalon_timer_sc_init)
../nameless_3_bsp/\libhal_bsp.a(alt_close.o)
                              ../nameless_3_bsp/\libhal_bsp.a(alt_main.o) (close)
../nameless_3_bsp/\libhal_bsp.a(alt_dcache_flush_all.o)
                              ../nameless_3_bsp/\libhal_bsp.a(alt_load.o) (alt_dcache_flush_all)
../nameless_3_bsp/\libhal_bsp.a(alt_dev.o)
                              ../nameless_3_bsp/\libhal_bsp.a(alt_sys_init.o) (alt_dev_list)
../nameless_3_bsp/\libhal_bsp.a(alt_dev_llist_insert.o)
                              ../nameless_3_bsp/\libhal_bsp.a(alt_sys_init.o) (alt_dev_llist_insert)
../nameless_3_bsp/\libhal_bsp.a(alt_errno.o)
                              ../nameless_3_bsp/\libhal_bsp.a(alt_close.o) (alt_errno)
../nameless_3_bsp/\libhal_bsp.a(alt_icache_flush_all.o)
                              ../nameless_3_bsp/\libhal_bsp.a(alt_load.o) (alt_icache_flush_all)
../nameless_3_bsp/\libhal_bsp.a(alt_iic.o)
                              ../nameless_3_bsp/\libhal_bsp.a(altera_avalon_timer_sc.o) (alt_ic_isr_register)
../nameless_3_bsp/\libhal_bsp.a(alt_iic_isr_register.o)
                              ../nameless_3_bsp/\libhal_bsp.a(alt_iic.o) (alt_iic_isr_register)
../nameless_3_bsp/\libhal_bsp.a(alt_io_redirect.o)
                              ../nameless_3_bsp/\libhal_bsp.a(alt_main.o) (alt_io_redirect)
../nameless_3_bsp/\libhal_bsp.a(alt_irq_entry.o)
                              ../nameless_3_bsp/\libhal_bsp.a(alt_iic_isr_register.o) (alt_irq_entry)
../nameless_3_bsp/\libhal_bsp.a(alt_irq_handler.o)
                              ../nameless_3_bsp/\libhal_bsp.a(alt_iic_isr_register.o) (alt_irq_handler)
../nameless_3_bsp/\libhal_bsp.a(alt_irq_vars.o)
                              ../nameless_3_bsp/\libhal_bsp.a(alt_iic.o) (alt_irq_active)
../nameless_3_bsp/\libhal_bsp.a(alt_open.o)
                              ../nameless_3_bsp/\libhal_bsp.a(alt_io_redirect.o) (open)
../nameless_3_bsp/\libhal_bsp.a(alt_release_fd.o)
                              ../nameless_3_bsp/\libhal_bsp.a(alt_close.o) (alt_release_fd)
../nameless_3_bsp/\libhal_bsp.a(alt_tick.o)
                              ../nameless_3_bsp/\libhal_bsp.a(altera_avalon_timer_sc.o) (_alt_tick_rate)
../nameless_3_bsp/\libhal_bsp.a(altera_nios2_qsys_irq.o)
                              ../nameless_3_bsp/\libhal_bsp.a(alt_sys_init.o) (altera_nios2_qsys_irq_init)
../nameless_3_bsp/\libhal_bsp.a(alt_exception_entry.o)
                              ../nameless_3_bsp/\libhal_bsp.a(alt_irq_entry.o) (alt_exception)
../nameless_3_bsp/\libhal_bsp.a(alt_find_dev.o)
                              ../nameless_3_bsp/\libhal_bsp.a(alt_open.o) (alt_find_dev)
../nameless_3_bsp/\libhal_bsp.a(alt_find_file.o)
                              ../nameless_3_bsp/\libhal_bsp.a(alt_open.o) (alt_find_file)
../nameless_3_bsp/\libhal_bsp.a(alt_get_fd.o)
                              ../nameless_3_bsp/\libhal_bsp.a(alt_open.o) (alt_get_fd)
../nameless_3_bsp/\libhal_bsp.a(alt_icache_flush.o)
                              ../nameless_3_bsp/\libhal_bsp.a(alt_icache_flush_all.o) (alt_icache_flush)
c:/altera/13.0/nios2eds/bin/gnu/h-i686-mingw32/bin/../lib/gcc/nios2-elf/4.1.2/../../../../nios2-elf/lib\libsmallc.a(lib_a-exit.o)
                              ../nameless_3_bsp/\libhal_bsp.a(alt_main.o) (exit)
c:/altera/13.0/nios2eds/bin/gnu/h-i686-mingw32/bin/../lib/gcc/nios2-elf/4.1.2/../../../../nios2-elf/lib\libsmallc.a(lib_a-int_errno.o)
                              ../nameless_3_bsp/\libhal_bsp.a(alt_close.o) (errno)
c:/altera/13.0/nios2eds/bin/gnu/h-i686-mingw32/bin/../lib/gcc/nios2-elf/4.1.2/../../../../nios2-elf/lib\libsmallc.a(lib_a-memcmp.o)
                              ../nameless_3_bsp/\libhal_bsp.a(alt_find_dev.o) (memcmp)
c:/altera/13.0/nios2eds/bin/gnu/h-i686-mingw32/bin/../lib/gcc/nios2-elf/4.1.2/../../../../nios2-elf/lib\libsmallc.a(lib_a-strlen.o)
                              ../nameless_3_bsp/\libhal_bsp.a(alt_find_dev.o) (strlen)
c:/altera/13.0/nios2eds/bin/gnu/h-i686-mingw32/bin/../lib/gcc/nios2-elf/4.1.2/../../../../nios2-elf/lib\libsmallc.a(lib_a-__call_atexit.o)
                              c:/altera/13.0/nios2eds/bin/gnu/h-i686-mingw32/bin/../lib/gcc/nios2-elf/4.1.2/../../../../nios2-elf/lib\libsmallc.a(lib_a-exit.o) (__call_exitprocs)
c:/altera/13.0/nios2eds/bin/gnu/h-i686-mingw32/bin/../lib/gcc/nios2-elf/4.1.2/../../../../nios2-elf/lib\libsmallc.a(lib_a-impure.o)
                              c:/altera/13.0/nios2eds/bin/gnu/h-i686-mingw32/bin/../lib/gcc/nios2-elf/4.1.2/../../../../nios2-elf/lib\libsmallc.a(lib_a-__call_atexit.o) (_global_impure_ptr)
../nameless_3_bsp/\libhal_bsp.a(alt_exit.o)
                              c:/altera/13.0/nios2eds/bin/gnu/h-i686-mingw32/bin/../lib/gcc/nios2-elf/4.1.2/../../../../nios2-elf/lib\libsmallc.a(lib_a-exit.o) (_exit)

Allocating common symbols
Common symbol       size              file

alt_irq             0x100             ../nameless_3_bsp/\libhal_bsp.a(alt_irq_handler.o)
errno               0x4               c:/altera/13.0/nios2eds/bin/gnu/h-i686-mingw32/bin/../lib/gcc/nios2-elf/4.1.2/../../../../nios2-elf/lib\libsmallc.a(lib_a-int_errno.o)

Memory Configuration

Name             Origin             Length             Attributes
reset            0x00080000         0x00000020
onchip_mem       0x00080020         0x00004fe0
new_sdram_controller_0 0x00800000         0x00800000
*default*        0x00000000         0xffffffff

Linker script and memory map

LOAD ../nameless_3_bsp//obj/HAL/src/crt0.o
LOAD obj/default/program.o
LOAD c:/altera/13.0/nios2eds/bin/gnu/h-i686-mingw32/bin/../lib/gcc/nios2-elf/4.1.2/../../../../nios2-elf/lib\libstdc++.a
LOAD c:/altera/13.0/nios2eds/bin/gnu/h-i686-mingw32/bin/../lib/gcc/nios2-elf/4.1.2/../../../../nios2-elf/lib\libm.a
LOAD c:/altera/13.0/nios2eds/bin/gnu/h-i686-mingw32/bin/../lib/gcc/nios2-elf/4.1.2\libgcc.a
START GROUP
LOAD c:/altera/13.0/nios2eds/bin/gnu/h-i686-mingw32/bin/../lib/gcc/nios2-elf/4.1.2/../../../../nios2-elf/lib\libsmallc.a
LOAD c:/altera/13.0/nios2eds/bin/gnu/h-i686-mingw32/bin/../lib/gcc/nios2-elf/4.1.2\libgcc.a
LOAD ../nameless_3_bsp/\libhal_bsp.a
END GROUP
LOAD c:/altera/13.0/nios2eds/bin/gnu/h-i686-mingw32/bin/../lib/gcc/nios2-elf/4.1.2\libgcc.a
                0x00080000                __alt_mem_onchip_mem = 0x80000
                0x00800000                __alt_mem_new_sdram_controller_0 = 0x800000

.entry          0x00080000       0x20
 *(.entry)
 .entry         0x00080000       0x20 ../nameless_3_bsp//obj/HAL/src/crt0.o
                0x00080000                __reset

.exceptions     0x00080020      0x194
                0x00080020                PROVIDE (__ram_exceptions_start, ABSOLUTE (.))
                0x00080020                . = ALIGN (0x20)
 *(.irq)
 *(.exceptions.entry.label)
 .exceptions.entry.label
                0x00080020        0x0 ../nameless_3_bsp/\libhal_bsp.a(alt_irq_entry.o)
                0x00080020                alt_irq_entry
 .exceptions.entry.label
                0x00080020        0x0 ../nameless_3_bsp/\libhal_bsp.a(alt_exception_entry.o)
                0x00080020                alt_exception
 *(.exceptions.entry.user)
 *(.exceptions.entry)
 .exceptions.entry
                0x00080020       0x54 ../nameless_3_bsp/\libhal_bsp.a(alt_exception_entry.o)
 *(.exceptions.irqtest.user)
 *(.exceptions.irqtest)
 .exceptions.irqtest
                0x00080074       0x10 ../nameless_3_bsp/\libhal_bsp.a(alt_irq_entry.o)
 *(.exceptions.irqhandler.user)
 *(.exceptions.irqhandler)
 .exceptions.irqhandler
                0x00080084        0x4 ../nameless_3_bsp/\libhal_bsp.a(alt_irq_entry.o)
 *(.exceptions.irqreturn.user)
 *(.exceptions.irqreturn)
 .exceptions.irqreturn
                0x00080088        0x4 ../nameless_3_bsp/\libhal_bsp.a(alt_irq_entry.o)
 *(.exceptions.notirq.label)
 .exceptions.notirq.label
                0x0008008c        0x0 ../nameless_3_bsp/\libhal_bsp.a(alt_irq_entry.o)
 *(.exceptions.notirq.user)
 *(.exceptions.notirq)
 .exceptions.notirq
                0x0008008c        0x8 ../nameless_3_bsp/\libhal_bsp.a(alt_exception_entry.o)
 *(.exceptions.soft.user)
 *(.exceptions.soft)
 *(.exceptions.unknown.user)
 *(.exceptions.unknown)
 .exceptions.unknown
                0x00080094        0x4 ../nameless_3_bsp/\libhal_bsp.a(alt_exception_entry.o)
 *(.exceptions.exit.label)
 .exceptions.exit.label
                0x00080098        0x0 ../nameless_3_bsp/\libhal_bsp.a(alt_irq_entry.o)
 .exceptions.exit.label
                0x00080098        0x0 ../nameless_3_bsp/\libhal_bsp.a(alt_exception_entry.o)
 *(.exceptions.exit.user)
 *(.exceptions.exit)
 .exceptions.exit
                0x00080098       0x54 ../nameless_3_bsp/\libhal_bsp.a(alt_exception_entry.o)
 *(.exceptions)
 .exceptions    0x000800ec       0xc8 ../nameless_3_bsp/\libhal_bsp.a(alt_irq_handler.o)
                0x000800ec                alt_irq_handler
                0x000801b4                PROVIDE (__ram_exceptions_end, ABSOLUTE (.))
                0x00080020                PROVIDE (__flash_exceptions_start, LOADADDR (.exceptions))

.text           0x000801b4     0x173c
                0x000801b4                PROVIDE (stext, ABSOLUTE (.))
 *(.interp)
 *(.hash)
 *(.dynsym)
 *(.dynstr)
 *(.gnu.version)
 *(.gnu.version_d)
 *(.gnu.version_r)
 *(.rel.init)
 *(.rela.init)
 *(.rel.text .rel.text.* .rel.gnu.linkonce.t.*)
 *(.rela.text .rela.text.* .rela.gnu.linkonce.t.*)
 *(.rel.fini)
 *(.rela.fini)
 *(.rel.rodata .rel.rodata.* .rel.gnu.linkonce.r.*)
 *(.rela.rodata .rela.rodata.* .rela.gnu.linkonce.r.*)
 *(.rel.data .rel.data.* .rel.gnu.linkonce.d.*)
 *(.rela.data .rela.data.* .rela.gnu.linkonce.d.*)
 *(.rel.tdata .rel.tdata.* .rel.gnu.linkonce.td.*)
 *(.rela.tdata .rela.tdata.* .rela.gnu.linkonce.td.*)
 *(.rel.tbss .rel.tbss.* .rel.gnu.linkonce.tb.*)
 *(.rela.tbss .rela.tbss.* .rela.gnu.linkonce.tb.*)
 *(.rel.ctors)
 *(.rela.ctors)
 *(.rel.dtors)
 *(.rela.dtors)
 *(.rel.got)
 *(.rela.got)
 *(.rel.sdata .rel.sdata.* .rel.gnu.linkonce.s.*)
 *(.rela.sdata .rela.sdata.* .rela.gnu.linkonce.s.*)
 *(.rel.sbss .rel.sbss.* .rel.gnu.linkonce.sb.*)
 *(.rela.sbss .rela.sbss.* .rela.gnu.linkonce.sb.*)
 *(.rel.sdata2 .rel.sdata2.* .rel.gnu.linkonce.s2.*)
 *(.rela.sdata2 .rela.sdata2.* .rela.gnu.linkonce.s2.*)
 *(.rel.sbss2 .rel.sbss2.* .rel.gnu.linkonce.sb2.*)
 *(.rela.sbss2 .rela.sbss2.* .rela.gnu.linkonce.sb2.*)
 *(.rel.bss .rel.bss.* .rel.gnu.linkonce.b.*)
 *(.rela.bss .rela.bss.* .rela.gnu.linkonce.b.*)
 *(.rel.plt)
 *(.rela.plt)
 *(.rel.dyn)
 *(.init)
 *(.plt)
 *(.text .stub .text.* .gnu.linkonce.t.*)
 .text          0x000801b4       0x3c ../nameless_3_bsp//obj/HAL/src/crt0.o
                0x000801b4                _start
 .text          0x000801f0       0x3c obj/default/program.o
                0x000801f0                main
 .text          0x0008022c       0xec ../nameless_3_bsp/\libhal_bsp.a(alt_load.o)
                0x0008022c                alt_load
 .text          0x00080318       0x5c ../nameless_3_bsp/\libhal_bsp.a(alt_main.o)
                0x00080318                alt_main
 .text          0x00080374       0xb0 ../nameless_3_bsp/\libhal_bsp.a(alt_sys_init.o)
                0x00080374                alt_irq_init
                0x000803a8                alt_sys_init
 .text          0x00080424       0xb0 ../nameless_3_bsp/\libhal_bsp.a(altera_avalon_jtag_uart_fd.o)
                0x00080424                altera_avalon_jtag_uart_read_fd
                0x0008047c                altera_avalon_jtag_uart_write_fd
 .text          0x000804d4      0x104 ../nameless_3_bsp/\libhal_bsp.a(altera_avalon_jtag_uart_read.o)
                0x000804d4                altera_avalon_jtag_uart_read
 .text          0x000805d8       0xa4 ../nameless_3_bsp/\libhal_bsp.a(altera_avalon_jtag_uart_write.o)
                0x000805d8                altera_avalon_jtag_uart_write
 .text          0x0008067c      0x100 ../nameless_3_bsp/\libhal_bsp.a(altera_avalon_timer_sc.o)
                0x000806ec                alt_avalon_timer_sc_init
 .text          0x0008077c      0x15c ../nameless_3_bsp/\libhal_bsp.a(alt_close.o)
                0x0008077c                close
 .text          0x000808d8       0x1c ../nameless_3_bsp/\libhal_bsp.a(alt_dcache_flush_all.o)
                0x000808d8                alt_dcache_flush_all
 .text          0x000808f4       0x2c ../nameless_3_bsp/\libhal_bsp.a(alt_dev.o)
 .text          0x00080920      0x114 ../nameless_3_bsp/\libhal_bsp.a(alt_dev_llist_insert.o)
                0x00080920                alt_dev_llist_insert
 .text          0x00080a34        0x0 ../nameless_3_bsp/\libhal_bsp.a(alt_errno.o)
 .text          0x00080a34       0x30 ../nameless_3_bsp/\libhal_bsp.a(alt_icache_flush_all.o)
                0x00080a34                alt_icache_flush_all
 .text          0x00080a64      0x1d4 ../nameless_3_bsp/\libhal_bsp.a(alt_iic.o)
                0x00080a64                alt_ic_isr_register
                0x00080ab4                alt_ic_irq_enable
                0x00080b50                alt_ic_irq_disable
                0x00080bf0                alt_ic_irq_enabled
 .text          0x00080c38       0xf8 ../nameless_3_bsp/\libhal_bsp.a(alt_iic_isr_register.o)
                0x00080c38                alt_iic_isr_register
 .text          0x00080d30      0x13c ../nameless_3_bsp/\libhal_bsp.a(alt_io_redirect.o)
                0x00080df4                alt_io_redirect
 .text          0x00080e6c        0x0 ../nameless_3_bsp/\libhal_bsp.a(alt_irq_entry.o)
 .text          0x00080e6c        0x0 ../nameless_3_bsp/\libhal_bsp.a(alt_irq_handler.o)
 .text          0x00080e6c        0x0 ../nameless_3_bsp/\libhal_bsp.a(alt_irq_vars.o)
 .text          0x00080e6c      0x2c4 ../nameless_3_bsp/\libhal_bsp.a(alt_open.o)
                0x00080f48                open
 .text          0x00081130       0x60 ../nameless_3_bsp/\libhal_bsp.a(alt_release_fd.o)
                0x00081130                alt_release_fd
 .text          0x00081190      0x1a4 ../nameless_3_bsp/\libhal_bsp.a(alt_tick.o)
                0x00081190                alt_alarm_stop
                0x00081228                alt_tick
 .text          0x00081334       0x20 ../nameless_3_bsp/\libhal_bsp.a(altera_nios2_qsys_irq.o)
                0x00081334                altera_nios2_qsys_irq_init
 .text          0x00081354        0x0 ../nameless_3_bsp/\libhal_bsp.a(alt_exception_entry.o)
 .text          0x00081354       0x94 ../nameless_3_bsp/\libhal_bsp.a(alt_find_dev.o)
                0x00081354                alt_find_dev
 .text          0x000813e8      0x120 ../nameless_3_bsp/\libhal_bsp.a(alt_find_file.o)
                0x000813e8                alt_find_file
 .text          0x00081508       0xb8 ../nameless_3_bsp/\libhal_bsp.a(alt_get_fd.o)
                0x00081508                alt_get_fd
 .text          0x000815c0       0x90 ../nameless_3_bsp/\libhal_bsp.a(alt_icache_flush.o)
                0x000815c0                alt_icache_flush
 .text          0x00081650       0x20 c:/altera/13.0/nios2eds/bin/gnu/h-i686-mingw32/bin/../lib/gcc/nios2-elf/4.1.2/../../../../nios2-elf/lib\libsmallc.a(lib_a-exit.o)
                0x00081650                exit
 .text          0x00081670        0x0 c:/altera/13.0/nios2eds/bin/gnu/h-i686-mingw32/bin/../lib/gcc/nios2-elf/4.1.2/../../../../nios2-elf/lib\libsmallc.a(lib_a-int_errno.o)
 .text          0x00081670       0x3c c:/altera/13.0/nios2eds/bin/gnu/h-i686-mingw32/bin/../lib/gcc/nios2-elf/4.1.2/../../../../nios2-elf/lib\libsmallc.a(lib_a-memcmp.o)
                0x00081670                memcmp
 .text          0x000816ac       0x20 c:/altera/13.0/nios2eds/bin/gnu/h-i686-mingw32/bin/../lib/gcc/nios2-elf/4.1.2/../../../../nios2-elf/lib\libsmallc.a(lib_a-strlen.o)
                0x000816ac                strlen
 .text          0x000816cc      0x1c0 c:/altera/13.0/nios2eds/bin/gnu/h-i686-mingw32/bin/../lib/gcc/nios2-elf/4.1.2/../../../../nios2-elf/lib\libsmallc.a(lib_a-__call_atexit.o)
                0x000816d0                __call_exitprocs
 .text          0x0008188c        0x0 c:/altera/13.0/nios2eds/bin/gnu/h-i686-mingw32/bin/../lib/gcc/nios2-elf/4.1.2/../../../../nios2-elf/lib\libsmallc.a(lib_a-impure.o)
 .text          0x0008188c       0x60 ../nameless_3_bsp/\libhal_bsp.a(alt_exit.o)
                0x000818cc                _exit
 *(.gnu.warning.*)
 *(.fini)
                0x000818ec                PROVIDE (__etext, ABSOLUTE (.))
                0x000818ec                PROVIDE (_etext, ABSOLUTE (.))
                0x000818ec                PROVIDE (etext, ABSOLUTE (.))
 *(.eh_frame_hdr)
                0x000818ec                . = ALIGN (0x4)
                0x000818ec                PROVIDE (__preinit_array_start, ABSOLUTE (.))
 *(.preinit_array)
                0x000818ec                PROVIDE (__preinit_array_end, ABSOLUTE (.))
                0x000818ec                PROVIDE (__init_array_start, ABSOLUTE (.))
 *(.init_array)
                0x000818ec                PROVIDE (__init_array_end, ABSOLUTE (.))
                0x000818ec                PROVIDE (__fini_array_start, ABSOLUTE (.))
 *(.fini_array)
                0x000818ec                PROVIDE (__fini_array_end, ABSOLUTE (.))
 *(.eh_frame)
 *(.gcc_except_table)
 *(.dynamic)
                0x000818ec                PROVIDE (__CTOR_LIST__, ABSOLUTE (.))
 *(.ctors)
 *(SORT(.ctors.*))
 .ctors.65535   0x000818ec        0x4 c:/altera/13.0/nios2eds/bin/gnu/h-i686-mingw32/bin/../lib/gcc/nios2-elf/4.1.2/../../../../nios2-elf/lib\libsmallc.a(lib_a-__call_atexit.o)
                0x000818f0                PROVIDE (__CTOR_END__, ABSOLUTE (.))
                0x000818f0                PROVIDE (__DTOR_LIST__, ABSOLUTE (.))
 *(.dtors)
 *(SORT(.dtors.*))
                0x000818f0                PROVIDE (__DTOR_END__, ABSOLUTE (.))
 *(.jcr)
                0x000818f0                . = ALIGN (0x4)

.rodata         0x000818f0       0x2c
                0x000818f0                PROVIDE (__ram_rodata_start, ABSOLUTE (.))
                0x000818f0                . = ALIGN (0x4)
 *(.rodata .rodata.* .gnu.linkonce.r.*)
 .rodata        0x000818f0       0x10 ../nameless_3_bsp/\libhal_bsp.a(alt_main.o)
 .rodata        0x00081900       0x10 ../nameless_3_bsp/\libhal_bsp.a(alt_sys_init.o)
 .rodata        0x00081910        0xc ../nameless_3_bsp/\libhal_bsp.a(alt_dev.o)
 *(.rodata1)
                0x0008191c                . = ALIGN (0x4)
                0x0008191c                PROVIDE (__ram_rodata_end, ABSOLUTE (.))
                0x000818f0                PROVIDE (__flash_rodata_start, LOADADDR (.rodata))

.rwdata         0x0008191c      0x2e0 load address 0x00081bfc
                0x0008191c                PROVIDE (__ram_rwdata_start, ABSOLUTE (.))
                0x0008191c                . = ALIGN (0x4)
 *(.got.plt)
 *(.got)
 *(.data1)
 *(.data .data.* .gnu.linkonce.d.*)
 .data          0x0008191c        0x0 ../nameless_3_bsp//obj/HAL/src/crt0.o
 .data          0x0008191c        0x0 obj/default/program.o
 .data          0x0008191c        0x0 ../nameless_3_bsp/\libhal_bsp.a(alt_load.o)
 .data          0x0008191c        0x0 ../nameless_3_bsp/\libhal_bsp.a(alt_main.o)
 .data          0x0008191c       0x2c ../nameless_3_bsp/\libhal_bsp.a(alt_sys_init.o)
 .data          0x00081948        0x0 ../nameless_3_bsp/\libhal_bsp.a(altera_avalon_jtag_uart_fd.o)
 .data          0x00081948        0x0 ../nameless_3_bsp/\libhal_bsp.a(altera_avalon_jtag_uart_read.o)
 .data          0x00081948        0x0 ../nameless_3_bsp/\libhal_bsp.a(altera_avalon_jtag_uart_write.o)
 .data          0x00081948        0x0 ../nameless_3_bsp/\libhal_bsp.a(altera_avalon_timer_sc.o)
 .data          0x00081948        0x0 ../nameless_3_bsp/\libhal_bsp.a(alt_close.o)
 .data          0x00081948        0x0 ../nameless_3_bsp/\libhal_bsp.a(alt_dcache_flush_all.o)
 .data          0x00081948      0x1a8 ../nameless_3_bsp/\libhal_bsp.a(alt_dev.o)
                0x00081948                alt_dev_null
                0x00081970                alt_fd_list
 .data          0x00081af0        0x0 ../nameless_3_bsp/\libhal_bsp.a(alt_dev_llist_insert.o)
 .data          0x00081af0        0x0 ../nameless_3_bsp/\libhal_bsp.a(alt_errno.o)
 .data          0x00081af0        0x0 ../nameless_3_bsp/\libhal_bsp.a(alt_icache_flush_all.o)
 .data          0x00081af0        0x0 ../nameless_3_bsp/\libhal_bsp.a(alt_iic.o)
 .data          0x00081af0        0x0 ../nameless_3_bsp/\libhal_bsp.a(alt_iic_isr_register.o)
 .data          0x00081af0        0x0 ../nameless_3_bsp/\libhal_bsp.a(alt_io_redirect.o)
 .data          0x00081af0        0x0 ../nameless_3_bsp/\libhal_bsp.a(alt_irq_entry.o)
 .data          0x00081af0        0x0 ../nameless_3_bsp/\libhal_bsp.a(alt_irq_handler.o)
 .data          0x00081af0        0x0 ../nameless_3_bsp/\libhal_bsp.a(alt_irq_vars.o)
 .data          0x00081af0        0x0 ../nameless_3_bsp/\libhal_bsp.a(alt_open.o)
 .data          0x00081af0        0x0 ../nameless_3_bsp/\libhal_bsp.a(alt_release_fd.o)
 .data          0x00081af0        0x0 ../nameless_3_bsp/\libhal_bsp.a(alt_tick.o)
 .data          0x00081af0        0x0 ../nameless_3_bsp/\libhal_bsp.a(altera_nios2_qsys_irq.o)
 .data          0x00081af0        0x0 ../nameless_3_bsp/\libhal_bsp.a(alt_exception_entry.o)
 .data          0x00081af0        0x0 ../nameless_3_bsp/\libhal_bsp.a(alt_find_dev.o)
 .data          0x00081af0        0x0 ../nameless_3_bsp/\libhal_bsp.a(alt_find_file.o)
 .data          0x00081af0        0x0 ../nameless_3_bsp/\libhal_bsp.a(alt_get_fd.o)
 .data          0x00081af0        0x0 ../nameless_3_bsp/\libhal_bsp.a(alt_icache_flush.o)
 .data          0x00081af0        0x0 c:/altera/13.0/nios2eds/bin/gnu/h-i686-mingw32/bin/../lib/gcc/nios2-elf/4.1.2/../../../../nios2-elf/lib\libsmallc.a(lib_a-exit.o)
 .data          0x00081af0        0x0 c:/altera/13.0/nios2eds/bin/gnu/h-i686-mingw32/bin/../lib/gcc/nios2-elf/4.1.2/../../../../nios2-elf/lib\libsmallc.a(lib_a-int_errno.o)
 .data          0x00081af0        0x0 c:/altera/13.0/nios2eds/bin/gnu/h-i686-mingw32/bin/../lib/gcc/nios2-elf/4.1.2/../../../../nios2-elf/lib\libsmallc.a(lib_a-memcmp.o)
 .data          0x00081af0        0x0 c:/altera/13.0/nios2eds/bin/gnu/h-i686-mingw32/bin/../lib/gcc/nios2-elf/4.1.2/../../../../nios2-elf/lib\libsmallc.a(lib_a-strlen.o)
 .data          0x00081af0        0x0 c:/altera/13.0/nios2eds/bin/gnu/h-i686-mingw32/bin/../lib/gcc/nios2-elf/4.1.2/../../../../nios2-elf/lib\libsmallc.a(lib_a-__call_atexit.o)
 .data          0x00081af0       0xe0 c:/altera/13.0/nios2eds/bin/gnu/h-i686-mingw32/bin/../lib/gcc/nios2-elf/4.1.2/../../../../nios2-elf/lib\libsmallc.a(lib_a-impure.o)
 .data          0x00081bd0        0x0 ../nameless_3_bsp/\libhal_bsp.a(alt_exit.o)
                0x00089bd0                _gp = ABSOLUTE ((. + 0x8000))
                0x00089bd0                PROVIDE (gp, _gp)
 *(.rwdata .rwdata.*)
 *(.sdata .sdata.* .gnu.linkonce.s.*)
 .sdata         0x00081bd0       0x14 ../nameless_3_bsp/\libhal_bsp.a(alt_dev.o)
                0x00081bd0                alt_fs_list
                0x00081bd8                alt_dev_list
                0x00081be0                alt_max_fd
 .sdata         0x00081be4        0x4 ../nameless_3_bsp/\libhal_bsp.a(alt_errno.o)
                0x00081be4                alt_errno
 .sdata         0x00081be8        0x4 ../nameless_3_bsp/\libhal_bsp.a(alt_irq_vars.o)
                0x00081be8                alt_priority_mask
 .sdata         0x00081bec        0x8 ../nameless_3_bsp/\libhal_bsp.a(alt_tick.o)
                0x00081bec                alt_alarm_list
 .sdata         0x00081bf4        0x8 c:/altera/13.0/nios2eds/bin/gnu/h-i686-mingw32/bin/../lib/gcc/nios2-elf/4.1.2/../../../../nios2-elf/lib\libsmallc.a(lib_a-impure.o)
                0x00081bf4                _impure_ptr
                0x00081bf8                _global_impure_ptr
 *(.sdata2 .sdata2.* .gnu.linkonce.s2.*)
                0x00081bfc                . = ALIGN (0x4)
                0x00081bfc                _edata = ABSOLUTE (.)
                0x00081bfc                PROVIDE (edata, ABSOLUTE (.))
                0x00081bfc                PROVIDE (__ram_rwdata_end, ABSOLUTE (.))
                0x00081bfc                PROVIDE (__flash_rwdata_start, LOADADDR (.rwdata))

.bss            0x00081edc      0x11c
                0x00081edc                __bss_start = ABSOLUTE (.)
                0x00081edc                PROVIDE (__sbss_start, ABSOLUTE (.))
                0x00081edc                PROVIDE (___sbss_start, ABSOLUTE (.))
 *(.dynsbss)
 *(.sbss .sbss.* .gnu.linkonce.sb.*)
 .sbss          0x00081edc        0xc ../nameless_3_bsp/\libhal_bsp.a(alt_main.o)
                0x00081edc                alt_argc
                0x00081ee0                alt_argv
                0x00081ee4                alt_envp
 .sbss          0x00081ee8        0x4 ../nameless_3_bsp/\libhal_bsp.a(alt_irq_vars.o)
                0x00081ee8                alt_irq_active
 .sbss          0x00081eec        0x8 ../nameless_3_bsp/\libhal_bsp.a(alt_tick.o)
                0x00081eec                _alt_tick_rate
                0x00081ef0                _alt_nticks
 .sbss          0x00081ef4        0x4 c:/altera/13.0/nios2eds/bin/gnu/h-i686-mingw32/bin/../lib/gcc/nios2-elf/4.1.2/../../../../nios2-elf/lib\libsmallc.a(lib_a-int_errno.o)
                0x00081ef4                errno
 *(.sbss2 .sbss2.* .gnu.linkonce.sb2.*)
 *(.scommon)
                0x00081ef8                PROVIDE (__sbss_end, ABSOLUTE (.))
                0x00081ef8                PROVIDE (___sbss_end, ABSOLUTE (.))
 *(.dynbss)
 *(.bss .bss.* .gnu.linkonce.b.*)
 .bss           0x00081ef8        0x0 ../nameless_3_bsp//obj/HAL/src/crt0.o
 .bss           0x00081ef8        0x0 obj/default/program.o
 .bss           0x00081ef8        0x0 ../nameless_3_bsp/\libhal_bsp.a(alt_load.o)
 .bss           0x00081ef8        0x0 ../nameless_3_bsp/\libhal_bsp.a(alt_main.o)
 .bss           0x00081ef8        0x0 ../nameless_3_bsp/\libhal_bsp.a(alt_sys_init.o)
 .bss           0x00081ef8        0x0 ../nameless_3_bsp/\libhal_bsp.a(altera_avalon_jtag_uart_fd.o)
 .bss           0x00081ef8        0x0 ../nameless_3_bsp/\libhal_bsp.a(altera_avalon_jtag_uart_read.o)
 .bss           0x00081ef8        0x0 ../nameless_3_bsp/\libhal_bsp.a(altera_avalon_jtag_uart_write.o)
 .bss           0x00081ef8        0x0 ../nameless_3_bsp/\libhal_bsp.a(altera_avalon_timer_sc.o)
 .bss           0x00081ef8        0x0 ../nameless_3_bsp/\libhal_bsp.a(alt_close.o)
 .bss           0x00081ef8        0x0 ../nameless_3_bsp/\libhal_bsp.a(alt_dcache_flush_all.o)
 .bss           0x00081ef8        0x0 ../nameless_3_bsp/\libhal_bsp.a(alt_dev.o)
 .bss           0x00081ef8        0x0 ../nameless_3_bsp/\libhal_bsp.a(alt_dev_llist_insert.o)
 .bss           0x00081ef8        0x0 ../nameless_3_bsp/\libhal_bsp.a(alt_errno.o)
 .bss           0x00081ef8        0x0 ../nameless_3_bsp/\libhal_bsp.a(alt_icache_flush_all.o)
 .bss           0x00081ef8        0x0 ../nameless_3_bsp/\libhal_bsp.a(alt_iic.o)
 .bss           0x00081ef8        0x0 ../nameless_3_bsp/\libhal_bsp.a(alt_iic_isr_register.o)
 .bss           0x00081ef8        0x0 ../nameless_3_bsp/\libhal_bsp.a(alt_io_redirect.o)
 .bss           0x00081ef8        0x0 ../nameless_3_bsp/\libhal_bsp.a(alt_irq_entry.o)
 .bss           0x00081ef8        0x0 ../nameless_3_bsp/\libhal_bsp.a(alt_irq_handler.o)
 .bss           0x00081ef8        0x0 ../nameless_3_bsp/\libhal_bsp.a(alt_irq_vars.o)
 .bss           0x00081ef8        0x0 ../nameless_3_bsp/\libhal_bsp.a(alt_open.o)
 .bss           0x00081ef8        0x0 ../nameless_3_bsp/\libhal_bsp.a(alt_release_fd.o)
 .bss           0x00081ef8        0x0 ../nameless_3_bsp/\libhal_bsp.a(alt_tick.o)
 .bss           0x00081ef8        0x0 ../nameless_3_bsp/\libhal_bsp.a(altera_nios2_qsys_irq.o)
 .bss           0x00081ef8        0x0 ../nameless_3_bsp/\libhal_bsp.a(alt_exception_entry.o)
 .bss           0x00081ef8        0x0 ../nameless_3_bsp/\libhal_bsp.a(alt_find_dev.o)
 .bss           0x00081ef8        0x0 ../nameless_3_bsp/\libhal_bsp.a(alt_find_file.o)
 .bss           0x00081ef8        0x0 ../nameless_3_bsp/\libhal_bsp.a(alt_get_fd.o)
 .bss           0x00081ef8        0x0 ../nameless_3_bsp/\libhal_bsp.a(alt_icache_flush.o)
 .bss           0x00081ef8        0x0 c:/altera/13.0/nios2eds/bin/gnu/h-i686-mingw32/bin/../lib/gcc/nios2-elf/4.1.2/../../../../nios2-elf/lib\libsmallc.a(lib_a-exit.o)
 .bss           0x00081ef8        0x0 c:/altera/13.0/nios2eds/bin/gnu/h-i686-mingw32/bin/../lib/gcc/nios2-elf/4.1.2/../../../../nios2-elf/lib\libsmallc.a(lib_a-int_errno.o)
 .bss           0x00081ef8        0x0 c:/altera/13.0/nios2eds/bin/gnu/h-i686-mingw32/bin/../lib/gcc/nios2-elf/4.1.2/../../../../nios2-elf/lib\libsmallc.a(lib_a-memcmp.o)
 .bss           0x00081ef8        0x0 c:/altera/13.0/nios2eds/bin/gnu/h-i686-mingw32/bin/../lib/gcc/nios2-elf/4.1.2/../../../../nios2-elf/lib\libsmallc.a(lib_a-strlen.o)
 .bss           0x00081ef8        0x0 c:/altera/13.0/nios2eds/bin/gnu/h-i686-mingw32/bin/../lib/gcc/nios2-elf/4.1.2/../../../../nios2-elf/lib\libsmallc.a(lib_a-__call_atexit.o)
 .bss           0x00081ef8        0x0 c:/altera/13.0/nios2eds/bin/gnu/h-i686-mingw32/bin/../lib/gcc/nios2-elf/4.1.2/../../../../nios2-elf/lib\libsmallc.a(lib_a-impure.o)
 .bss           0x00081ef8        0x0 ../nameless_3_bsp/\libhal_bsp.a(alt_exit.o)
 *(COMMON)
 COMMON         0x00081ef8      0x100 ../nameless_3_bsp/\libhal_bsp.a(alt_irq_handler.o)
                0x00081ef8                alt_irq
                0x00081ff8                . = ALIGN (0x4)
                0x00081ff8                __bss_end = ABSOLUTE (.)

.onchip_mem     0x00081ff8        0x0
                0x00081ff8                PROVIDE (_alt_partition_onchip_mem_start, ABSOLUTE (.))
 *(.onchip_mem. onchip_mem.*)
                0x00081ff8                . = ALIGN (0x4)
                0x00081ff8                PROVIDE (_alt_partition_onchip_mem_end, ABSOLUTE (.))
                0x00081ff8                _end = ABSOLUTE (.)
                0x00081ff8                end = ABSOLUTE (.)
                0x00081ff8                __alt_stack_base = ABSOLUTE (.)
                0x00081ff8                PROVIDE (_alt_partition_onchip_mem_load_addr, LOADADDR (.onchip_mem))

.new_sdram_controller_0
                0x00800000        0x0 load address 0x00081ff8
                0x00800000                PROVIDE (_alt_partition_new_sdram_controller_0_start, ABSOLUTE (.))
 *(.new_sdram_controller_0. new_sdram_controller_0.*)
                0x00800000                . = ALIGN (0x4)
                0x00800000                PROVIDE (_alt_partition_new_sdram_controller_0_end, ABSOLUTE (.))
                0x00081ff8                PROVIDE (_alt_partition_new_sdram_controller_0_load_addr, LOADADDR (.new_sdram_controller_0))

.stab
 *(.stab)

.stabstr
 *(.stabstr)

.stab.excl
 *(.stab.excl)

.stab.exclstr
 *(.stab.exclstr)

.stab.index
 *(.stab.index)

.stab.indexstr
 *(.stab.indexstr)

.comment        0x00000000       0x23
 *(.comment)
 .comment       0x00000000       0x23 obj/default/program.o
                                 0x24 (size before relaxing)
 .comment       0x00000000       0x24 ../nameless_3_bsp/\libhal_bsp.a(alt_load.o)
 .comment       0x00000000       0x24 ../nameless_3_bsp/\libhal_bsp.a(alt_main.o)
 .comment       0x00000000       0x24 ../nameless_3_bsp/\libhal_bsp.a(alt_sys_init.o)
 .comment       0x00000000       0x24 ../nameless_3_bsp/\libhal_bsp.a(altera_avalon_jtag_uart_fd.o)
 .comment       0x00000000       0x24 ../nameless_3_bsp/\libhal_bsp.a(altera_avalon_jtag_uart_read.o)
 .comment       0x00000000       0x24 ../nameless_3_bsp/\libhal_bsp.a(altera_avalon_jtag_uart_write.o)
 .comment       0x00000000       0x24 ../nameless_3_bsp/\libhal_bsp.a(altera_avalon_timer_sc.o)
 .comment       0x00000000       0x24 ../nameless_3_bsp/\libhal_bsp.a(alt_close.o)
 .comment       0x00000000       0x24 ../nameless_3_bsp/\libhal_bsp.a(alt_dcache_flush_all.o)
 .comment       0x00000000       0x24 ../nameless_3_bsp/\libhal_bsp.a(alt_dev.o)
 .comment       0x00000000       0x24 ../nameless_3_bsp/\libhal_bsp.a(alt_dev_llist_insert.o)
 .comment       0x00000000       0x24 ../nameless_3_bsp/\libhal_bsp.a(alt_errno.o)
 .comment       0x00000000       0x24 ../nameless_3_bsp/\libhal_bsp.a(alt_icache_flush_all.o)
 .comment       0x00000000       0x24 ../nameless_3_bsp/\libhal_bsp.a(alt_iic.o)
 .comment       0x00000000       0x24 ../nameless_3_bsp/\libhal_bsp.a(alt_iic_isr_register.o)
 .comment       0x00000000       0x24 ../nameless_3_bsp/\libhal_bsp.a(alt_io_redirect.o)
 .comment       0x00000000       0x24 ../nameless_3_bsp/\libhal_bsp.a(alt_irq_handler.o)
 .comment       0x00000000       0x24 ../nameless_3_bsp/\libhal_bsp.a(alt_irq_vars.o)
 .comment       0x00000000       0x24 ../nameless_3_bsp/\libhal_bsp.a(alt_open.o)
 .comment       0x00000000       0x24 ../nameless_3_bsp/\libhal_bsp.a(alt_release_fd.o)
 .comment       0x00000000       0x24 ../nameless_3_bsp/\libhal_bsp.a(alt_tick.o)
 .comment       0x00000000       0x24 ../nameless_3_bsp/\libhal_bsp.a(altera_nios2_qsys_irq.o)
 .comment       0x00000000       0x24 ../nameless_3_bsp/\libhal_bsp.a(alt_find_dev.o)
 .comment       0x00000000       0x24 ../nameless_3_bsp/\libhal_bsp.a(alt_find_file.o)
 .comment       0x00000000       0x24 ../nameless_3_bsp/\libhal_bsp.a(alt_get_fd.o)
 .comment       0x00000000       0x24 ../nameless_3_bsp/\libhal_bsp.a(alt_icache_flush.o)
 .comment       0x00000000       0x24 c:/altera/13.0/nios2eds/bin/gnu/h-i686-mingw32/bin/../lib/gcc/nios2-elf/4.1.2/../../../../nios2-elf/lib\libsmallc.a(lib_a-exit.o)
 .comment       0x00000000       0x24 c:/altera/13.0/nios2eds/bin/gnu/h-i686-mingw32/bin/../lib/gcc/nios2-elf/4.1.2/../../../../nios2-elf/lib\libsmallc.a(lib_a-int_errno.o)
 .comment       0x00000000       0x24 c:/altera/13.0/nios2eds/bin/gnu/h-i686-mingw32/bin/../lib/gcc/nios2-elf/4.1.2/../../../../nios2-elf/lib\libsmallc.a(lib_a-memcmp.o)
 .comment       0x00000000       0x24 c:/altera/13.0/nios2eds/bin/gnu/h-i686-mingw32/bin/../lib/gcc/nios2-elf/4.1.2/../../../../nios2-elf/lib\libsmallc.a(lib_a-strlen.o)
 .comment       0x00000000       0x24 c:/altera/13.0/nios2eds/bin/gnu/h-i686-mingw32/bin/../lib/gcc/nios2-elf/4.1.2/../../../../nios2-elf/lib\libsmallc.a(lib_a-__call_atexit.o)
 .comment       0x00000000       0x24 c:/altera/13.0/nios2eds/bin/gnu/h-i686-mingw32/bin/../lib/gcc/nios2-elf/4.1.2/../../../../nios2-elf/lib\libsmallc.a(lib_a-impure.o)
 .comment       0x00000000       0x24 ../nameless_3_bsp/\libhal_bsp.a(alt_exit.o)

.debug
 *(.debug)

.line
 *(.line)

.debug_srcinfo
 *(.debug_srcinfo)

.debug_sfnames
 *(.debug_sfnames)

.debug_aranges  0x00000000      0x458
 *(.debug_aranges)
 .debug_aranges
                0x00000000       0x28 ../nameless_3_bsp//obj/HAL/src/crt0.o
 .debug_aranges
                0x00000028       0x20 obj/default/program.o
 .debug_aranges
                0x00000048       0x20 ../nameless_3_bsp/\libhal_bsp.a(alt_load.o)
 .debug_aranges
                0x00000068       0x20 ../nameless_3_bsp/\libhal_bsp.a(alt_main.o)
 .debug_aranges
                0x00000088       0x20 ../nameless_3_bsp/\libhal_bsp.a(alt_sys_init.o)
 .debug_aranges
                0x000000a8       0x20 ../nameless_3_bsp/\libhal_bsp.a(altera_avalon_jtag_uart_fd.o)
 .debug_aranges
                0x000000c8       0x20 ../nameless_3_bsp/\libhal_bsp.a(altera_avalon_jtag_uart_read.o)
 .debug_aranges
                0x000000e8       0x20 ../nameless_3_bsp/\libhal_bsp.a(altera_avalon_jtag_uart_write.o)
 .debug_aranges
                0x00000108       0x20 ../nameless_3_bsp/\libhal_bsp.a(altera_avalon_timer_sc.o)
 .debug_aranges
                0x00000128       0x20 ../nameless_3_bsp/\libhal_bsp.a(alt_close.o)
 .debug_aranges
                0x00000148       0x20 ../nameless_3_bsp/\libhal_bsp.a(alt_dcache_flush_all.o)
 .debug_aranges
                0x00000168       0x20 ../nameless_3_bsp/\libhal_bsp.a(alt_dev.o)
 .debug_aranges
                0x00000188       0x20 ../nameless_3_bsp/\libhal_bsp.a(alt_dev_llist_insert.o)
 .debug_aranges
                0x000001a8       0x20 ../nameless_3_bsp/\libhal_bsp.a(alt_icache_flush_all.o)
 .debug_aranges
                0x000001c8       0x20 ../nameless_3_bsp/\libhal_bsp.a(alt_iic.o)
 .debug_aranges
                0x000001e8       0x20 ../nameless_3_bsp/\libhal_bsp.a(alt_iic_isr_register.o)
 .debug_aranges
                0x00000208       0x20 ../nameless_3_bsp/\libhal_bsp.a(alt_io_redirect.o)
 .debug_aranges
                0x00000228       0x30 ../nameless_3_bsp/\libhal_bsp.a(alt_irq_entry.o)
 .debug_aranges
                0x00000258       0x28 ../nameless_3_bsp/\libhal_bsp.a(alt_irq_handler.o)
 .debug_aranges
                0x00000280       0x20 ../nameless_3_bsp/\libhal_bsp.a(alt_open.o)
 .debug_aranges
                0x000002a0       0x20 ../nameless_3_bsp/\libhal_bsp.a(alt_release_fd.o)
 .debug_aranges
                0x000002c0       0x20 ../nameless_3_bsp/\libhal_bsp.a(alt_tick.o)
 .debug_aranges
                0x000002e0       0x20 ../nameless_3_bsp/\libhal_bsp.a(altera_nios2_qsys_irq.o)
 .debug_aranges
                0x00000300       0x38 ../nameless_3_bsp/\libhal_bsp.a(alt_exception_entry.o)
 .debug_aranges
                0x00000338       0x20 ../nameless_3_bsp/\libhal_bsp.a(alt_find_dev.o)
 .debug_aranges
                0x00000358       0x20 ../nameless_3_bsp/\libhal_bsp.a(alt_find_file.o)
 .debug_aranges
                0x00000378       0x20 ../nameless_3_bsp/\libhal_bsp.a(alt_get_fd.o)
 .debug_aranges
                0x00000398       0x20 ../nameless_3_bsp/\libhal_bsp.a(alt_icache_flush.o)
 .debug_aranges
                0x000003b8       0x20 c:/altera/13.0/nios2eds/bin/gnu/h-i686-mingw32/bin/../lib/gcc/nios2-elf/4.1.2/../../../../nios2-elf/lib\libsmallc.a(lib_a-exit.o)
 .debug_aranges
                0x000003d8       0x20 c:/altera/13.0/nios2eds/bin/gnu/h-i686-mingw32/bin/../lib/gcc/nios2-elf/4.1.2/../../../../nios2-elf/lib\libsmallc.a(lib_a-memcmp.o)
 .debug_aranges
                0x000003f8       0x20 c:/altera/13.0/nios2eds/bin/gnu/h-i686-mingw32/bin/../lib/gcc/nios2-elf/4.1.2/../../../../nios2-elf/lib\libsmallc.a(lib_a-strlen.o)
 .debug_aranges
                0x00000418       0x20 c:/altera/13.0/nios2eds/bin/gnu/h-i686-mingw32/bin/../lib/gcc/nios2-elf/4.1.2/../../../../nios2-elf/lib\libsmallc.a(lib_a-__call_atexit.o)
 .debug_aranges
                0x00000438       0x20 ../nameless_3_bsp/\libhal_bsp.a(alt_exit.o)

.debug_pubnames
                0x00000000      0x646
 *(.debug_pubnames)
 .debug_pubnames
                0x00000000       0x1b obj/default/program.o
 .debug_pubnames
                0x0000001b       0x1f ../nameless_3_bsp/\libhal_bsp.a(alt_load.o)
 .debug_pubnames
                0x0000003a       0x46 ../nameless_3_bsp/\libhal_bsp.a(alt_main.o)
 .debug_pubnames
                0x00000080       0x34 ../nameless_3_bsp/\libhal_bsp.a(alt_sys_init.o)
 .debug_pubnames
                0x000000b4       0x5b ../nameless_3_bsp/\libhal_bsp.a(altera_avalon_jtag_uart_fd.o)
 .debug_pubnames
                0x0000010f       0x33 ../nameless_3_bsp/\libhal_bsp.a(altera_avalon_jtag_uart_read.o)
 .debug_pubnames
                0x00000142       0x34 ../nameless_3_bsp/\libhal_bsp.a(altera_avalon_jtag_uart_write.o)
 .debug_pubnames
                0x00000176       0x2f ../nameless_3_bsp/\libhal_bsp.a(altera_avalon_timer_sc.o)
 .debug_pubnames
                0x000001a5       0x1c ../nameless_3_bsp/\libhal_bsp.a(alt_close.o)
 .debug_pubnames
                0x000001c1       0x2b ../nameless_3_bsp/\libhal_bsp.a(alt_dcache_flush_all.o)
 .debug_pubnames
                0x000001ec       0x63 ../nameless_3_bsp/\libhal_bsp.a(alt_dev.o)
 .debug_pubnames
                0x0000024f       0x2b ../nameless_3_bsp/\libhal_bsp.a(alt_dev_llist_insert.o)
 .debug_pubnames
                0x0000027a       0x20 ../nameless_3_bsp/\libhal_bsp.a(alt_errno.o)
 .debug_pubnames
                0x0000029a       0x2b ../nameless_3_bsp/\libhal_bsp.a(alt_icache_flush_all.o)
 .debug_pubnames
                0x000002c5       0x6e ../nameless_3_bsp/\libhal_bsp.a(alt_iic.o)
 .debug_pubnames
                0x00000333       0x2b ../nameless_3_bsp/\libhal_bsp.a(alt_iic_isr_register.o)
 .debug_pubnames
                0x0000035e       0x26 ../nameless_3_bsp/\libhal_bsp.a(alt_io_redirect.o)
 .debug_pubnames
                0x00000384       0x32 ../nameless_3_bsp/\libhal_bsp.a(alt_irq_handler.o)
 .debug_pubnames
                0x000003b6       0x3b ../nameless_3_bsp/\libhal_bsp.a(alt_irq_vars.o)
 .debug_pubnames
                0x000003f1       0x1b ../nameless_3_bsp/\libhal_bsp.a(alt_open.o)
 .debug_pubnames
                0x0000040c       0x25 ../nameless_3_bsp/\libhal_bsp.a(alt_release_fd.o)
 .debug_pubnames
                0x00000431       0x68 ../nameless_3_bsp/\libhal_bsp.a(alt_tick.o)
 .debug_pubnames
                0x00000499       0x31 ../nameless_3_bsp/\libhal_bsp.a(altera_nios2_qsys_irq.o)
 .debug_pubnames
                0x000004ca       0x23 ../nameless_3_bsp/\libhal_bsp.a(alt_find_dev.o)
 .debug_pubnames
                0x000004ed       0x24 ../nameless_3_bsp/\libhal_bsp.a(alt_find_file.o)
 .debug_pubnames
                0x00000511       0x21 ../nameless_3_bsp/\libhal_bsp.a(alt_get_fd.o)
 .debug_pubnames
                0x00000532       0x27 ../nameless_3_bsp/\libhal_bsp.a(alt_icache_flush.o)
 .debug_pubnames
                0x00000559       0x1b c:/altera/13.0/nios2eds/bin/gnu/h-i686-mingw32/bin/../lib/gcc/nios2-elf/4.1.2/../../../../nios2-elf/lib\libsmallc.a(lib_a-exit.o)
 .debug_pubnames
                0x00000574       0x1c c:/altera/13.0/nios2eds/bin/gnu/h-i686-mingw32/bin/../lib/gcc/nios2-elf/4.1.2/../../../../nios2-elf/lib\libsmallc.a(lib_a-int_errno.o)
 .debug_pubnames
                0x00000590       0x1d c:/altera/13.0/nios2eds/bin/gnu/h-i686-mingw32/bin/../lib/gcc/nios2-elf/4.1.2/../../../../nios2-elf/lib\libsmallc.a(lib_a-memcmp.o)
 .debug_pubnames
                0x000005ad       0x1d c:/altera/13.0/nios2eds/bin/gnu/h-i686-mingw32/bin/../lib/gcc/nios2-elf/4.1.2/../../../../nios2-elf/lib\libsmallc.a(lib_a-strlen.o)
 .debug_pubnames
                0x000005ca       0x27 c:/altera/13.0/nios2eds/bin/gnu/h-i686-mingw32/bin/../lib/gcc/nios2-elf/4.1.2/../../../../nios2-elf/lib\libsmallc.a(lib_a-__call_atexit.o)
 .debug_pubnames
                0x000005f1       0x39 c:/altera/13.0/nios2eds/bin/gnu/h-i686-mingw32/bin/../lib/gcc/nios2-elf/4.1.2/../../../../nios2-elf/lib\libsmallc.a(lib_a-impure.o)
 .debug_pubnames
                0x0000062a       0x1c ../nameless_3_bsp/\libhal_bsp.a(alt_exit.o)

.debug_info     0x00000000     0x6bd9
 *(.debug_info .gnu.linkonce.wi.*)
 .debug_info    0x00000000       0x64 ../nameless_3_bsp//obj/HAL/src/crt0.o
 .debug_info    0x00000064      0x164 obj/default/program.o
 .debug_info    0x000001c8      0x276 ../nameless_3_bsp/\libhal_bsp.a(alt_load.o)
 .debug_info    0x0000043e      0x20e ../nameless_3_bsp/\libhal_bsp.a(alt_main.o)
 .debug_info    0x0000064c      0x5aa ../nameless_3_bsp/\libhal_bsp.a(alt_sys_init.o)
 .debug_info    0x00000bf6      0x5a2 ../nameless_3_bsp/\libhal_bsp.a(altera_avalon_jtag_uart_fd.o)
 .debug_info    0x00001198      0x2f2 ../nameless_3_bsp/\libhal_bsp.a(altera_avalon_jtag_uart_read.o)
 .debug_info    0x0000148a      0x2cf ../nameless_3_bsp/\libhal_bsp.a(altera_avalon_jtag_uart_write.o)
 .debug_info    0x00001759      0x374 ../nameless_3_bsp/\libhal_bsp.a(altera_avalon_timer_sc.o)
 .debug_info    0x00001acd      0x450 ../nameless_3_bsp/\libhal_bsp.a(alt_close.o)
 .debug_info    0x00001f1d      0x145 ../nameless_3_bsp/\libhal_bsp.a(alt_dcache_flush_all.o)
 .debug_info    0x00002062      0x668 ../nameless_3_bsp/\libhal_bsp.a(alt_dev.o)
 .debug_info    0x000026ca      0x2a0 ../nameless_3_bsp/\libhal_bsp.a(alt_dev_llist_insert.o)
 .debug_info    0x0000296a      0x14d ../nameless_3_bsp/\libhal_bsp.a(alt_errno.o)
 .debug_info    0x00002ab7      0x145 ../nameless_3_bsp/\libhal_bsp.a(alt_icache_flush_all.o)
 .debug_info    0x00002bfc      0x47c ../nameless_3_bsp/\libhal_bsp.a(alt_iic.o)
 .debug_info    0x00003078      0x2fd ../nameless_3_bsp/\libhal_bsp.a(alt_iic_isr_register.o)
 .debug_info    0x00003375      0x67e ../nameless_3_bsp/\libhal_bsp.a(alt_io_redirect.o)
 .debug_info    0x000039f3       0x6d ../nameless_3_bsp/\libhal_bsp.a(alt_irq_entry.o)
 .debug_info    0x00003a60      0x25e ../nameless_3_bsp/\libhal_bsp.a(alt_irq_handler.o)
 .debug_info    0x00003cbe      0x150 ../nameless_3_bsp/\libhal_bsp.a(alt_irq_vars.o)
 .debug_info    0x00003e0e      0x50e ../nameless_3_bsp/\libhal_bsp.a(alt_open.o)
 .debug_info    0x0000431c      0x3db ../nameless_3_bsp/\libhal_bsp.a(alt_release_fd.o)
 .debug_info    0x000046f7      0x3e7 ../nameless_3_bsp/\libhal_bsp.a(alt_tick.o)
 .debug_info    0x00004ade      0x14c ../nameless_3_bsp/\libhal_bsp.a(altera_nios2_qsys_irq.o)
 .debug_info    0x00004c2a       0x73 ../nameless_3_bsp/\libhal_bsp.a(alt_exception_entry.o)
 .debug_info    0x00004c9d      0x401 ../nameless_3_bsp/\libhal_bsp.a(alt_find_dev.o)
 .debug_info    0x0000509e      0x408 ../nameless_3_bsp/\libhal_bsp.a(alt_find_file.o)
 .debug_info    0x000054a6      0x449 ../nameless_3_bsp/\libhal_bsp.a(alt_get_fd.o)
 .debug_info    0x000058ef      0x18d ../nameless_3_bsp/\libhal_bsp.a(alt_icache_flush.o)
 .debug_info    0x00005a7c       0x9f c:/altera/13.0/nios2eds/bin/gnu/h-i686-mingw32/bin/../lib/gcc/nios2-elf/4.1.2/../../../../nios2-elf/lib\libsmallc.a(lib_a-exit.o)
 .debug_info    0x00005b1b       0x8c c:/altera/13.0/nios2eds/bin/gnu/h-i686-mingw32/bin/../lib/gcc/nios2-elf/4.1.2/../../../../nios2-elf/lib\libsmallc.a(lib_a-int_errno.o)
 .debug_info    0x00005ba7       0xef c:/altera/13.0/nios2eds/bin/gnu/h-i686-mingw32/bin/../lib/gcc/nios2-elf/4.1.2/../../../../nios2-elf/lib\libsmallc.a(lib_a-memcmp.o)
 .debug_info    0x00005c96       0xc2 c:/altera/13.0/nios2eds/bin/gnu/h-i686-mingw32/bin/../lib/gcc/nios2-elf/4.1.2/../../../../nios2-elf/lib\libsmallc.a(lib_a-strlen.o)
 .debug_info    0x00005d58      0x6d5 c:/altera/13.0/nios2eds/bin/gnu/h-i686-mingw32/bin/../lib/gcc/nios2-elf/4.1.2/../../../../nios2-elf/lib\libsmallc.a(lib_a-__call_atexit.o)
 .debug_info    0x0000642d      0x636 c:/altera/13.0/nios2eds/bin/gnu/h-i686-mingw32/bin/../lib/gcc/nios2-elf/4.1.2/../../../../nios2-elf/lib\libsmallc.a(lib_a-impure.o)
 .debug_info    0x00006a63      0x176 ../nameless_3_bsp/\libhal_bsp.a(alt_exit.o)

.debug_abbrev   0x00000000     0x1a11
 *(.debug_abbrev)
 .debug_abbrev  0x00000000       0x12 ../nameless_3_bsp//obj/HAL/src/crt0.o
 .debug_abbrev  0x00000012       0x4e obj/default/program.o
 .debug_abbrev  0x00000060       0x88 ../nameless_3_bsp/\libhal_bsp.a(alt_load.o)
 .debug_abbrev  0x000000e8       0xb7 ../nameless_3_bsp/\libhal_bsp.a(alt_main.o)
 .debug_abbrev  0x0000019f      0x121 ../nameless_3_bsp/\libhal_bsp.a(alt_sys_init.o)
 .debug_abbrev  0x000002c0       0xcb ../nameless_3_bsp/\libhal_bsp.a(altera_avalon_jtag_uart_fd.o)
 .debug_abbrev  0x0000038b       0xb6 ../nameless_3_bsp/\libhal_bsp.a(altera_avalon_jtag_uart_read.o)
 .debug_abbrev  0x00000441       0xb4 ../nameless_3_bsp/\libhal_bsp.a(altera_avalon_jtag_uart_write.o)
 .debug_abbrev  0x000004f5      0x137 ../nameless_3_bsp/\libhal_bsp.a(altera_avalon_timer_sc.o)
 .debug_abbrev  0x0000062c       0xfb ../nameless_3_bsp/\libhal_bsp.a(alt_close.o)
 .debug_abbrev  0x00000727       0x3f ../nameless_3_bsp/\libhal_bsp.a(alt_dcache_flush_all.o)
 .debug_abbrev  0x00000766       0xc7 ../nameless_3_bsp/\libhal_bsp.a(alt_dev.o)
 .debug_abbrev  0x0000082d       0xf6 ../nameless_3_bsp/\libhal_bsp.a(alt_dev_llist_insert.o)
 .debug_abbrev  0x00000923       0x5e ../nameless_3_bsp/\libhal_bsp.a(alt_errno.o)
 .debug_abbrev  0x00000981       0x3f ../nameless_3_bsp/\libhal_bsp.a(alt_icache_flush_all.o)
 .debug_abbrev  0x000009c0      0x134 ../nameless_3_bsp/\libhal_bsp.a(alt_iic.o)
 .debug_abbrev  0x00000af4      0x14e ../nameless_3_bsp/\libhal_bsp.a(alt_iic_isr_register.o)
 .debug_abbrev  0x00000c42       0xf0 ../nameless_3_bsp/\libhal_bsp.a(alt_io_redirect.o)
 .debug_abbrev  0x00000d32       0x12 ../nameless_3_bsp/\libhal_bsp.a(alt_irq_entry.o)
 .debug_abbrev  0x00000d44      0x10c ../nameless_3_bsp/\libhal_bsp.a(alt_irq_handler.o)
 .debug_abbrev  0x00000e50       0x44 ../nameless_3_bsp/\libhal_bsp.a(alt_irq_vars.o)
 .debug_abbrev  0x00000e94      0x112 ../nameless_3_bsp/\libhal_bsp.a(alt_open.o)
 .debug_abbrev  0x00000fa6       0xc1 ../nameless_3_bsp/\libhal_bsp.a(alt_release_fd.o)
 .debug_abbrev  0x00001067      0x150 ../nameless_3_bsp/\libhal_bsp.a(alt_tick.o)
 .debug_abbrev  0x000011b7       0x3f ../nameless_3_bsp/\libhal_bsp.a(altera_nios2_qsys_irq.o)
 .debug_abbrev  0x000011f6       0x12 ../nameless_3_bsp/\libhal_bsp.a(alt_exception_entry.o)
 .debug_abbrev  0x00001208       0xcf ../nameless_3_bsp/\libhal_bsp.a(alt_find_dev.o)
 .debug_abbrev  0x000012d7       0xcf ../nameless_3_bsp/\libhal_bsp.a(alt_find_file.o)
 .debug_abbrev  0x000013a6       0xfb ../nameless_3_bsp/\libhal_bsp.a(alt_get_fd.o)
 .debug_abbrev  0x000014a1       0x7a ../nameless_3_bsp/\libhal_bsp.a(alt_icache_flush.o)
 .debug_abbrev  0x0000151b       0x4e c:/altera/13.0/nios2eds/bin/gnu/h-i686-mingw32/bin/../lib/gcc/nios2-elf/4.1.2/../../../../nios2-elf/lib\libsmallc.a(lib_a-exit.o)
 .debug_abbrev  0x00001569       0x3b c:/altera/13.0/nios2eds/bin/gnu/h-i686-mingw32/bin/../lib/gcc/nios2-elf/4.1.2/../../../../nios2-elf/lib\libsmallc.a(lib_a-int_errno.o)
 .debug_abbrev  0x000015a4       0x7c c:/altera/13.0/nios2eds/bin/gnu/h-i686-mingw32/bin/../lib/gcc/nios2-elf/4.1.2/../../../../nios2-elf/lib\libsmallc.a(lib_a-memcmp.o)
 .debug_abbrev  0x00001620       0x7a c:/altera/13.0/nios2eds/bin/gnu/h-i686-mingw32/bin/../lib/gcc/nios2-elf/4.1.2/../../../../nios2-elf/lib\libsmallc.a(lib_a-strlen.o)
 .debug_abbrev  0x0000169a      0x1c6 c:/altera/13.0/nios2eds/bin/gnu/h-i686-mingw32/bin/../lib/gcc/nios2-elf/4.1.2/../../../../nios2-elf/lib\libsmallc.a(lib_a-__call_atexit.o)
 .debug_abbrev  0x00001860      0x13f c:/altera/13.0/nios2eds/bin/gnu/h-i686-mingw32/bin/../lib/gcc/nios2-elf/4.1.2/../../../../nios2-elf/lib\libsmallc.a(lib_a-impure.o)
 .debug_abbrev  0x0000199f       0x72 ../nameless_3_bsp/\libhal_bsp.a(alt_exit.o)

.debug_line     0x00000000     0x4e6d
 *(.debug_line)
 .debug_line    0x00000000       0x6c ../nameless_3_bsp//obj/HAL/src/crt0.o
 .debug_line    0x0000006c      0x20a obj/default/program.o
 .debug_line    0x00000276      0x211 ../nameless_3_bsp/\libhal_bsp.a(alt_load.o)
 .debug_line    0x00000487      0x2b4 ../nameless_3_bsp/\libhal_bsp.a(alt_main.o)
 .debug_line    0x0000073b      0x2c1 ../nameless_3_bsp/\libhal_bsp.a(alt_sys_init.o)
 .debug_line    0x000009fc      0x1d4 ../nameless_3_bsp/\libhal_bsp.a(altera_avalon_jtag_uart_fd.o)
 .debug_line    0x00000bd0      0x33d ../nameless_3_bsp/\libhal_bsp.a(altera_avalon_jtag_uart_read.o)
 .debug_line    0x00000f0d      0x2fe ../nameless_3_bsp/\libhal_bsp.a(altera_avalon_jtag_uart_write.o)
 .debug_line    0x0000120b      0x2ad ../nameless_3_bsp/\libhal_bsp.a(altera_avalon_timer_sc.o)
 .debug_line    0x000014b8      0x293 ../nameless_3_bsp/\libhal_bsp.a(alt_close.o)
 .debug_line    0x0000174b      0x1af ../nameless_3_bsp/\libhal_bsp.a(alt_dcache_flush_all.o)
 .debug_line    0x000018fa      0x24e ../nameless_3_bsp/\libhal_bsp.a(alt_dev.o)
 .debug_line    0x00001b48      0x254 ../nameless_3_bsp/\libhal_bsp.a(alt_dev_llist_insert.o)
 .debug_line    0x00001d9c      0x1a4 ../nameless_3_bsp/\libhal_bsp.a(alt_errno.o)
 .debug_line    0x00001f40      0x1b7 ../nameless_3_bsp/\libhal_bsp.a(alt_icache_flush_all.o)
 .debug_line    0x000020f7      0x2c2 ../nameless_3_bsp/\libhal_bsp.a(alt_iic.o)
 .debug_line    0x000023b9      0x243 ../nameless_3_bsp/\libhal_bsp.a(alt_iic_isr_register.o)
 .debug_line    0x000025fc      0x2ae ../nameless_3_bsp/\libhal_bsp.a(alt_io_redirect.o)
 .debug_line    0x000028aa       0x6b ../nameless_3_bsp/\libhal_bsp.a(alt_irq_entry.o)
 .debug_line    0x00002915      0x242 ../nameless_3_bsp/\libhal_bsp.a(alt_irq_handler.o)
 .debug_line    0x00002b57       0x72 ../nameless_3_bsp/\libhal_bsp.a(alt_irq_vars.o)
 .debug_line    0x00002bc9      0x2f9 ../nameless_3_bsp/\libhal_bsp.a(alt_open.o)
 .debug_line    0x00002ec2       0xed ../nameless_3_bsp/\libhal_bsp.a(alt_release_fd.o)
 .debug_line    0x00002faf      0x2d6 ../nameless_3_bsp/\libhal_bsp.a(alt_tick.o)
 .debug_line    0x00003285      0x1c8 ../nameless_3_bsp/\libhal_bsp.a(altera_nios2_qsys_irq.o)
 .debug_line    0x0000344d       0xab ../nameless_3_bsp/\libhal_bsp.a(alt_exception_entry.o)
 .debug_line    0x000034f8      0x265 ../nameless_3_bsp/\libhal_bsp.a(alt_find_dev.o)
 .debug_line    0x0000375d      0x276 ../nameless_3_bsp/\libhal_bsp.a(alt_find_file.o)
 .debug_line    0x000039d3      0x291 ../nameless_3_bsp/\libhal_bsp.a(alt_get_fd.o)
 .debug_line    0x00003c64      0x1f3 ../nameless_3_bsp/\libhal_bsp.a(alt_icache_flush.o)
 .debug_line    0x00003e57      0x21a c:/altera/13.0/nios2eds/bin/gnu/h-i686-mingw32/bin/../lib/gcc/nios2-elf/4.1.2/../../../../nios2-elf/lib\libsmallc.a(lib_a-exit.o)
 .debug_line    0x00004071      0x1d9 c:/altera/13.0/nios2eds/bin/gnu/h-i686-mingw32/bin/../lib/gcc/nios2-elf/4.1.2/../../../../nios2-elf/lib\libsmallc.a(lib_a-int_errno.o)
 .debug_line    0x0000424a      0x264 c:/altera/13.0/nios2eds/bin/gnu/h-i686-mingw32/bin/../lib/gcc/nios2-elf/4.1.2/../../../../nios2-elf/lib\libsmallc.a(lib_a-memcmp.o)
 .debug_line    0x000044ae      0x244 c:/altera/13.0/nios2eds/bin/gnu/h-i686-mingw32/bin/../lib/gcc/nios2-elf/4.1.2/../../../../nios2-elf/lib\libsmallc.a(lib_a-strlen.o)
 .debug_line    0x000046f2      0x357 c:/altera/13.0/nios2eds/bin/gnu/h-i686-mingw32/bin/../lib/gcc/nios2-elf/4.1.2/../../../../nios2-elf/lib\libsmallc.a(lib_a-__call_atexit.o)
 .debug_line    0x00004a49      0x224 c:/altera/13.0/nios2eds/bin/gnu/h-i686-mingw32/bin/../lib/gcc/nios2-elf/4.1.2/../../../../nios2-elf/lib\libsmallc.a(lib_a-impure.o)
 .debug_line    0x00004c6d      0x200 ../nameless_3_bsp/\libhal_bsp.a(alt_exit.o)

.debug_frame    0x00000000      0x6d4
 *(.debug_frame)
 .debug_frame   0x00000000       0x2c obj/default/program.o
 .debug_frame   0x0000002c       0x48 ../nameless_3_bsp/\libhal_bsp.a(alt_load.o)
 .debug_frame   0x00000074       0x2c ../nameless_3_bsp/\libhal_bsp.a(alt_main.o)
 .debug_frame   0x000000a0       0x64 ../nameless_3_bsp/\libhal_bsp.a(alt_sys_init.o)
 .debug_frame   0x00000104       0x48 ../nameless_3_bsp/\libhal_bsp.a(altera_avalon_jtag_uart_fd.o)
 .debug_frame   0x0000014c       0x2c ../nameless_3_bsp/\libhal_bsp.a(altera_avalon_jtag_uart_read.o)
 .debug_frame   0x00000178       0x2c ../nameless_3_bsp/\libhal_bsp.a(altera_avalon_jtag_uart_write.o)
 .debug_frame   0x000001a4       0x48 ../nameless_3_bsp/\libhal_bsp.a(altera_avalon_timer_sc.o)
 .debug_frame   0x000001ec       0x48 ../nameless_3_bsp/\libhal_bsp.a(alt_close.o)
 .debug_frame   0x00000234       0x2c ../nameless_3_bsp/\libhal_bsp.a(alt_dcache_flush_all.o)
 .debug_frame   0x00000260       0x2c ../nameless_3_bsp/\libhal_bsp.a(alt_dev.o)
 .debug_frame   0x0000028c       0x48 ../nameless_3_bsp/\libhal_bsp.a(alt_dev_llist_insert.o)
 .debug_frame   0x000002d4       0x2c ../nameless_3_bsp/\libhal_bsp.a(alt_icache_flush_all.o)
 .debug_frame   0x00000300       0x80 ../nameless_3_bsp/\libhal_bsp.a(alt_iic.o)
 .debug_frame   0x00000380       0x2c ../nameless_3_bsp/\libhal_bsp.a(alt_iic_isr_register.o)
 .debug_frame   0x000003ac       0x48 ../nameless_3_bsp/\libhal_bsp.a(alt_io_redirect.o)
 .debug_frame   0x000003f4       0x2c ../nameless_3_bsp/\libhal_bsp.a(alt_irq_handler.o)
 .debug_frame   0x00000420       0x64 ../nameless_3_bsp/\libhal_bsp.a(alt_open.o)
 .debug_frame   0x00000484       0x2c ../nameless_3_bsp/\libhal_bsp.a(alt_release_fd.o)
 .debug_frame   0x000004b0       0x48 ../nameless_3_bsp/\libhal_bsp.a(alt_tick.o)
 .debug_frame   0x000004f8       0x2c ../nameless_3_bsp/\libhal_bsp.a(altera_nios2_qsys_irq.o)
 .debug_frame   0x00000524       0x2c ../nameless_3_bsp/\libhal_bsp.a(alt_find_dev.o)
 .debug_frame   0x00000550       0x2c ../nameless_3_bsp/\libhal_bsp.a(alt_find_file.o)
 .debug_frame   0x0000057c       0x2c ../nameless_3_bsp/\libhal_bsp.a(alt_get_fd.o)
 .debug_frame   0x000005a8       0x2c ../nameless_3_bsp/\libhal_bsp.a(alt_icache_flush.o)
 .debug_frame   0x000005d4       0x2c c:/altera/13.0/nios2eds/bin/gnu/h-i686-mingw32/bin/../lib/gcc/nios2-elf/4.1.2/../../../../nios2-elf/lib\libsmallc.a(lib_a-exit.o)
 .debug_frame   0x00000600       0x20 c:/altera/13.0/nios2eds/bin/gnu/h-i686-mingw32/bin/../lib/gcc/nios2-elf/4.1.2/../../../../nios2-elf/lib\libsmallc.a(lib_a-memcmp.o)
 .debug_frame   0x00000620       0x20 c:/altera/13.0/nios2eds/bin/gnu/h-i686-mingw32/bin/../lib/gcc/nios2-elf/4.1.2/../../../../nios2-elf/lib\libsmallc.a(lib_a-strlen.o)
 .debug_frame   0x00000640       0x4c c:/altera/13.0/nios2eds/bin/gnu/h-i686-mingw32/bin/../lib/gcc/nios2-elf/4.1.2/../../../../nios2-elf/lib\libsmallc.a(lib_a-__call_atexit.o)
 .debug_frame   0x0000068c       0x48 ../nameless_3_bsp/\libhal_bsp.a(alt_exit.o)

.debug_str      0x00000000      0x875
 *(.debug_str)
 .debug_str     0x00000000       0x12 obj/default/program.o
 .debug_str     0x00000012       0x12 ../nameless_3_bsp/\libhal_bsp.a(alt_load.o)
 .debug_str     0x00000024       0x12 ../nameless_3_bsp/\libhal_bsp.a(alt_main.o)
 .debug_str     0x00000036       0x12 ../nameless_3_bsp/\libhal_bsp.a(alt_sys_init.o)
 .debug_str     0x00000048       0x12 ../nameless_3_bsp/\libhal_bsp.a(altera_avalon_jtag_uart_read.o)
 .debug_str     0x0000005a       0x12 ../nameless_3_bsp/\libhal_bsp.a(altera_avalon_jtag_uart_write.o)
 .debug_str     0x0000006c       0x12 ../nameless_3_bsp/\libhal_bsp.a(altera_avalon_timer_sc.o)
 .debug_str     0x0000007e       0x12 ../nameless_3_bsp/\libhal_bsp.a(alt_close.o)
 .debug_str     0x00000090       0x12 ../nameless_3_bsp/\libhal_bsp.a(alt_dcache_flush_all.o)
 .debug_str     0x000000a2       0x12 ../nameless_3_bsp/\libhal_bsp.a(alt_dev.o)
 .debug_str     0x000000b4       0x12 ../nameless_3_bsp/\libhal_bsp.a(alt_dev_llist_insert.o)
 .debug_str     0x000000c6       0x12 ../nameless_3_bsp/\libhal_bsp.a(alt_errno.o)
 .debug_str     0x000000d8       0x12 ../nameless_3_bsp/\libhal_bsp.a(alt_icache_flush_all.o)
 .debug_str     0x000000ea       0x18 ../nameless_3_bsp/\libhal_bsp.a(alt_iic.o)
 .debug_str     0x00000102       0x1a ../nameless_3_bsp/\libhal_bsp.a(alt_iic_isr_register.o)
 .debug_str     0x0000011c       0x12 ../nameless_3_bsp/\libhal_bsp.a(alt_io_redirect.o)
 .debug_str     0x0000012e       0x12 ../nameless_3_bsp/\libhal_bsp.a(alt_irq_handler.o)
 .debug_str     0x00000140       0x12 ../nameless_3_bsp/\libhal_bsp.a(alt_open.o)
 .debug_str     0x00000152       0x1a ../nameless_3_bsp/\libhal_bsp.a(alt_tick.o)
 .debug_str     0x0000016c       0x12 ../nameless_3_bsp/\libhal_bsp.a(altera_nios2_qsys_irq.o)
 .debug_str     0x0000017e       0x12 ../nameless_3_bsp/\libhal_bsp.a(alt_find_dev.o)
 .debug_str     0x00000190       0x12 ../nameless_3_bsp/\libhal_bsp.a(alt_find_file.o)
 .debug_str     0x000001a2       0x12 ../nameless_3_bsp/\libhal_bsp.a(alt_get_fd.o)
 .debug_str     0x000001b4       0x12 ../nameless_3_bsp/\libhal_bsp.a(alt_icache_flush.o)
 .debug_str     0x000001c6      0x129 c:/altera/13.0/nios2eds/bin/gnu/h-i686-mingw32/bin/../lib/gcc/nios2-elf/4.1.2/../../../../nios2-elf/lib\libsmallc.a(lib_a-exit.o)
                                0x167 (size before relaxing)
 .debug_str     0x000002ef       0xcb c:/altera/13.0/nios2eds/bin/gnu/h-i686-mingw32/bin/../lib/gcc/nios2-elf/4.1.2/../../../../nios2-elf/lib\libsmallc.a(lib_a-int_errno.o)
                                0x166 (size before relaxing)
 .debug_str     0x000003ba       0xd8 c:/altera/13.0/nios2eds/bin/gnu/h-i686-mingw32/bin/../lib/gcc/nios2-elf/4.1.2/../../../../nios2-elf/lib\libsmallc.a(lib_a-memcmp.o)
                                0x16d (size before relaxing)
 .debug_str     0x00000492       0x42 c:/altera/13.0/nios2eds/bin/gnu/h-i686-mingw32/bin/../lib/gcc/nios2-elf/4.1.2/../../../../nios2-elf/lib\libsmallc.a(lib_a-strlen.o)
                                0x173 (size before relaxing)
 .debug_str     0x000004d4      0x33f c:/altera/13.0/nios2eds/bin/gnu/h-i686-mingw32/bin/../lib/gcc/nios2-elf/4.1.2/../../../../nios2-elf/lib\libsmallc.a(lib_a-__call_atexit.o)
                                0x480 (size before relaxing)
 .debug_str     0x00000813       0x46 c:/altera/13.0/nios2eds/bin/gnu/h-i686-mingw32/bin/../lib/gcc/nios2-elf/4.1.2/../../../../nios2-elf/lib\libsmallc.a(lib_a-impure.o)
                                0x44c (size before relaxing)
 .debug_str     0x00000859       0x1c ../nameless_3_bsp/\libhal_bsp.a(alt_exit.o)

.debug_loc      0x00000000      0x96f
 *(.debug_loc)
 .debug_loc     0x00000000       0x2b obj/default/program.o
 .debug_loc     0x0000002b       0x56 ../nameless_3_bsp/\libhal_bsp.a(alt_load.o)
 .debug_loc     0x00000081       0x2b ../nameless_3_bsp/\libhal_bsp.a(alt_main.o)
 .debug_loc     0x000000ac       0x81 ../nameless_3_bsp/\libhal_bsp.a(alt_sys_init.o)
 .debug_loc     0x0000012d       0x56 ../nameless_3_bsp/\libhal_bsp.a(altera_avalon_jtag_uart_fd.o)
 .debug_loc     0x00000183       0x2b ../nameless_3_bsp/\libhal_bsp.a(altera_avalon_jtag_uart_read.o)
 .debug_loc     0x000001ae       0x2b ../nameless_3_bsp/\libhal_bsp.a(altera_avalon_jtag_uart_write.o)
 .debug_loc     0x000001d9       0x56 ../nameless_3_bsp/\libhal_bsp.a(altera_avalon_timer_sc.o)
 .debug_loc     0x0000022f       0x56 ../nameless_3_bsp/\libhal_bsp.a(alt_close.o)
 .debug_loc     0x00000285       0x2b ../nameless_3_bsp/\libhal_bsp.a(alt_dcache_flush_all.o)
 .debug_loc     0x000002b0       0x2b ../nameless_3_bsp/\libhal_bsp.a(alt_dev.o)
 .debug_loc     0x000002db       0x56 ../nameless_3_bsp/\libhal_bsp.a(alt_dev_llist_insert.o)
 .debug_loc     0x00000331       0x2b ../nameless_3_bsp/\libhal_bsp.a(alt_icache_flush_all.o)
 .debug_loc     0x0000035c       0xac ../nameless_3_bsp/\libhal_bsp.a(alt_iic.o)
 .debug_loc     0x00000408       0x2b ../nameless_3_bsp/\libhal_bsp.a(alt_iic_isr_register.o)
 .debug_loc     0x00000433       0x56 ../nameless_3_bsp/\libhal_bsp.a(alt_io_redirect.o)
 .debug_loc     0x00000489       0x2b ../nameless_3_bsp/\libhal_bsp.a(alt_irq_handler.o)
 .debug_loc     0x000004b4       0x81 ../nameless_3_bsp/\libhal_bsp.a(alt_open.o)
 .debug_loc     0x00000535       0x2b ../nameless_3_bsp/\libhal_bsp.a(alt_release_fd.o)
 .debug_loc     0x00000560       0x56 ../nameless_3_bsp/\libhal_bsp.a(alt_tick.o)
 .debug_loc     0x000005b6       0x2b ../nameless_3_bsp/\libhal_bsp.a(altera_nios2_qsys_irq.o)
 .debug_loc     0x000005e1       0x2b ../nameless_3_bsp/\libhal_bsp.a(alt_find_dev.o)
 .debug_loc     0x0000060c       0x2b ../nameless_3_bsp/\libhal_bsp.a(alt_find_file.o)
 .debug_loc     0x00000637       0x2b ../nameless_3_bsp/\libhal_bsp.a(alt_get_fd.o)
 .debug_loc     0x00000662       0x2b ../nameless_3_bsp/\libhal_bsp.a(alt_icache_flush.o)
 .debug_loc     0x0000068d       0x3d c:/altera/13.0/nios2eds/bin/gnu/h-i686-mingw32/bin/../lib/gcc/nios2-elf/4.1.2/../../../../nios2-elf/lib\libsmallc.a(lib_a-exit.o)
 .debug_loc     0x000006ca       0x70 c:/altera/13.0/nios2eds/bin/gnu/h-i686-mingw32/bin/../lib/gcc/nios2-elf/4.1.2/../../../../nios2-elf/lib\libsmallc.a(lib_a-memcmp.o)
 .debug_loc     0x0000073a       0x1e c:/altera/13.0/nios2eds/bin/gnu/h-i686-mingw32/bin/../lib/gcc/nios2-elf/4.1.2/../../../../nios2-elf/lib\libsmallc.a(lib_a-strlen.o)
 .debug_loc     0x00000758      0x1c1 c:/altera/13.0/nios2eds/bin/gnu/h-i686-mingw32/bin/../lib/gcc/nios2-elf/4.1.2/../../../../nios2-elf/lib\libsmallc.a(lib_a-__call_atexit.o)
 .debug_loc     0x00000919       0x56 ../nameless_3_bsp/\libhal_bsp.a(alt_exit.o)

.debug_macinfo
 *(.debug_macinfo)

.debug_weaknames
 *(.debug_weaknames)

.debug_funcnames
 *(.debug_funcnames)

.debug_typenames
 *(.debug_typenames)

.debug_varnames
 *(.debug_varnames)

.debug_alt_sim_info
                0x00000000       0x20
 *(.debug_alt_sim_info)
 .debug_alt_sim_info
                0x00000000       0x20 ../nameless_3_bsp//obj/HAL/src/crt0.o
                0x00085000                __alt_data_end = 0x85000
                0x00085000                PROVIDE (__alt_stack_pointer, __alt_data_end)
                0x00081ff8                PROVIDE (__alt_stack_limit, __alt_stack_base)
                0x00081ff8                PROVIDE (__alt_heap_start, end)
                0x00085000                PROVIDE (__alt_heap_limit, 0x85000)
OUTPUT(nameless_3.elf elf32-littlenios2)

.debug_ranges   0x00000000       0x90
 .debug_ranges  0x00000000       0x20 ../nameless_3_bsp//obj/HAL/src/crt0.o
 .debug_ranges  0x00000020       0x28 ../nameless_3_bsp/\libhal_bsp.a(alt_irq_entry.o)
 .debug_ranges  0x00000048       0x30 ../nameless_3_bsp/\libhal_bsp.a(alt_exception_entry.o)
 .debug_ranges  0x00000078       0x18 c:/altera/13.0/nios2eds/bin/gnu/h-i686-mingw32/bin/../lib/gcc/nios2-elf/4.1.2/../../../../nios2-elf/lib\libsmallc.a(lib_a-__call_atexit.o)
