Archive member included because of file (symbol)

../isr_demo_final_bsp/\libhal_bsp.a(alt_load.o)
                              ../isr_demo_final_bsp//obj/HAL/src/crt0.o (alt_load)
../isr_demo_final_bsp/\libhal_bsp.a(alt_main.o)
                              ../isr_demo_final_bsp//obj/HAL/src/crt0.o (alt_main)
../isr_demo_final_bsp/\libhal_bsp.a(alt_sys_init.o)
                              ../isr_demo_final_bsp/\libhal_bsp.a(alt_main.o) (alt_irq_init)
../isr_demo_final_bsp/\libhal_bsp.a(altera_avalon_jtag_uart_fd.o)
                              ../isr_demo_final_bsp/\libhal_bsp.a(alt_sys_init.o) (altera_avalon_jtag_uart_read_fd)
../isr_demo_final_bsp/\libhal_bsp.a(altera_avalon_jtag_uart_read.o)
                              ../isr_demo_final_bsp/\libhal_bsp.a(altera_avalon_jtag_uart_fd.o) (altera_avalon_jtag_uart_read)
../isr_demo_final_bsp/\libhal_bsp.a(altera_avalon_jtag_uart_write.o)
                              ../isr_demo_final_bsp/\libhal_bsp.a(altera_avalon_jtag_uart_fd.o) (altera_avalon_jtag_uart_write)
../isr_demo_final_bsp/\libhal_bsp.a(altera_avalon_timer_sc.o)
                              ../isr_demo_final_bsp/\libhal_bsp.a(alt_sys_init.o) (alt_avalon_timer_sc_init)
../isr_demo_final_bsp/\libhal_bsp.a(alt_close.o)
                              ../isr_demo_final_bsp/\libhal_bsp.a(alt_main.o) (close)
../isr_demo_final_bsp/\libhal_bsp.a(alt_dcache_flush_all.o)
                              ../isr_demo_final_bsp/\libhal_bsp.a(alt_load.o) (alt_dcache_flush_all)
../isr_demo_final_bsp/\libhal_bsp.a(alt_dev.o)
                              ../isr_demo_final_bsp/\libhal_bsp.a(alt_sys_init.o) (alt_dev_list)
../isr_demo_final_bsp/\libhal_bsp.a(alt_dev_llist_insert.o)
                              ../isr_demo_final_bsp/\libhal_bsp.a(alt_sys_init.o) (alt_dev_llist_insert)
../isr_demo_final_bsp/\libhal_bsp.a(alt_errno.o)
                              ../isr_demo_final_bsp/\libhal_bsp.a(alt_close.o) (alt_errno)
../isr_demo_final_bsp/\libhal_bsp.a(alt_icache_flush_all.o)
                              ../isr_demo_final_bsp/\libhal_bsp.a(alt_load.o) (alt_icache_flush_all)
../isr_demo_final_bsp/\libhal_bsp.a(alt_iic.o)
                              ../isr_demo_final_bsp/\libhal_bsp.a(altera_avalon_timer_sc.o) (alt_ic_isr_register)
../isr_demo_final_bsp/\libhal_bsp.a(alt_iic_isr_register.o)
                              ../isr_demo_final_bsp/\libhal_bsp.a(alt_iic.o) (alt_iic_isr_register)
../isr_demo_final_bsp/\libhal_bsp.a(alt_io_redirect.o)
                              ../isr_demo_final_bsp/\libhal_bsp.a(alt_main.o) (alt_io_redirect)
../isr_demo_final_bsp/\libhal_bsp.a(alt_irq_entry.o)
                              ../isr_demo_final_bsp/\libhal_bsp.a(alt_iic_isr_register.o) (alt_irq_entry)
../isr_demo_final_bsp/\libhal_bsp.a(alt_irq_handler.o)
                              ../isr_demo_final_bsp/\libhal_bsp.a(alt_iic_isr_register.o) (alt_irq_handler)
../isr_demo_final_bsp/\libhal_bsp.a(alt_irq_vars.o)
                              ../isr_demo_final_bsp/\libhal_bsp.a(alt_iic.o) (alt_irq_active)
../isr_demo_final_bsp/\libhal_bsp.a(alt_open.o)
                              ../isr_demo_final_bsp/\libhal_bsp.a(alt_io_redirect.o) (open)
../isr_demo_final_bsp/\libhal_bsp.a(alt_release_fd.o)
                              ../isr_demo_final_bsp/\libhal_bsp.a(alt_close.o) (alt_release_fd)
../isr_demo_final_bsp/\libhal_bsp.a(alt_tick.o)
                              ../isr_demo_final_bsp/\libhal_bsp.a(altera_avalon_timer_sc.o) (_alt_tick_rate)
../isr_demo_final_bsp/\libhal_bsp.a(altera_nios2_qsys_irq.o)
                              ../isr_demo_final_bsp/\libhal_bsp.a(alt_sys_init.o) (altera_nios2_qsys_irq_init)
../isr_demo_final_bsp/\libhal_bsp.a(alt_exception_entry.o)
                              ../isr_demo_final_bsp/\libhal_bsp.a(alt_irq_entry.o) (alt_exception)
../isr_demo_final_bsp/\libhal_bsp.a(alt_find_dev.o)
                              ../isr_demo_final_bsp/\libhal_bsp.a(alt_open.o) (alt_find_dev)
../isr_demo_final_bsp/\libhal_bsp.a(alt_find_file.o)
                              ../isr_demo_final_bsp/\libhal_bsp.a(alt_open.o) (alt_find_file)
../isr_demo_final_bsp/\libhal_bsp.a(alt_get_fd.o)
                              ../isr_demo_final_bsp/\libhal_bsp.a(alt_open.o) (alt_get_fd)
../isr_demo_final_bsp/\libhal_bsp.a(alt_icache_flush.o)
                              ../isr_demo_final_bsp/\libhal_bsp.a(alt_icache_flush_all.o) (alt_icache_flush)
c:/altera/13.0/nios2eds/bin/gnu/h-i686-mingw32/bin/../lib/gcc/nios2-elf/4.1.2/../../../../nios2-elf/lib\libsmallc.a(lib_a-exit.o)
                              ../isr_demo_final_bsp/\libhal_bsp.a(alt_main.o) (exit)
c:/altera/13.0/nios2eds/bin/gnu/h-i686-mingw32/bin/../lib/gcc/nios2-elf/4.1.2/../../../../nios2-elf/lib\libsmallc.a(lib_a-int_errno.o)
                              ../isr_demo_final_bsp/\libhal_bsp.a(alt_close.o) (errno)
c:/altera/13.0/nios2eds/bin/gnu/h-i686-mingw32/bin/../lib/gcc/nios2-elf/4.1.2/../../../../nios2-elf/lib\libsmallc.a(lib_a-memcmp.o)
                              ../isr_demo_final_bsp/\libhal_bsp.a(alt_find_dev.o) (memcmp)
c:/altera/13.0/nios2eds/bin/gnu/h-i686-mingw32/bin/../lib/gcc/nios2-elf/4.1.2/../../../../nios2-elf/lib\libsmallc.a(lib_a-strlen.o)
                              ../isr_demo_final_bsp/\libhal_bsp.a(alt_find_dev.o) (strlen)
c:/altera/13.0/nios2eds/bin/gnu/h-i686-mingw32/bin/../lib/gcc/nios2-elf/4.1.2/../../../../nios2-elf/lib\libsmallc.a(lib_a-__call_atexit.o)
                              c:/altera/13.0/nios2eds/bin/gnu/h-i686-mingw32/bin/../lib/gcc/nios2-elf/4.1.2/../../../../nios2-elf/lib\libsmallc.a(lib_a-exit.o) (__call_exitprocs)
c:/altera/13.0/nios2eds/bin/gnu/h-i686-mingw32/bin/../lib/gcc/nios2-elf/4.1.2/../../../../nios2-elf/lib\libsmallc.a(lib_a-impure.o)
                              c:/altera/13.0/nios2eds/bin/gnu/h-i686-mingw32/bin/../lib/gcc/nios2-elf/4.1.2/../../../../nios2-elf/lib\libsmallc.a(lib_a-__call_atexit.o) (_global_impure_ptr)
../isr_demo_final_bsp/\libhal_bsp.a(alt_exit.o)
                              c:/altera/13.0/nios2eds/bin/gnu/h-i686-mingw32/bin/../lib/gcc/nios2-elf/4.1.2/../../../../nios2-elf/lib\libsmallc.a(lib_a-exit.o) (_exit)

Allocating common symbols
Common symbol       size              file

alt_irq             0x100             ../isr_demo_final_bsp/\libhal_bsp.a(alt_irq_handler.o)
errno               0x4               c:/altera/13.0/nios2eds/bin/gnu/h-i686-mingw32/bin/../lib/gcc/nios2-elf/4.1.2/../../../../nios2-elf/lib\libsmallc.a(lib_a-int_errno.o)
GP1_val             0x4               obj/default/hello_world.o
GP0_val             0x4               obj/default/hello_world.o

Memory Configuration

Name             Origin             Length             Attributes
reset            0x00080000         0x00000020
onchip_mem       0x00080020         0x00004fe0
*default*        0x00000000         0xffffffff

Linker script and memory map

LOAD ../isr_demo_final_bsp//obj/HAL/src/crt0.o
LOAD obj/default/hello_world.o
LOAD c:/altera/13.0/nios2eds/bin/gnu/h-i686-mingw32/bin/../lib/gcc/nios2-elf/4.1.2/../../../../nios2-elf/lib\libstdc++.a
LOAD c:/altera/13.0/nios2eds/bin/gnu/h-i686-mingw32/bin/../lib/gcc/nios2-elf/4.1.2/../../../../nios2-elf/lib\libm.a
LOAD c:/altera/13.0/nios2eds/bin/gnu/h-i686-mingw32/bin/../lib/gcc/nios2-elf/4.1.2\libgcc.a
START GROUP
LOAD c:/altera/13.0/nios2eds/bin/gnu/h-i686-mingw32/bin/../lib/gcc/nios2-elf/4.1.2/../../../../nios2-elf/lib\libsmallc.a
LOAD c:/altera/13.0/nios2eds/bin/gnu/h-i686-mingw32/bin/../lib/gcc/nios2-elf/4.1.2\libgcc.a
LOAD ../isr_demo_final_bsp/\libhal_bsp.a
END GROUP
LOAD c:/altera/13.0/nios2eds/bin/gnu/h-i686-mingw32/bin/../lib/gcc/nios2-elf/4.1.2\libgcc.a
                0x00080000                __alt_mem_onchip_mem = 0x80000

.entry          0x00080000       0x20
 *(.entry)
 .entry         0x00080000       0x20 ../isr_demo_final_bsp//obj/HAL/src/crt0.o
                0x00080000                __reset

.exceptions     0x00080020      0x194
                0x00080020                PROVIDE (__ram_exceptions_start, ABSOLUTE (.))
                0x00080020                . = ALIGN (0x20)
 *(.irq)
 *(.exceptions.entry.label)
 .exceptions.entry.label
                0x00080020        0x0 ../isr_demo_final_bsp/\libhal_bsp.a(alt_irq_entry.o)
                0x00080020                alt_irq_entry
 .exceptions.entry.label
                0x00080020        0x0 ../isr_demo_final_bsp/\libhal_bsp.a(alt_exception_entry.o)
                0x00080020                alt_exception
 *(.exceptions.entry.user)
 *(.exceptions.entry)
 .exceptions.entry
                0x00080020       0x54 ../isr_demo_final_bsp/\libhal_bsp.a(alt_exception_entry.o)
 *(.exceptions.irqtest.user)
 *(.exceptions.irqtest)
 .exceptions.irqtest
                0x00080074       0x10 ../isr_demo_final_bsp/\libhal_bsp.a(alt_irq_entry.o)
 *(.exceptions.irqhandler.user)
 *(.exceptions.irqhandler)
 .exceptions.irqhandler
                0x00080084        0x4 ../isr_demo_final_bsp/\libhal_bsp.a(alt_irq_entry.o)
 *(.exceptions.irqreturn.user)
 *(.exceptions.irqreturn)
 .exceptions.irqreturn
                0x00080088        0x4 ../isr_demo_final_bsp/\libhal_bsp.a(alt_irq_entry.o)
 *(.exceptions.notirq.label)
 .exceptions.notirq.label
                0x0008008c        0x0 ../isr_demo_final_bsp/\libhal_bsp.a(alt_irq_entry.o)
 *(.exceptions.notirq.user)
 *(.exceptions.notirq)
 .exceptions.notirq
                0x0008008c        0x8 ../isr_demo_final_bsp/\libhal_bsp.a(alt_exception_entry.o)
 *(.exceptions.soft.user)
 *(.exceptions.soft)
 *(.exceptions.unknown.user)
 *(.exceptions.unknown)
 .exceptions.unknown
                0x00080094        0x4 ../isr_demo_final_bsp/\libhal_bsp.a(alt_exception_entry.o)
 *(.exceptions.exit.label)
 .exceptions.exit.label
                0x00080098        0x0 ../isr_demo_final_bsp/\libhal_bsp.a(alt_irq_entry.o)
 .exceptions.exit.label
                0x00080098        0x0 ../isr_demo_final_bsp/\libhal_bsp.a(alt_exception_entry.o)
 *(.exceptions.exit.user)
 *(.exceptions.exit)
 .exceptions.exit
                0x00080098       0x54 ../isr_demo_final_bsp/\libhal_bsp.a(alt_exception_entry.o)
 *(.exceptions)
 .exceptions    0x000800ec       0xc8 ../isr_demo_final_bsp/\libhal_bsp.a(alt_irq_handler.o)
                0x000800ec                alt_irq_handler
                0x000801b4                PROVIDE (__ram_exceptions_end, ABSOLUTE (.))
                0x00080020                PROVIDE (__flash_exceptions_start, LOADADDR (.exceptions))

.text           0x000801b4     0x1904
                0x000801b4                PROVIDE (stext, ABSOLUTE (.))
 *(.interp)
 *(.hash)
 *(.dynsym)
 *(.dynstr)
 *(.gnu.version)
 *(.gnu.version_d)
 *(.gnu.version_r)
 *(.rel.init)
 *(.rela.init)
 *(.rel.text .rel.text.* .rel.gnu.linkonce.t.*)
 *(.rela.text .rela.text.* .rela.gnu.linkonce.t.*)
 *(.rel.fini)
 *(.rela.fini)
 *(.rel.rodata .rel.rodata.* .rel.gnu.linkonce.r.*)
 *(.rela.rodata .rela.rodata.* .rela.gnu.linkonce.r.*)
 *(.rel.data .rel.data.* .rel.gnu.linkonce.d.*)
 *(.rela.data .rela.data.* .rela.gnu.linkonce.d.*)
 *(.rel.tdata .rel.tdata.* .rel.gnu.linkonce.td.*)
 *(.rela.tdata .rela.tdata.* .rela.gnu.linkonce.td.*)
 *(.rel.tbss .rel.tbss.* .rel.gnu.linkonce.tb.*)
 *(.rela.tbss .rela.tbss.* .rela.gnu.linkonce.tb.*)
 *(.rel.ctors)
 *(.rela.ctors)
 *(.rel.dtors)
 *(.rela.dtors)
 *(.rel.got)
 *(.rela.got)
 *(.rel.sdata .rel.sdata.* .rel.gnu.linkonce.s.*)
 *(.rela.sdata .rela.sdata.* .rela.gnu.linkonce.s.*)
 *(.rel.sbss .rel.sbss.* .rel.gnu.linkonce.sb.*)
 *(.rela.sbss .rela.sbss.* .rela.gnu.linkonce.sb.*)
 *(.rel.sdata2 .rel.sdata2.* .rel.gnu.linkonce.s2.*)
 *(.rela.sdata2 .rela.sdata2.* .rela.gnu.linkonce.s2.*)
 *(.rel.sbss2 .rel.sbss2.* .rel.gnu.linkonce.sb2.*)
 *(.rela.sbss2 .rela.sbss2.* .rela.gnu.linkonce.sb2.*)
 *(.rel.bss .rel.bss.* .rel.gnu.linkonce.b.*)
 *(.rela.bss .rela.bss.* .rela.gnu.linkonce.b.*)
 *(.rel.plt)
 *(.rela.plt)
 *(.rel.dyn)
 *(.init)
 *(.plt)
 *(.text .stub .text.* .gnu.linkonce.t.*)
 .text          0x000801b4       0x3c ../isr_demo_final_bsp//obj/HAL/src/crt0.o
                0x000801b4                _start
 .text          0x000801f0      0x204 obj/default/hello_world.o
                0x000801f0                main
                0x000802b4                interrupt0
                0x00080328                interrupt1
                0x000803a8                interruptMode
 .text          0x000803f4       0xec ../isr_demo_final_bsp/\libhal_bsp.a(alt_load.o)
                0x000803f4                alt_load
 .text          0x000804e0       0x5c ../isr_demo_final_bsp/\libhal_bsp.a(alt_main.o)
                0x000804e0                alt_main
 .text          0x0008053c       0xb0 ../isr_demo_final_bsp/\libhal_bsp.a(alt_sys_init.o)
                0x0008053c                alt_irq_init
                0x00080570                alt_sys_init
 .text          0x000805ec       0xb0 ../isr_demo_final_bsp/\libhal_bsp.a(altera_avalon_jtag_uart_fd.o)
                0x000805ec                altera_avalon_jtag_uart_read_fd
                0x00080644                altera_avalon_jtag_uart_write_fd
 .text          0x0008069c      0x104 ../isr_demo_final_bsp/\libhal_bsp.a(altera_avalon_jtag_uart_read.o)
                0x0008069c                altera_avalon_jtag_uart_read
 .text          0x000807a0       0xa4 ../isr_demo_final_bsp/\libhal_bsp.a(altera_avalon_jtag_uart_write.o)
                0x000807a0                altera_avalon_jtag_uart_write
 .text          0x00080844      0x100 ../isr_demo_final_bsp/\libhal_bsp.a(altera_avalon_timer_sc.o)
                0x000808b4                alt_avalon_timer_sc_init
 .text          0x00080944      0x15c ../isr_demo_final_bsp/\libhal_bsp.a(alt_close.o)
                0x00080944                close
 .text          0x00080aa0       0x1c ../isr_demo_final_bsp/\libhal_bsp.a(alt_dcache_flush_all.o)
                0x00080aa0                alt_dcache_flush_all
 .text          0x00080abc       0x2c ../isr_demo_final_bsp/\libhal_bsp.a(alt_dev.o)
 .text          0x00080ae8      0x114 ../isr_demo_final_bsp/\libhal_bsp.a(alt_dev_llist_insert.o)
                0x00080ae8                alt_dev_llist_insert
 .text          0x00080bfc        0x0 ../isr_demo_final_bsp/\libhal_bsp.a(alt_errno.o)
 .text          0x00080bfc       0x30 ../isr_demo_final_bsp/\libhal_bsp.a(alt_icache_flush_all.o)
                0x00080bfc                alt_icache_flush_all
 .text          0x00080c2c      0x1d4 ../isr_demo_final_bsp/\libhal_bsp.a(alt_iic.o)
                0x00080c2c                alt_ic_isr_register
                0x00080c7c                alt_ic_irq_enable
                0x00080d18                alt_ic_irq_disable
                0x00080db8                alt_ic_irq_enabled
 .text          0x00080e00       0xf8 ../isr_demo_final_bsp/\libhal_bsp.a(alt_iic_isr_register.o)
                0x00080e00                alt_iic_isr_register
 .text          0x00080ef8      0x13c ../isr_demo_final_bsp/\libhal_bsp.a(alt_io_redirect.o)
                0x00080fbc                alt_io_redirect
 .text          0x00081034        0x0 ../isr_demo_final_bsp/\libhal_bsp.a(alt_irq_entry.o)
 .text          0x00081034        0x0 ../isr_demo_final_bsp/\libhal_bsp.a(alt_irq_handler.o)
 .text          0x00081034        0x0 ../isr_demo_final_bsp/\libhal_bsp.a(alt_irq_vars.o)
 .text          0x00081034      0x2c4 ../isr_demo_final_bsp/\libhal_bsp.a(alt_open.o)
                0x00081110                open
 .text          0x000812f8       0x60 ../isr_demo_final_bsp/\libhal_bsp.a(alt_release_fd.o)
                0x000812f8                alt_release_fd
 .text          0x00081358      0x1a4 ../isr_demo_final_bsp/\libhal_bsp.a(alt_tick.o)
                0x00081358                alt_alarm_stop
                0x000813f0                alt_tick
 .text          0x000814fc       0x20 ../isr_demo_final_bsp/\libhal_bsp.a(altera_nios2_qsys_irq.o)
                0x000814fc                altera_nios2_qsys_irq_init
 .text          0x0008151c        0x0 ../isr_demo_final_bsp/\libhal_bsp.a(alt_exception_entry.o)
 .text          0x0008151c       0x94 ../isr_demo_final_bsp/\libhal_bsp.a(alt_find_dev.o)
                0x0008151c                alt_find_dev
 .text          0x000815b0      0x120 ../isr_demo_final_bsp/\libhal_bsp.a(alt_find_file.o)
                0x000815b0                alt_find_file
 .text          0x000816d0       0xb8 ../isr_demo_final_bsp/\libhal_bsp.a(alt_get_fd.o)
                0x000816d0                alt_get_fd
 .text          0x00081788       0x90 ../isr_demo_final_bsp/\libhal_bsp.a(alt_icache_flush.o)
                0x00081788                alt_icache_flush
 .text          0x00081818       0x20 c:/altera/13.0/nios2eds/bin/gnu/h-i686-mingw32/bin/../lib/gcc/nios2-elf/4.1.2/../../../../nios2-elf/lib\libsmallc.a(lib_a-exit.o)
                0x00081818                exit
 .text          0x00081838        0x0 c:/altera/13.0/nios2eds/bin/gnu/h-i686-mingw32/bin/../lib/gcc/nios2-elf/4.1.2/../../../../nios2-elf/lib\libsmallc.a(lib_a-int_errno.o)
 .text          0x00081838       0x3c c:/altera/13.0/nios2eds/bin/gnu/h-i686-mingw32/bin/../lib/gcc/nios2-elf/4.1.2/../../../../nios2-elf/lib\libsmallc.a(lib_a-memcmp.o)
                0x00081838                memcmp
 .text          0x00081874       0x20 c:/altera/13.0/nios2eds/bin/gnu/h-i686-mingw32/bin/../lib/gcc/nios2-elf/4.1.2/../../../../nios2-elf/lib\libsmallc.a(lib_a-strlen.o)
                0x00081874                strlen
 .text          0x00081894      0x1c0 c:/altera/13.0/nios2eds/bin/gnu/h-i686-mingw32/bin/../lib/gcc/nios2-elf/4.1.2/../../../../nios2-elf/lib\libsmallc.a(lib_a-__call_atexit.o)
                0x00081898                __call_exitprocs
 .text          0x00081a54        0x0 c:/altera/13.0/nios2eds/bin/gnu/h-i686-mingw32/bin/../lib/gcc/nios2-elf/4.1.2/../../../../nios2-elf/lib\libsmallc.a(lib_a-impure.o)
 .text          0x00081a54       0x60 ../isr_demo_final_bsp/\libhal_bsp.a(alt_exit.o)
                0x00081a94                _exit
 *(.gnu.warning.*)
 *(.fini)
                0x00081ab4                PROVIDE (__etext, ABSOLUTE (.))
                0x00081ab4                PROVIDE (_etext, ABSOLUTE (.))
                0x00081ab4                PROVIDE (etext, ABSOLUTE (.))
 *(.eh_frame_hdr)
                0x00081ab4                . = ALIGN (0x4)
                0x00081ab4                PROVIDE (__preinit_array_start, ABSOLUTE (.))
 *(.preinit_array)
                0x00081ab4                PROVIDE (__preinit_array_end, ABSOLUTE (.))
                0x00081ab4                PROVIDE (__init_array_start, ABSOLUTE (.))
 *(.init_array)
                0x00081ab4                PROVIDE (__init_array_end, ABSOLUTE (.))
                0x00081ab4                PROVIDE (__fini_array_start, ABSOLUTE (.))
 *(.fini_array)
                0x00081ab4                PROVIDE (__fini_array_end, ABSOLUTE (.))
 *(.eh_frame)
 *(.gcc_except_table)
 *(.dynamic)
                0x00081ab4                PROVIDE (__CTOR_LIST__, ABSOLUTE (.))
 *(.ctors)
 *(SORT(.ctors.*))
 .ctors.65535   0x00081ab4        0x4 c:/altera/13.0/nios2eds/bin/gnu/h-i686-mingw32/bin/../lib/gcc/nios2-elf/4.1.2/../../../../nios2-elf/lib\libsmallc.a(lib_a-__call_atexit.o)
                0x00081ab8                PROVIDE (__CTOR_END__, ABSOLUTE (.))
                0x00081ab8                PROVIDE (__DTOR_LIST__, ABSOLUTE (.))
 *(.dtors)
 *(SORT(.dtors.*))
                0x00081ab8                PROVIDE (__DTOR_END__, ABSOLUTE (.))
 *(.jcr)
                0x00081ab8                . = ALIGN (0x4)

.rodata         0x00081ab8       0x2c
                0x00081ab8                PROVIDE (__ram_rodata_start, ABSOLUTE (.))
                0x00081ab8                . = ALIGN (0x4)
 *(.rodata .rodata.* .gnu.linkonce.r.*)
 .rodata        0x00081ab8       0x10 ../isr_demo_final_bsp/\libhal_bsp.a(alt_main.o)
 .rodata        0x00081ac8       0x10 ../isr_demo_final_bsp/\libhal_bsp.a(alt_sys_init.o)
 .rodata        0x00081ad8        0xc ../isr_demo_final_bsp/\libhal_bsp.a(alt_dev.o)
 *(.rodata1)
                0x00081ae4                . = ALIGN (0x4)
                0x00081ae4                PROVIDE (__ram_rodata_end, ABSOLUTE (.))
                0x00081ab8                PROVIDE (__flash_rodata_start, LOADADDR (.rodata))

.rwdata         0x00081ae4      0x2e0 load address 0x00081dc4
                0x00081ae4                PROVIDE (__ram_rwdata_start, ABSOLUTE (.))
                0x00081ae4                . = ALIGN (0x4)
 *(.got.plt)
 *(.got)
 *(.data1)
 *(.data .data.* .gnu.linkonce.d.*)
 .data          0x00081ae4        0x0 ../isr_demo_final_bsp//obj/HAL/src/crt0.o
 .data          0x00081ae4        0x0 obj/default/hello_world.o
 .data          0x00081ae4        0x0 ../isr_demo_final_bsp/\libhal_bsp.a(alt_load.o)
 .data          0x00081ae4        0x0 ../isr_demo_final_bsp/\libhal_bsp.a(alt_main.o)
 .data          0x00081ae4       0x2c ../isr_demo_final_bsp/\libhal_bsp.a(alt_sys_init.o)
 .data          0x00081b10        0x0 ../isr_demo_final_bsp/\libhal_bsp.a(altera_avalon_jtag_uart_fd.o)
 .data          0x00081b10        0x0 ../isr_demo_final_bsp/\libhal_bsp.a(altera_avalon_jtag_uart_read.o)
 .data          0x00081b10        0x0 ../isr_demo_final_bsp/\libhal_bsp.a(altera_avalon_jtag_uart_write.o)
 .data          0x00081b10        0x0 ../isr_demo_final_bsp/\libhal_bsp.a(altera_avalon_timer_sc.o)
 .data          0x00081b10        0x0 ../isr_demo_final_bsp/\libhal_bsp.a(alt_close.o)
 .data          0x00081b10        0x0 ../isr_demo_final_bsp/\libhal_bsp.a(alt_dcache_flush_all.o)
 .data          0x00081b10      0x1a8 ../isr_demo_final_bsp/\libhal_bsp.a(alt_dev.o)
                0x00081b10                alt_dev_null
                0x00081b38                alt_fd_list
 .data          0x00081cb8        0x0 ../isr_demo_final_bsp/\libhal_bsp.a(alt_dev_llist_insert.o)
 .data          0x00081cb8        0x0 ../isr_demo_final_bsp/\libhal_bsp.a(alt_errno.o)
 .data          0x00081cb8        0x0 ../isr_demo_final_bsp/\libhal_bsp.a(alt_icache_flush_all.o)
 .data          0x00081cb8        0x0 ../isr_demo_final_bsp/\libhal_bsp.a(alt_iic.o)
 .data          0x00081cb8        0x0 ../isr_demo_final_bsp/\libhal_bsp.a(alt_iic_isr_register.o)
 .data          0x00081cb8        0x0 ../isr_demo_final_bsp/\libhal_bsp.a(alt_io_redirect.o)
 .data          0x00081cb8        0x0 ../isr_demo_final_bsp/\libhal_bsp.a(alt_irq_entry.o)
 .data          0x00081cb8        0x0 ../isr_demo_final_bsp/\libhal_bsp.a(alt_irq_handler.o)
 .data          0x00081cb8        0x0 ../isr_demo_final_bsp/\libhal_bsp.a(alt_irq_vars.o)
 .data          0x00081cb8        0x0 ../isr_demo_final_bsp/\libhal_bsp.a(alt_open.o)
 .data          0x00081cb8        0x0 ../isr_demo_final_bsp/\libhal_bsp.a(alt_release_fd.o)
 .data          0x00081cb8        0x0 ../isr_demo_final_bsp/\libhal_bsp.a(alt_tick.o)
 .data          0x00081cb8        0x0 ../isr_demo_final_bsp/\libhal_bsp.a(altera_nios2_qsys_irq.o)
 .data          0x00081cb8        0x0 ../isr_demo_final_bsp/\libhal_bsp.a(alt_exception_entry.o)
 .data          0x00081cb8        0x0 ../isr_demo_final_bsp/\libhal_bsp.a(alt_find_dev.o)
 .data          0x00081cb8        0x0 ../isr_demo_final_bsp/\libhal_bsp.a(alt_find_file.o)
 .data          0x00081cb8        0x0 ../isr_demo_final_bsp/\libhal_bsp.a(alt_get_fd.o)
 .data          0x00081cb8        0x0 ../isr_demo_final_bsp/\libhal_bsp.a(alt_icache_flush.o)
 .data          0x00081cb8        0x0 c:/altera/13.0/nios2eds/bin/gnu/h-i686-mingw32/bin/../lib/gcc/nios2-elf/4.1.2/../../../../nios2-elf/lib\libsmallc.a(lib_a-exit.o)
 .data          0x00081cb8        0x0 c:/altera/13.0/nios2eds/bin/gnu/h-i686-mingw32/bin/../lib/gcc/nios2-elf/4.1.2/../../../../nios2-elf/lib\libsmallc.a(lib_a-int_errno.o)
 .data          0x00081cb8        0x0 c:/altera/13.0/nios2eds/bin/gnu/h-i686-mingw32/bin/../lib/gcc/nios2-elf/4.1.2/../../../../nios2-elf/lib\libsmallc.a(lib_a-memcmp.o)
 .data          0x00081cb8        0x0 c:/altera/13.0/nios2eds/bin/gnu/h-i686-mingw32/bin/../lib/gcc/nios2-elf/4.1.2/../../../../nios2-elf/lib\libsmallc.a(lib_a-strlen.o)
 .data          0x00081cb8        0x0 c:/altera/13.0/nios2eds/bin/gnu/h-i686-mingw32/bin/../lib/gcc/nios2-elf/4.1.2/../../../../nios2-elf/lib\libsmallc.a(lib_a-__call_atexit.o)
 .data          0x00081cb8       0xe0 c:/altera/13.0/nios2eds/bin/gnu/h-i686-mingw32/bin/../lib/gcc/nios2-elf/4.1.2/../../../../nios2-elf/lib\libsmallc.a(lib_a-impure.o)
 .data          0x00081d98        0x0 ../isr_demo_final_bsp/\libhal_bsp.a(alt_exit.o)
                0x00089d98                _gp = ABSOLUTE ((. + 0x8000))
                0x00089d98                PROVIDE (gp, _gp)
 *(.rwdata .rwdata.*)
 *(.sdata .sdata.* .gnu.linkonce.s.*)
 .sdata         0x00081d98       0x14 ../isr_demo_final_bsp/\libhal_bsp.a(alt_dev.o)
                0x00081d98                alt_fs_list
                0x00081da0                alt_dev_list
                0x00081da8                alt_max_fd
 .sdata         0x00081dac        0x4 ../isr_demo_final_bsp/\libhal_bsp.a(alt_errno.o)
                0x00081dac                alt_errno
 .sdata         0x00081db0        0x4 ../isr_demo_final_bsp/\libhal_bsp.a(alt_irq_vars.o)
                0x00081db0                alt_priority_mask
 .sdata         0x00081db4        0x8 ../isr_demo_final_bsp/\libhal_bsp.a(alt_tick.o)
                0x00081db4                alt_alarm_list
 .sdata         0x00081dbc        0x8 c:/altera/13.0/nios2eds/bin/gnu/h-i686-mingw32/bin/../lib/gcc/nios2-elf/4.1.2/../../../../nios2-elf/lib\libsmallc.a(lib_a-impure.o)
                0x00081dbc                _impure_ptr
                0x00081dc0                _global_impure_ptr
 *(.sdata2 .sdata2.* .gnu.linkonce.s2.*)
                0x00081dc4                . = ALIGN (0x4)
                0x00081dc4                _edata = ABSOLUTE (.)
                0x00081dc4                PROVIDE (edata, ABSOLUTE (.))
                0x00081dc4                PROVIDE (__ram_rwdata_end, ABSOLUTE (.))
                0x00081dc4                PROVIDE (__flash_rwdata_start, LOADADDR (.rwdata))

.bss            0x000820a4      0x124
                0x000820a4                __bss_start = ABSOLUTE (.)
                0x000820a4                PROVIDE (__sbss_start, ABSOLUTE (.))
                0x000820a4                PROVIDE (___sbss_start, ABSOLUTE (.))
 *(.dynsbss)
 *(.sbss .sbss.* .gnu.linkonce.sb.*)
 .sbss          0x000820a4        0x8 obj/default/hello_world.o
                0x000820a4                GP1_val
                0x000820a8                GP0_val
 .sbss          0x000820ac        0xc ../isr_demo_final_bsp/\libhal_bsp.a(alt_main.o)
                0x000820ac                alt_argc
                0x000820b0                alt_argv
                0x000820b4                alt_envp
 .sbss          0x000820b8        0x4 ../isr_demo_final_bsp/\libhal_bsp.a(alt_irq_vars.o)
                0x000820b8                alt_irq_active
 .sbss          0x000820bc        0x8 ../isr_demo_final_bsp/\libhal_bsp.a(alt_tick.o)
                0x000820bc                _alt_tick_rate
                0x000820c0                _alt_nticks
 .sbss          0x000820c4        0x4 c:/altera/13.0/nios2eds/bin/gnu/h-i686-mingw32/bin/../lib/gcc/nios2-elf/4.1.2/../../../../nios2-elf/lib\libsmallc.a(lib_a-int_errno.o)
                0x000820c4                errno
 *(.sbss2 .sbss2.* .gnu.linkonce.sb2.*)
 *(.scommon)
                0x000820c8                PROVIDE (__sbss_end, ABSOLUTE (.))
                0x000820c8                PROVIDE (___sbss_end, ABSOLUTE (.))
 *(.dynbss)
 *(.bss .bss.* .gnu.linkonce.b.*)
 .bss           0x000820c8        0x0 ../isr_demo_final_bsp//obj/HAL/src/crt0.o
 .bss           0x000820c8        0x0 obj/default/hello_world.o
 .bss           0x000820c8        0x0 ../isr_demo_final_bsp/\libhal_bsp.a(alt_load.o)
 .bss           0x000820c8        0x0 ../isr_demo_final_bsp/\libhal_bsp.a(alt_main.o)
 .bss           0x000820c8        0x0 ../isr_demo_final_bsp/\libhal_bsp.a(alt_sys_init.o)
 .bss           0x000820c8        0x0 ../isr_demo_final_bsp/\libhal_bsp.a(altera_avalon_jtag_uart_fd.o)
 .bss           0x000820c8        0x0 ../isr_demo_final_bsp/\libhal_bsp.a(altera_avalon_jtag_uart_read.o)
 .bss           0x000820c8        0x0 ../isr_demo_final_bsp/\libhal_bsp.a(altera_avalon_jtag_uart_write.o)
 .bss           0x000820c8        0x0 ../isr_demo_final_bsp/\libhal_bsp.a(altera_avalon_timer_sc.o)
 .bss           0x000820c8        0x0 ../isr_demo_final_bsp/\libhal_bsp.a(alt_close.o)
 .bss           0x000820c8        0x0 ../isr_demo_final_bsp/\libhal_bsp.a(alt_dcache_flush_all.o)
 .bss           0x000820c8        0x0 ../isr_demo_final_bsp/\libhal_bsp.a(alt_dev.o)
 .bss           0x000820c8        0x0 ../isr_demo_final_bsp/\libhal_bsp.a(alt_dev_llist_insert.o)
 .bss           0x000820c8        0x0 ../isr_demo_final_bsp/\libhal_bsp.a(alt_errno.o)
 .bss           0x000820c8        0x0 ../isr_demo_final_bsp/\libhal_bsp.a(alt_icache_flush_all.o)
 .bss           0x000820c8        0x0 ../isr_demo_final_bsp/\libhal_bsp.a(alt_iic.o)
 .bss           0x000820c8        0x0 ../isr_demo_final_bsp/\libhal_bsp.a(alt_iic_isr_register.o)
 .bss           0x000820c8        0x0 ../isr_demo_final_bsp/\libhal_bsp.a(alt_io_redirect.o)
 .bss           0x000820c8        0x0 ../isr_demo_final_bsp/\libhal_bsp.a(alt_irq_entry.o)
 .bss           0x000820c8        0x0 ../isr_demo_final_bsp/\libhal_bsp.a(alt_irq_handler.o)
 .bss           0x000820c8        0x0 ../isr_demo_final_bsp/\libhal_bsp.a(alt_irq_vars.o)
 .bss           0x000820c8        0x0 ../isr_demo_final_bsp/\libhal_bsp.a(alt_open.o)
 .bss           0x000820c8        0x0 ../isr_demo_final_bsp/\libhal_bsp.a(alt_release_fd.o)
 .bss           0x000820c8        0x0 ../isr_demo_final_bsp/\libhal_bsp.a(alt_tick.o)
 .bss           0x000820c8        0x0 ../isr_demo_final_bsp/\libhal_bsp.a(altera_nios2_qsys_irq.o)
 .bss           0x000820c8        0x0 ../isr_demo_final_bsp/\libhal_bsp.a(alt_exception_entry.o)
 .bss           0x000820c8        0x0 ../isr_demo_final_bsp/\libhal_bsp.a(alt_find_dev.o)
 .bss           0x000820c8        0x0 ../isr_demo_final_bsp/\libhal_bsp.a(alt_find_file.o)
 .bss           0x000820c8        0x0 ../isr_demo_final_bsp/\libhal_bsp.a(alt_get_fd.o)
 .bss           0x000820c8        0x0 ../isr_demo_final_bsp/\libhal_bsp.a(alt_icache_flush.o)
 .bss           0x000820c8        0x0 c:/altera/13.0/nios2eds/bin/gnu/h-i686-mingw32/bin/../lib/gcc/nios2-elf/4.1.2/../../../../nios2-elf/lib\libsmallc.a(lib_a-exit.o)
 .bss           0x000820c8        0x0 c:/altera/13.0/nios2eds/bin/gnu/h-i686-mingw32/bin/../lib/gcc/nios2-elf/4.1.2/../../../../nios2-elf/lib\libsmallc.a(lib_a-int_errno.o)
 .bss           0x000820c8        0x0 c:/altera/13.0/nios2eds/bin/gnu/h-i686-mingw32/bin/../lib/gcc/nios2-elf/4.1.2/../../../../nios2-elf/lib\libsmallc.a(lib_a-memcmp.o)
 .bss           0x000820c8        0x0 c:/altera/13.0/nios2eds/bin/gnu/h-i686-mingw32/bin/../lib/gcc/nios2-elf/4.1.2/../../../../nios2-elf/lib\libsmallc.a(lib_a-strlen.o)
 .bss           0x000820c8        0x0 c:/altera/13.0/nios2eds/bin/gnu/h-i686-mingw32/bin/../lib/gcc/nios2-elf/4.1.2/../../../../nios2-elf/lib\libsmallc.a(lib_a-__call_atexit.o)
 .bss           0x000820c8        0x0 c:/altera/13.0/nios2eds/bin/gnu/h-i686-mingw32/bin/../lib/gcc/nios2-elf/4.1.2/../../../../nios2-elf/lib\libsmallc.a(lib_a-impure.o)
 .bss           0x000820c8        0x0 ../isr_demo_final_bsp/\libhal_bsp.a(alt_exit.o)
 *(COMMON)
 COMMON         0x000820c8      0x100 ../isr_demo_final_bsp/\libhal_bsp.a(alt_irq_handler.o)
                0x000820c8                alt_irq
                0x000821c8                . = ALIGN (0x4)
                0x000821c8                __bss_end = ABSOLUTE (.)

.onchip_mem     0x000821c8        0x0
                0x000821c8                PROVIDE (_alt_partition_onchip_mem_start, ABSOLUTE (.))
 *(.onchip_mem. onchip_mem.*)
                0x000821c8                . = ALIGN (0x4)
                0x000821c8                PROVIDE (_alt_partition_onchip_mem_end, ABSOLUTE (.))
                0x000821c8                _end = ABSOLUTE (.)
                0x000821c8                end = ABSOLUTE (.)
                0x000821c8                __alt_stack_base = ABSOLUTE (.)
                0x000821c8                PROVIDE (_alt_partition_onchip_mem_load_addr, LOADADDR (.onchip_mem))

.stab
 *(.stab)

.stabstr
 *(.stabstr)

.stab.excl
 *(.stab.excl)

.stab.exclstr
 *(.stab.exclstr)

.stab.index
 *(.stab.index)

.stab.indexstr
 *(.stab.indexstr)

.comment        0x00000000       0x23
 *(.comment)
 .comment       0x00000000       0x23 obj/default/hello_world.o
                                 0x24 (size before relaxing)
 .comment       0x00000000       0x24 ../isr_demo_final_bsp/\libhal_bsp.a(alt_load.o)
 .comment       0x00000000       0x24 ../isr_demo_final_bsp/\libhal_bsp.a(alt_main.o)
 .comment       0x00000000       0x24 ../isr_demo_final_bsp/\libhal_bsp.a(alt_sys_init.o)
 .comment       0x00000000       0x24 ../isr_demo_final_bsp/\libhal_bsp.a(altera_avalon_jtag_uart_fd.o)
 .comment       0x00000000       0x24 ../isr_demo_final_bsp/\libhal_bsp.a(altera_avalon_jtag_uart_read.o)
 .comment       0x00000000       0x24 ../isr_demo_final_bsp/\libhal_bsp.a(altera_avalon_jtag_uart_write.o)
 .comment       0x00000000       0x24 ../isr_demo_final_bsp/\libhal_bsp.a(altera_avalon_timer_sc.o)
 .comment       0x00000000       0x24 ../isr_demo_final_bsp/\libhal_bsp.a(alt_close.o)
 .comment       0x00000000       0x24 ../isr_demo_final_bsp/\libhal_bsp.a(alt_dcache_flush_all.o)
 .comment       0x00000000       0x24 ../isr_demo_final_bsp/\libhal_bsp.a(alt_dev.o)
 .comment       0x00000000       0x24 ../isr_demo_final_bsp/\libhal_bsp.a(alt_dev_llist_insert.o)
 .comment       0x00000000       0x24 ../isr_demo_final_bsp/\libhal_bsp.a(alt_errno.o)
 .comment       0x00000000       0x24 ../isr_demo_final_bsp/\libhal_bsp.a(alt_icache_flush_all.o)
 .comment       0x00000000       0x24 ../isr_demo_final_bsp/\libhal_bsp.a(alt_iic.o)
 .comment       0x00000000       0x24 ../isr_demo_final_bsp/\libhal_bsp.a(alt_iic_isr_register.o)
 .comment       0x00000000       0x24 ../isr_demo_final_bsp/\libhal_bsp.a(alt_io_redirect.o)
 .comment       0x00000000       0x24 ../isr_demo_final_bsp/\libhal_bsp.a(alt_irq_handler.o)
 .comment       0x00000000       0x24 ../isr_demo_final_bsp/\libhal_bsp.a(alt_irq_vars.o)
 .comment       0x00000000       0x24 ../isr_demo_final_bsp/\libhal_bsp.a(alt_open.o)
 .comment       0x00000000       0x24 ../isr_demo_final_bsp/\libhal_bsp.a(alt_release_fd.o)
 .comment       0x00000000       0x24 ../isr_demo_final_bsp/\libhal_bsp.a(alt_tick.o)
 .comment       0x00000000       0x24 ../isr_demo_final_bsp/\libhal_bsp.a(altera_nios2_qsys_irq.o)
 .comment       0x00000000       0x24 ../isr_demo_final_bsp/\libhal_bsp.a(alt_find_dev.o)
 .comment       0x00000000       0x24 ../isr_demo_final_bsp/\libhal_bsp.a(alt_find_file.o)
 .comment       0x00000000       0x24 ../isr_demo_final_bsp/\libhal_bsp.a(alt_get_fd.o)
 .comment       0x00000000       0x24 ../isr_demo_final_bsp/\libhal_bsp.a(alt_icache_flush.o)
 .comment       0x00000000       0x24 c:/altera/13.0/nios2eds/bin/gnu/h-i686-mingw32/bin/../lib/gcc/nios2-elf/4.1.2/../../../../nios2-elf/lib\libsmallc.a(lib_a-exit.o)
 .comment       0x00000000       0x24 c:/altera/13.0/nios2eds/bin/gnu/h-i686-mingw32/bin/../lib/gcc/nios2-elf/4.1.2/../../../../nios2-elf/lib\libsmallc.a(lib_a-int_errno.o)
 .comment       0x00000000       0x24 c:/altera/13.0/nios2eds/bin/gnu/h-i686-mingw32/bin/../lib/gcc/nios2-elf/4.1.2/../../../../nios2-elf/lib\libsmallc.a(lib_a-memcmp.o)
 .comment       0x00000000       0x24 c:/altera/13.0/nios2eds/bin/gnu/h-i686-mingw32/bin/../lib/gcc/nios2-elf/4.1.2/../../../../nios2-elf/lib\libsmallc.a(lib_a-strlen.o)
 .comment       0x00000000       0x24 c:/altera/13.0/nios2eds/bin/gnu/h-i686-mingw32/bin/../lib/gcc/nios2-elf/4.1.2/../../../../nios2-elf/lib\libsmallc.a(lib_a-__call_atexit.o)
 .comment       0x00000000       0x24 c:/altera/13.0/nios2eds/bin/gnu/h-i686-mingw32/bin/../lib/gcc/nios2-elf/4.1.2/../../../../nios2-elf/lib\libsmallc.a(lib_a-impure.o)
 .comment       0x00000000       0x24 ../isr_demo_final_bsp/\libhal_bsp.a(alt_exit.o)

.debug
 *(.debug)

.line
 *(.line)

.debug_srcinfo
 *(.debug_srcinfo)

.debug_sfnames
 *(.debug_sfnames)

.debug_aranges  0x00000000      0x458
 *(.debug_aranges)
 .debug_aranges
                0x00000000       0x28 ../isr_demo_final_bsp//obj/HAL/src/crt0.o
 .debug_aranges
                0x00000028       0x20 obj/default/hello_world.o
 .debug_aranges
                0x00000048       0x20 ../isr_demo_final_bsp/\libhal_bsp.a(alt_load.o)
 .debug_aranges
                0x00000068       0x20 ../isr_demo_final_bsp/\libhal_bsp.a(alt_main.o)
 .debug_aranges
                0x00000088       0x20 ../isr_demo_final_bsp/\libhal_bsp.a(alt_sys_init.o)
 .debug_aranges
                0x000000a8       0x20 ../isr_demo_final_bsp/\libhal_bsp.a(altera_avalon_jtag_uart_fd.o)
 .debug_aranges
                0x000000c8       0x20 ../isr_demo_final_bsp/\libhal_bsp.a(altera_avalon_jtag_uart_read.o)
 .debug_aranges
                0x000000e8       0x20 ../isr_demo_final_bsp/\libhal_bsp.a(altera_avalon_jtag_uart_write.o)
 .debug_aranges
                0x00000108       0x20 ../isr_demo_final_bsp/\libhal_bsp.a(altera_avalon_timer_sc.o)
 .debug_aranges
                0x00000128       0x20 ../isr_demo_final_bsp/\libhal_bsp.a(alt_close.o)
 .debug_aranges
                0x00000148       0x20 ../isr_demo_final_bsp/\libhal_bsp.a(alt_dcache_flush_all.o)
 .debug_aranges
                0x00000168       0x20 ../isr_demo_final_bsp/\libhal_bsp.a(alt_dev.o)
 .debug_aranges
                0x00000188       0x20 ../isr_demo_final_bsp/\libhal_bsp.a(alt_dev_llist_insert.o)
 .debug_aranges
                0x000001a8       0x20 ../isr_demo_final_bsp/\libhal_bsp.a(alt_icache_flush_all.o)
 .debug_aranges
                0x000001c8       0x20 ../isr_demo_final_bsp/\libhal_bsp.a(alt_iic.o)
 .debug_aranges
                0x000001e8       0x20 ../isr_demo_final_bsp/\libhal_bsp.a(alt_iic_isr_register.o)
 .debug_aranges
                0x00000208       0x20 ../isr_demo_final_bsp/\libhal_bsp.a(alt_io_redirect.o)
 .debug_aranges
                0x00000228       0x30 ../isr_demo_final_bsp/\libhal_bsp.a(alt_irq_entry.o)
 .debug_aranges
                0x00000258       0x28 ../isr_demo_final_bsp/\libhal_bsp.a(alt_irq_handler.o)
 .debug_aranges
                0x00000280       0x20 ../isr_demo_final_bsp/\libhal_bsp.a(alt_open.o)
 .debug_aranges
                0x000002a0       0x20 ../isr_demo_final_bsp/\libhal_bsp.a(alt_release_fd.o)
 .debug_aranges
                0x000002c0       0x20 ../isr_demo_final_bsp/\libhal_bsp.a(alt_tick.o)
 .debug_aranges
                0x000002e0       0x20 ../isr_demo_final_bsp/\libhal_bsp.a(altera_nios2_qsys_irq.o)
 .debug_aranges
                0x00000300       0x38 ../isr_demo_final_bsp/\libhal_bsp.a(alt_exception_entry.o)
 .debug_aranges
                0x00000338       0x20 ../isr_demo_final_bsp/\libhal_bsp.a(alt_find_dev.o)
 .debug_aranges
                0x00000358       0x20 ../isr_demo_final_bsp/\libhal_bsp.a(alt_find_file.o)
 .debug_aranges
                0x00000378       0x20 ../isr_demo_final_bsp/\libhal_bsp.a(alt_get_fd.o)
 .debug_aranges
                0x00000398       0x20 ../isr_demo_final_bsp/\libhal_bsp.a(alt_icache_flush.o)
 .debug_aranges
                0x000003b8       0x20 c:/altera/13.0/nios2eds/bin/gnu/h-i686-mingw32/bin/../lib/gcc/nios2-elf/4.1.2/../../../../nios2-elf/lib\libsmallc.a(lib_a-exit.o)
 .debug_aranges
                0x000003d8       0x20 c:/altera/13.0/nios2eds/bin/gnu/h-i686-mingw32/bin/../lib/gcc/nios2-elf/4.1.2/../../../../nios2-elf/lib\libsmallc.a(lib_a-memcmp.o)
 .debug_aranges
                0x000003f8       0x20 c:/altera/13.0/nios2eds/bin/gnu/h-i686-mingw32/bin/../lib/gcc/nios2-elf/4.1.2/../../../../nios2-elf/lib\libsmallc.a(lib_a-strlen.o)
 .debug_aranges
                0x00000418       0x20 c:/altera/13.0/nios2eds/bin/gnu/h-i686-mingw32/bin/../lib/gcc/nios2-elf/4.1.2/../../../../nios2-elf/lib\libsmallc.a(lib_a-__call_atexit.o)
 .debug_aranges
                0x00000438       0x20 ../isr_demo_final_bsp/\libhal_bsp.a(alt_exit.o)

.debug_pubnames
                0x00000000      0x68e
 *(.debug_pubnames)
 .debug_pubnames
                0x00000000       0x63 obj/default/hello_world.o
 .debug_pubnames
                0x00000063       0x1f ../isr_demo_final_bsp/\libhal_bsp.a(alt_load.o)
 .debug_pubnames
                0x00000082       0x46 ../isr_demo_final_bsp/\libhal_bsp.a(alt_main.o)
 .debug_pubnames
                0x000000c8       0x34 ../isr_demo_final_bsp/\libhal_bsp.a(alt_sys_init.o)
 .debug_pubnames
                0x000000fc       0x5b ../isr_demo_final_bsp/\libhal_bsp.a(altera_avalon_jtag_uart_fd.o)
 .debug_pubnames
                0x00000157       0x33 ../isr_demo_final_bsp/\libhal_bsp.a(altera_avalon_jtag_uart_read.o)
 .debug_pubnames
                0x0000018a       0x34 ../isr_demo_final_bsp/\libhal_bsp.a(altera_avalon_jtag_uart_write.o)
 .debug_pubnames
                0x000001be       0x2f ../isr_demo_final_bsp/\libhal_bsp.a(altera_avalon_timer_sc.o)
 .debug_pubnames
                0x000001ed       0x1c ../isr_demo_final_bsp/\libhal_bsp.a(alt_close.o)
 .debug_pubnames
                0x00000209       0x2b ../isr_demo_final_bsp/\libhal_bsp.a(alt_dcache_flush_all.o)
 .debug_pubnames
                0x00000234       0x63 ../isr_demo_final_bsp/\libhal_bsp.a(alt_dev.o)
 .debug_pubnames
                0x00000297       0x2b ../isr_demo_final_bsp/\libhal_bsp.a(alt_dev_llist_insert.o)
 .debug_pubnames
                0x000002c2       0x20 ../isr_demo_final_bsp/\libhal_bsp.a(alt_errno.o)
 .debug_pubnames
                0x000002e2       0x2b ../isr_demo_final_bsp/\libhal_bsp.a(alt_icache_flush_all.o)
 .debug_pubnames
                0x0000030d       0x6e ../isr_demo_final_bsp/\libhal_bsp.a(alt_iic.o)
 .debug_pubnames
                0x0000037b       0x2b ../isr_demo_final_bsp/\libhal_bsp.a(alt_iic_isr_register.o)
 .debug_pubnames
                0x000003a6       0x26 ../isr_demo_final_bsp/\libhal_bsp.a(alt_io_redirect.o)
 .debug_pubnames
                0x000003cc       0x32 ../isr_demo_final_bsp/\libhal_bsp.a(alt_irq_handler.o)
 .debug_pubnames
                0x000003fe       0x3b ../isr_demo_final_bsp/\libhal_bsp.a(alt_irq_vars.o)
 .debug_pubnames
                0x00000439       0x1b ../isr_demo_final_bsp/\libhal_bsp.a(alt_open.o)
 .debug_pubnames
                0x00000454       0x25 ../isr_demo_final_bsp/\libhal_bsp.a(alt_release_fd.o)
 .debug_pubnames
                0x00000479       0x68 ../isr_demo_final_bsp/\libhal_bsp.a(alt_tick.o)
 .debug_pubnames
                0x000004e1       0x31 ../isr_demo_final_bsp/\libhal_bsp.a(altera_nios2_qsys_irq.o)
 .debug_pubnames
                0x00000512       0x23 ../isr_demo_final_bsp/\libhal_bsp.a(alt_find_dev.o)
 .debug_pubnames
                0x00000535       0x24 ../isr_demo_final_bsp/\libhal_bsp.a(alt_find_file.o)
 .debug_pubnames
                0x00000559       0x21 ../isr_demo_final_bsp/\libhal_bsp.a(alt_get_fd.o)
 .debug_pubnames
                0x0000057a       0x27 ../isr_demo_final_bsp/\libhal_bsp.a(alt_icache_flush.o)
 .debug_pubnames
                0x000005a1       0x1b c:/altera/13.0/nios2eds/bin/gnu/h-i686-mingw32/bin/../lib/gcc/nios2-elf/4.1.2/../../../../nios2-elf/lib\libsmallc.a(lib_a-exit.o)
 .debug_pubnames
                0x000005bc       0x1c c:/altera/13.0/nios2eds/bin/gnu/h-i686-mingw32/bin/../lib/gcc/nios2-elf/4.1.2/../../../../nios2-elf/lib\libsmallc.a(lib_a-int_errno.o)
 .debug_pubnames
                0x000005d8       0x1d c:/altera/13.0/nios2eds/bin/gnu/h-i686-mingw32/bin/../lib/gcc/nios2-elf/4.1.2/../../../../nios2-elf/lib\libsmallc.a(lib_a-memcmp.o)
 .debug_pubnames
                0x000005f5       0x1d c:/altera/13.0/nios2eds/bin/gnu/h-i686-mingw32/bin/../lib/gcc/nios2-elf/4.1.2/../../../../nios2-elf/lib\libsmallc.a(lib_a-strlen.o)
 .debug_pubnames
                0x00000612       0x27 c:/altera/13.0/nios2eds/bin/gnu/h-i686-mingw32/bin/../lib/gcc/nios2-elf/4.1.2/../../../../nios2-elf/lib\libsmallc.a(lib_a-__call_atexit.o)
 .debug_pubnames
                0x00000639       0x39 c:/altera/13.0/nios2eds/bin/gnu/h-i686-mingw32/bin/../lib/gcc/nios2-elf/4.1.2/../../../../nios2-elf/lib\libsmallc.a(lib_a-impure.o)
 .debug_pubnames
                0x00000672       0x1c ../isr_demo_final_bsp/\libhal_bsp.a(alt_exit.o)

.debug_info     0x00000000     0x6d46
 *(.debug_info .gnu.linkonce.wi.*)
 .debug_info    0x00000000       0x68 ../isr_demo_final_bsp//obj/HAL/src/crt0.o
 .debug_info    0x00000068      0x259 obj/default/hello_world.o
 .debug_info    0x000002c1      0x27a ../isr_demo_final_bsp/\libhal_bsp.a(alt_load.o)
 .debug_info    0x0000053b      0x212 ../isr_demo_final_bsp/\libhal_bsp.a(alt_main.o)
 .debug_info    0x0000074d      0x5ae ../isr_demo_final_bsp/\libhal_bsp.a(alt_sys_init.o)
 .debug_info    0x00000cfb      0x5a6 ../isr_demo_final_bsp/\libhal_bsp.a(altera_avalon_jtag_uart_fd.o)
 .debug_info    0x000012a1      0x2f6 ../isr_demo_final_bsp/\libhal_bsp.a(altera_avalon_jtag_uart_read.o)
 .debug_info    0x00001597      0x2d3 ../isr_demo_final_bsp/\libhal_bsp.a(altera_avalon_jtag_uart_write.o)
 .debug_info    0x0000186a      0x378 ../isr_demo_final_bsp/\libhal_bsp.a(altera_avalon_timer_sc.o)
 .debug_info    0x00001be2      0x454 ../isr_demo_final_bsp/\libhal_bsp.a(alt_close.o)
 .debug_info    0x00002036      0x149 ../isr_demo_final_bsp/\libhal_bsp.a(alt_dcache_flush_all.o)
 .debug_info    0x0000217f      0x66c ../isr_demo_final_bsp/\libhal_bsp.a(alt_dev.o)
 .debug_info    0x000027eb      0x2a4 ../isr_demo_final_bsp/\libhal_bsp.a(alt_dev_llist_insert.o)
 .debug_info    0x00002a8f      0x151 ../isr_demo_final_bsp/\libhal_bsp.a(alt_errno.o)
 .debug_info    0x00002be0      0x149 ../isr_demo_final_bsp/\libhal_bsp.a(alt_icache_flush_all.o)
 .debug_info    0x00002d29      0x480 ../isr_demo_final_bsp/\libhal_bsp.a(alt_iic.o)
 .debug_info    0x000031a9      0x301 ../isr_demo_final_bsp/\libhal_bsp.a(alt_iic_isr_register.o)
 .debug_info    0x000034aa      0x682 ../isr_demo_final_bsp/\libhal_bsp.a(alt_io_redirect.o)
 .debug_info    0x00003b2c       0x71 ../isr_demo_final_bsp/\libhal_bsp.a(alt_irq_entry.o)
 .debug_info    0x00003b9d      0x262 ../isr_demo_final_bsp/\libhal_bsp.a(alt_irq_handler.o)
 .debug_info    0x00003dff      0x154 ../isr_demo_final_bsp/\libhal_bsp.a(alt_irq_vars.o)
 .debug_info    0x00003f53      0x512 ../isr_demo_final_bsp/\libhal_bsp.a(alt_open.o)
 .debug_info    0x00004465      0x3df ../isr_demo_final_bsp/\libhal_bsp.a(alt_release_fd.o)
 .debug_info    0x00004844      0x3eb ../isr_demo_final_bsp/\libhal_bsp.a(alt_tick.o)
 .debug_info    0x00004c2f      0x150 ../isr_demo_final_bsp/\libhal_bsp.a(altera_nios2_qsys_irq.o)
 .debug_info    0x00004d7f       0x77 ../isr_demo_final_bsp/\libhal_bsp.a(alt_exception_entry.o)
 .debug_info    0x00004df6      0x405 ../isr_demo_final_bsp/\libhal_bsp.a(alt_find_dev.o)
 .debug_info    0x000051fb      0x40c ../isr_demo_final_bsp/\libhal_bsp.a(alt_find_file.o)
 .debug_info    0x00005607      0x44d ../isr_demo_final_bsp/\libhal_bsp.a(alt_get_fd.o)
 .debug_info    0x00005a54      0x191 ../isr_demo_final_bsp/\libhal_bsp.a(alt_icache_flush.o)
 .debug_info    0x00005be5       0x9f c:/altera/13.0/nios2eds/bin/gnu/h-i686-mingw32/bin/../lib/gcc/nios2-elf/4.1.2/../../../../nios2-elf/lib\libsmallc.a(lib_a-exit.o)
 .debug_info    0x00005c84       0x8c c:/altera/13.0/nios2eds/bin/gnu/h-i686-mingw32/bin/../lib/gcc/nios2-elf/4.1.2/../../../../nios2-elf/lib\libsmallc.a(lib_a-int_errno.o)
 .debug_info    0x00005d10       0xef c:/altera/13.0/nios2eds/bin/gnu/h-i686-mingw32/bin/../lib/gcc/nios2-elf/4.1.2/../../../../nios2-elf/lib\libsmallc.a(lib_a-memcmp.o)
 .debug_info    0x00005dff       0xc2 c:/altera/13.0/nios2eds/bin/gnu/h-i686-mingw32/bin/../lib/gcc/nios2-elf/4.1.2/../../../../nios2-elf/lib\libsmallc.a(lib_a-strlen.o)
 .debug_info    0x00005ec1      0x6d5 c:/altera/13.0/nios2eds/bin/gnu/h-i686-mingw32/bin/../lib/gcc/nios2-elf/4.1.2/../../../../nios2-elf/lib\libsmallc.a(lib_a-__call_atexit.o)
 .debug_info    0x00006596      0x636 c:/altera/13.0/nios2eds/bin/gnu/h-i686-mingw32/bin/../lib/gcc/nios2-elf/4.1.2/../../../../nios2-elf/lib\libsmallc.a(lib_a-impure.o)
 .debug_info    0x00006bcc      0x17a ../isr_demo_final_bsp/\libhal_bsp.a(alt_exit.o)

.debug_abbrev   0x00000000     0x1a5b
 *(.debug_abbrev)
 .debug_abbrev  0x00000000       0x12 ../isr_demo_final_bsp//obj/HAL/src/crt0.o
 .debug_abbrev  0x00000012       0x98 obj/default/hello_world.o
 .debug_abbrev  0x000000aa       0x88 ../isr_demo_final_bsp/\libhal_bsp.a(alt_load.o)
 .debug_abbrev  0x00000132       0xb7 ../isr_demo_final_bsp/\libhal_bsp.a(alt_main.o)
 .debug_abbrev  0x000001e9      0x121 ../isr_demo_final_bsp/\libhal_bsp.a(alt_sys_init.o)
 .debug_abbrev  0x0000030a       0xcb ../isr_demo_final_bsp/\libhal_bsp.a(altera_avalon_jtag_uart_fd.o)
 .debug_abbrev  0x000003d5       0xb6 ../isr_demo_final_bsp/\libhal_bsp.a(altera_avalon_jtag_uart_read.o)
 .debug_abbrev  0x0000048b       0xb4 ../isr_demo_final_bsp/\libhal_bsp.a(altera_avalon_jtag_uart_write.o)
 .debug_abbrev  0x0000053f      0x137 ../isr_demo_final_bsp/\libhal_bsp.a(altera_avalon_timer_sc.o)
 .debug_abbrev  0x00000676       0xfb ../isr_demo_final_bsp/\libhal_bsp.a(alt_close.o)
 .debug_abbrev  0x00000771       0x3f ../isr_demo_final_bsp/\libhal_bsp.a(alt_dcache_flush_all.o)
 .debug_abbrev  0x000007b0       0xc7 ../isr_demo_final_bsp/\libhal_bsp.a(alt_dev.o)
 .debug_abbrev  0x00000877       0xf6 ../isr_demo_final_bsp/\libhal_bsp.a(alt_dev_llist_insert.o)
 .debug_abbrev  0x0000096d       0x5e ../isr_demo_final_bsp/\libhal_bsp.a(alt_errno.o)
 .debug_abbrev  0x000009cb       0x3f ../isr_demo_final_bsp/\libhal_bsp.a(alt_icache_flush_all.o)
 .debug_abbrev  0x00000a0a      0x134 ../isr_demo_final_bsp/\libhal_bsp.a(alt_iic.o)
 .debug_abbrev  0x00000b3e      0x14e ../isr_demo_final_bsp/\libhal_bsp.a(alt_iic_isr_register.o)
 .debug_abbrev  0x00000c8c       0xf0 ../isr_demo_final_bsp/\libhal_bsp.a(alt_io_redirect.o)
 .debug_abbrev  0x00000d7c       0x12 ../isr_demo_final_bsp/\libhal_bsp.a(alt_irq_entry.o)
 .debug_abbrev  0x00000d8e      0x10c ../isr_demo_final_bsp/\libhal_bsp.a(alt_irq_handler.o)
 .debug_abbrev  0x00000e9a       0x44 ../isr_demo_final_bsp/\libhal_bsp.a(alt_irq_vars.o)
 .debug_abbrev  0x00000ede      0x112 ../isr_demo_final_bsp/\libhal_bsp.a(alt_open.o)
 .debug_abbrev  0x00000ff0       0xc1 ../isr_demo_final_bsp/\libhal_bsp.a(alt_release_fd.o)
 .debug_abbrev  0x000010b1      0x150 ../isr_demo_final_bsp/\libhal_bsp.a(alt_tick.o)
 .debug_abbrev  0x00001201       0x3f ../isr_demo_final_bsp/\libhal_bsp.a(altera_nios2_qsys_irq.o)
 .debug_abbrev  0x00001240       0x12 ../isr_demo_final_bsp/\libhal_bsp.a(alt_exception_entry.o)
 .debug_abbrev  0x00001252       0xcf ../isr_demo_final_bsp/\libhal_bsp.a(alt_find_dev.o)
 .debug_abbrev  0x00001321       0xcf ../isr_demo_final_bsp/\libhal_bsp.a(alt_find_file.o)
 .debug_abbrev  0x000013f0       0xfb ../isr_demo_final_bsp/\libhal_bsp.a(alt_get_fd.o)
 .debug_abbrev  0x000014eb       0x7a ../isr_demo_final_bsp/\libhal_bsp.a(alt_icache_flush.o)
 .debug_abbrev  0x00001565       0x4e c:/altera/13.0/nios2eds/bin/gnu/h-i686-mingw32/bin/../lib/gcc/nios2-elf/4.1.2/../../../../nios2-elf/lib\libsmallc.a(lib_a-exit.o)
 .debug_abbrev  0x000015b3       0x3b c:/altera/13.0/nios2eds/bin/gnu/h-i686-mingw32/bin/../lib/gcc/nios2-elf/4.1.2/../../../../nios2-elf/lib\libsmallc.a(lib_a-int_errno.o)
 .debug_abbrev  0x000015ee       0x7c c:/altera/13.0/nios2eds/bin/gnu/h-i686-mingw32/bin/../lib/gcc/nios2-elf/4.1.2/../../../../nios2-elf/lib\libsmallc.a(lib_a-memcmp.o)
 .debug_abbrev  0x0000166a       0x7a c:/altera/13.0/nios2eds/bin/gnu/h-i686-mingw32/bin/../lib/gcc/nios2-elf/4.1.2/../../../../nios2-elf/lib\libsmallc.a(lib_a-strlen.o)
 .debug_abbrev  0x000016e4      0x1c6 c:/altera/13.0/nios2eds/bin/gnu/h-i686-mingw32/bin/../lib/gcc/nios2-elf/4.1.2/../../../../nios2-elf/lib\libsmallc.a(lib_a-__call_atexit.o)
 .debug_abbrev  0x000018aa      0x13f c:/altera/13.0/nios2eds/bin/gnu/h-i686-mingw32/bin/../lib/gcc/nios2-elf/4.1.2/../../../../nios2-elf/lib\libsmallc.a(lib_a-impure.o)
 .debug_abbrev  0x000019e9       0x72 ../isr_demo_final_bsp/\libhal_bsp.a(alt_exit.o)

.debug_line     0x00000000     0x4f8d
 *(.debug_line)
 .debug_line    0x00000000       0x6c ../isr_demo_final_bsp//obj/HAL/src/crt0.o
 .debug_line    0x0000006c      0x32a obj/default/hello_world.o
 .debug_line    0x00000396      0x211 ../isr_demo_final_bsp/\libhal_bsp.a(alt_load.o)
 .debug_line    0x000005a7      0x2b4 ../isr_demo_final_bsp/\libhal_bsp.a(alt_main.o)
 .debug_line    0x0000085b      0x2c1 ../isr_demo_final_bsp/\libhal_bsp.a(alt_sys_init.o)
 .debug_line    0x00000b1c      0x1d4 ../isr_demo_final_bsp/\libhal_bsp.a(altera_avalon_jtag_uart_fd.o)
 .debug_line    0x00000cf0      0x33d ../isr_demo_final_bsp/\libhal_bsp.a(altera_avalon_jtag_uart_read.o)
 .debug_line    0x0000102d      0x2fe ../isr_demo_final_bsp/\libhal_bsp.a(altera_avalon_jtag_uart_write.o)
 .debug_line    0x0000132b      0x2ad ../isr_demo_final_bsp/\libhal_bsp.a(altera_avalon_timer_sc.o)
 .debug_line    0x000015d8      0x293 ../isr_demo_final_bsp/\libhal_bsp.a(alt_close.o)
 .debug_line    0x0000186b      0x1af ../isr_demo_final_bsp/\libhal_bsp.a(alt_dcache_flush_all.o)
 .debug_line    0x00001a1a      0x24e ../isr_demo_final_bsp/\libhal_bsp.a(alt_dev.o)
 .debug_line    0x00001c68      0x254 ../isr_demo_final_bsp/\libhal_bsp.a(alt_dev_llist_insert.o)
 .debug_line    0x00001ebc      0x1a4 ../isr_demo_final_bsp/\libhal_bsp.a(alt_errno.o)
 .debug_line    0x00002060      0x1b7 ../isr_demo_final_bsp/\libhal_bsp.a(alt_icache_flush_all.o)
 .debug_line    0x00002217      0x2c2 ../isr_demo_final_bsp/\libhal_bsp.a(alt_iic.o)
 .debug_line    0x000024d9      0x243 ../isr_demo_final_bsp/\libhal_bsp.a(alt_iic_isr_register.o)
 .debug_line    0x0000271c      0x2ae ../isr_demo_final_bsp/\libhal_bsp.a(alt_io_redirect.o)
 .debug_line    0x000029ca       0x6b ../isr_demo_final_bsp/\libhal_bsp.a(alt_irq_entry.o)
 .debug_line    0x00002a35      0x242 ../isr_demo_final_bsp/\libhal_bsp.a(alt_irq_handler.o)
 .debug_line    0x00002c77       0x72 ../isr_demo_final_bsp/\libhal_bsp.a(alt_irq_vars.o)
 .debug_line    0x00002ce9      0x2f9 ../isr_demo_final_bsp/\libhal_bsp.a(alt_open.o)
 .debug_line    0x00002fe2       0xed ../isr_demo_final_bsp/\libhal_bsp.a(alt_release_fd.o)
 .debug_line    0x000030cf      0x2d6 ../isr_demo_final_bsp/\libhal_bsp.a(alt_tick.o)
 .debug_line    0x000033a5      0x1c8 ../isr_demo_final_bsp/\libhal_bsp.a(altera_nios2_qsys_irq.o)
 .debug_line    0x0000356d       0xab ../isr_demo_final_bsp/\libhal_bsp.a(alt_exception_entry.o)
 .debug_line    0x00003618      0x265 ../isr_demo_final_bsp/\libhal_bsp.a(alt_find_dev.o)
 .debug_line    0x0000387d      0x276 ../isr_demo_final_bsp/\libhal_bsp.a(alt_find_file.o)
 .debug_line    0x00003af3      0x291 ../isr_demo_final_bsp/\libhal_bsp.a(alt_get_fd.o)
 .debug_line    0x00003d84      0x1f3 ../isr_demo_final_bsp/\libhal_bsp.a(alt_icache_flush.o)
 .debug_line    0x00003f77      0x21a c:/altera/13.0/nios2eds/bin/gnu/h-i686-mingw32/bin/../lib/gcc/nios2-elf/4.1.2/../../../../nios2-elf/lib\libsmallc.a(lib_a-exit.o)
 .debug_line    0x00004191      0x1d9 c:/altera/13.0/nios2eds/bin/gnu/h-i686-mingw32/bin/../lib/gcc/nios2-elf/4.1.2/../../../../nios2-elf/lib\libsmallc.a(lib_a-int_errno.o)
 .debug_line    0x0000436a      0x264 c:/altera/13.0/nios2eds/bin/gnu/h-i686-mingw32/bin/../lib/gcc/nios2-elf/4.1.2/../../../../nios2-elf/lib\libsmallc.a(lib_a-memcmp.o)
 .debug_line    0x000045ce      0x244 c:/altera/13.0/nios2eds/bin/gnu/h-i686-mingw32/bin/../lib/gcc/nios2-elf/4.1.2/../../../../nios2-elf/lib\libsmallc.a(lib_a-strlen.o)
 .debug_line    0x00004812      0x357 c:/altera/13.0/nios2eds/bin/gnu/h-i686-mingw32/bin/../lib/gcc/nios2-elf/4.1.2/../../../../nios2-elf/lib\libsmallc.a(lib_a-__call_atexit.o)
 .debug_line    0x00004b69      0x224 c:/altera/13.0/nios2eds/bin/gnu/h-i686-mingw32/bin/../lib/gcc/nios2-elf/4.1.2/../../../../nios2-elf/lib\libsmallc.a(lib_a-impure.o)
 .debug_line    0x00004d8d      0x200 ../isr_demo_final_bsp/\libhal_bsp.a(alt_exit.o)

.debug_frame    0x00000000      0x744
 *(.debug_frame)
 .debug_frame   0x00000000       0x9c obj/default/hello_world.o
 .debug_frame   0x0000009c       0x48 ../isr_demo_final_bsp/\libhal_bsp.a(alt_load.o)
 .debug_frame   0x000000e4       0x2c ../isr_demo_final_bsp/\libhal_bsp.a(alt_main.o)
 .debug_frame   0x00000110       0x64 ../isr_demo_final_bsp/\libhal_bsp.a(alt_sys_init.o)
 .debug_frame   0x00000174       0x48 ../isr_demo_final_bsp/\libhal_bsp.a(altera_avalon_jtag_uart_fd.o)
 .debug_frame   0x000001bc       0x2c ../isr_demo_final_bsp/\libhal_bsp.a(altera_avalon_jtag_uart_read.o)
 .debug_frame   0x000001e8       0x2c ../isr_demo_final_bsp/\libhal_bsp.a(altera_avalon_jtag_uart_write.o)
 .debug_frame   0x00000214       0x48 ../isr_demo_final_bsp/\libhal_bsp.a(altera_avalon_timer_sc.o)
 .debug_frame   0x0000025c       0x48 ../isr_demo_final_bsp/\libhal_bsp.a(alt_close.o)
 .debug_frame   0x000002a4       0x2c ../isr_demo_final_bsp/\libhal_bsp.a(alt_dcache_flush_all.o)
 .debug_frame   0x000002d0       0x2c ../isr_demo_final_bsp/\libhal_bsp.a(alt_dev.o)
 .debug_frame   0x000002fc       0x48 ../isr_demo_final_bsp/\libhal_bsp.a(alt_dev_llist_insert.o)
 .debug_frame   0x00000344       0x2c ../isr_demo_final_bsp/\libhal_bsp.a(alt_icache_flush_all.o)
 .debug_frame   0x00000370       0x80 ../isr_demo_final_bsp/\libhal_bsp.a(alt_iic.o)
 .debug_frame   0x000003f0       0x2c ../isr_demo_final_bsp/\libhal_bsp.a(alt_iic_isr_register.o)
 .debug_frame   0x0000041c       0x48 ../isr_demo_final_bsp/\libhal_bsp.a(alt_io_redirect.o)
 .debug_frame   0x00000464       0x2c ../isr_demo_final_bsp/\libhal_bsp.a(alt_irq_handler.o)
 .debug_frame   0x00000490       0x64 ../isr_demo_final_bsp/\libhal_bsp.a(alt_open.o)
 .debug_frame   0x000004f4       0x2c ../isr_demo_final_bsp/\libhal_bsp.a(alt_release_fd.o)
 .debug_frame   0x00000520       0x48 ../isr_demo_final_bsp/\libhal_bsp.a(alt_tick.o)
 .debug_frame   0x00000568       0x2c ../isr_demo_final_bsp/\libhal_bsp.a(altera_nios2_qsys_irq.o)
 .debug_frame   0x00000594       0x2c ../isr_demo_final_bsp/\libhal_bsp.a(alt_find_dev.o)
 .debug_frame   0x000005c0       0x2c ../isr_demo_final_bsp/\libhal_bsp.a(alt_find_file.o)
 .debug_frame   0x000005ec       0x2c ../isr_demo_final_bsp/\libhal_bsp.a(alt_get_fd.o)
 .debug_frame   0x00000618       0x2c ../isr_demo_final_bsp/\libhal_bsp.a(alt_icache_flush.o)
 .debug_frame   0x00000644       0x2c c:/altera/13.0/nios2eds/bin/gnu/h-i686-mingw32/bin/../lib/gcc/nios2-elf/4.1.2/../../../../nios2-elf/lib\libsmallc.a(lib_a-exit.o)
 .debug_frame   0x00000670       0x20 c:/altera/13.0/nios2eds/bin/gnu/h-i686-mingw32/bin/../lib/gcc/nios2-elf/4.1.2/../../../../nios2-elf/lib\libsmallc.a(lib_a-memcmp.o)
 .debug_frame   0x00000690       0x20 c:/altera/13.0/nios2eds/bin/gnu/h-i686-mingw32/bin/../lib/gcc/nios2-elf/4.1.2/../../../../nios2-elf/lib\libsmallc.a(lib_a-strlen.o)
 .debug_frame   0x000006b0       0x4c c:/altera/13.0/nios2eds/bin/gnu/h-i686-mingw32/bin/../lib/gcc/nios2-elf/4.1.2/../../../../nios2-elf/lib\libsmallc.a(lib_a-__call_atexit.o)
 .debug_frame   0x000006fc       0x48 ../isr_demo_final_bsp/\libhal_bsp.a(alt_exit.o)

.debug_str      0x00000000      0x87e
 *(.debug_str)
 .debug_str     0x00000000       0x1b obj/default/hello_world.o
 .debug_str     0x0000001b       0x12 ../isr_demo_final_bsp/\libhal_bsp.a(alt_load.o)
 .debug_str     0x0000002d       0x12 ../isr_demo_final_bsp/\libhal_bsp.a(alt_main.o)
 .debug_str     0x0000003f       0x12 ../isr_demo_final_bsp/\libhal_bsp.a(alt_sys_init.o)
 .debug_str     0x00000051       0x12 ../isr_demo_final_bsp/\libhal_bsp.a(altera_avalon_jtag_uart_read.o)
 .debug_str     0x00000063       0x12 ../isr_demo_final_bsp/\libhal_bsp.a(altera_avalon_jtag_uart_write.o)
 .debug_str     0x00000075       0x12 ../isr_demo_final_bsp/\libhal_bsp.a(altera_avalon_timer_sc.o)
 .debug_str     0x00000087       0x12 ../isr_demo_final_bsp/\libhal_bsp.a(alt_close.o)
 .debug_str     0x00000099       0x12 ../isr_demo_final_bsp/\libhal_bsp.a(alt_dcache_flush_all.o)
 .debug_str     0x000000ab       0x12 ../isr_demo_final_bsp/\libhal_bsp.a(alt_dev.o)
 .debug_str     0x000000bd       0x12 ../isr_demo_final_bsp/\libhal_bsp.a(alt_dev_llist_insert.o)
 .debug_str     0x000000cf       0x12 ../isr_demo_final_bsp/\libhal_bsp.a(alt_errno.o)
 .debug_str     0x000000e1       0x12 ../isr_demo_final_bsp/\libhal_bsp.a(alt_icache_flush_all.o)
 .debug_str     0x000000f3       0x18 ../isr_demo_final_bsp/\libhal_bsp.a(alt_iic.o)
 .debug_str     0x0000010b       0x1a ../isr_demo_final_bsp/\libhal_bsp.a(alt_iic_isr_register.o)
 .debug_str     0x00000125       0x12 ../isr_demo_final_bsp/\libhal_bsp.a(alt_io_redirect.o)
 .debug_str     0x00000137       0x12 ../isr_demo_final_bsp/\libhal_bsp.a(alt_irq_handler.o)
 .debug_str     0x00000149       0x12 ../isr_demo_final_bsp/\libhal_bsp.a(alt_open.o)
 .debug_str     0x0000015b       0x1a ../isr_demo_final_bsp/\libhal_bsp.a(alt_tick.o)
 .debug_str     0x00000175       0x12 ../isr_demo_final_bsp/\libhal_bsp.a(altera_nios2_qsys_irq.o)
 .debug_str     0x00000187       0x12 ../isr_demo_final_bsp/\libhal_bsp.a(alt_find_dev.o)
 .debug_str     0x00000199       0x12 ../isr_demo_final_bsp/\libhal_bsp.a(alt_find_file.o)
 .debug_str     0x000001ab       0x12 ../isr_demo_final_bsp/\libhal_bsp.a(alt_get_fd.o)
 .debug_str     0x000001bd       0x12 ../isr_demo_final_bsp/\libhal_bsp.a(alt_icache_flush.o)
 .debug_str     0x000001cf      0x129 c:/altera/13.0/nios2eds/bin/gnu/h-i686-mingw32/bin/../lib/gcc/nios2-elf/4.1.2/../../../../nios2-elf/lib\libsmallc.a(lib_a-exit.o)
                                0x167 (size before relaxing)
 .debug_str     0x000002f8       0xcb c:/altera/13.0/nios2eds/bin/gnu/h-i686-mingw32/bin/../lib/gcc/nios2-elf/4.1.2/../../../../nios2-elf/lib\libsmallc.a(lib_a-int_errno.o)
                                0x166 (size before relaxing)
 .debug_str     0x000003c3       0xd8 c:/altera/13.0/nios2eds/bin/gnu/h-i686-mingw32/bin/../lib/gcc/nios2-elf/4.1.2/../../../../nios2-elf/lib\libsmallc.a(lib_a-memcmp.o)
                                0x16d (size before relaxing)
 .debug_str     0x0000049b       0x42 c:/altera/13.0/nios2eds/bin/gnu/h-i686-mingw32/bin/../lib/gcc/nios2-elf/4.1.2/../../../../nios2-elf/lib\libsmallc.a(lib_a-strlen.o)
                                0x173 (size before relaxing)
 .debug_str     0x000004dd      0x33f c:/altera/13.0/nios2eds/bin/gnu/h-i686-mingw32/bin/../lib/gcc/nios2-elf/4.1.2/../../../../nios2-elf/lib\libsmallc.a(lib_a-__call_atexit.o)
                                0x480 (size before relaxing)
 .debug_str     0x0000081c       0x46 c:/altera/13.0/nios2eds/bin/gnu/h-i686-mingw32/bin/../lib/gcc/nios2-elf/4.1.2/../../../../nios2-elf/lib\libsmallc.a(lib_a-impure.o)
                                0x44c (size before relaxing)
 .debug_str     0x00000862       0x1c ../isr_demo_final_bsp/\libhal_bsp.a(alt_exit.o)

.debug_loc      0x00000000      0xa1b
 *(.debug_loc)
 .debug_loc     0x00000000       0xd7 obj/default/hello_world.o
 .debug_loc     0x000000d7       0x56 ../isr_demo_final_bsp/\libhal_bsp.a(alt_load.o)
 .debug_loc     0x0000012d       0x2b ../isr_demo_final_bsp/\libhal_bsp.a(alt_main.o)
 .debug_loc     0x00000158       0x81 ../isr_demo_final_bsp/\libhal_bsp.a(alt_sys_init.o)
 .debug_loc     0x000001d9       0x56 ../isr_demo_final_bsp/\libhal_bsp.a(altera_avalon_jtag_uart_fd.o)
 .debug_loc     0x0000022f       0x2b ../isr_demo_final_bsp/\libhal_bsp.a(altera_avalon_jtag_uart_read.o)
 .debug_loc     0x0000025a       0x2b ../isr_demo_final_bsp/\libhal_bsp.a(altera_avalon_jtag_uart_write.o)
 .debug_loc     0x00000285       0x56 ../isr_demo_final_bsp/\libhal_bsp.a(altera_avalon_timer_sc.o)
 .debug_loc     0x000002db       0x56 ../isr_demo_final_bsp/\libhal_bsp.a(alt_close.o)
 .debug_loc     0x00000331       0x2b ../isr_demo_final_bsp/\libhal_bsp.a(alt_dcache_flush_all.o)
 .debug_loc     0x0000035c       0x2b ../isr_demo_final_bsp/\libhal_bsp.a(alt_dev.o)
 .debug_loc     0x00000387       0x56 ../isr_demo_final_bsp/\libhal_bsp.a(alt_dev_llist_insert.o)
 .debug_loc     0x000003dd       0x2b ../isr_demo_final_bsp/\libhal_bsp.a(alt_icache_flush_all.o)
 .debug_loc     0x00000408       0xac ../isr_demo_final_bsp/\libhal_bsp.a(alt_iic.o)
 .debug_loc     0x000004b4       0x2b ../isr_demo_final_bsp/\libhal_bsp.a(alt_iic_isr_register.o)
 .debug_loc     0x000004df       0x56 ../isr_demo_final_bsp/\libhal_bsp.a(alt_io_redirect.o)
 .debug_loc     0x00000535       0x2b ../isr_demo_final_bsp/\libhal_bsp.a(alt_irq_handler.o)
 .debug_loc     0x00000560       0x81 ../isr_demo_final_bsp/\libhal_bsp.a(alt_open.o)
 .debug_loc     0x000005e1       0x2b ../isr_demo_final_bsp/\libhal_bsp.a(alt_release_fd.o)
 .debug_loc     0x0000060c       0x56 ../isr_demo_final_bsp/\libhal_bsp.a(alt_tick.o)
 .debug_loc     0x00000662       0x2b ../isr_demo_final_bsp/\libhal_bsp.a(altera_nios2_qsys_irq.o)
 .debug_loc     0x0000068d       0x2b ../isr_demo_final_bsp/\libhal_bsp.a(alt_find_dev.o)
 .debug_loc     0x000006b8       0x2b ../isr_demo_final_bsp/\libhal_bsp.a(alt_find_file.o)
 .debug_loc     0x000006e3       0x2b ../isr_demo_final_bsp/\libhal_bsp.a(alt_get_fd.o)
 .debug_loc     0x0000070e       0x2b ../isr_demo_final_bsp/\libhal_bsp.a(alt_icache_flush.o)
 .debug_loc     0x00000739       0x3d c:/altera/13.0/nios2eds/bin/gnu/h-i686-mingw32/bin/../lib/gcc/nios2-elf/4.1.2/../../../../nios2-elf/lib\libsmallc.a(lib_a-exit.o)
 .debug_loc     0x00000776       0x70 c:/altera/13.0/nios2eds/bin/gnu/h-i686-mingw32/bin/../lib/gcc/nios2-elf/4.1.2/../../../../nios2-elf/lib\libsmallc.a(lib_a-memcmp.o)
 .debug_loc     0x000007e6       0x1e c:/altera/13.0/nios2eds/bin/gnu/h-i686-mingw32/bin/../lib/gcc/nios2-elf/4.1.2/../../../../nios2-elf/lib\libsmallc.a(lib_a-strlen.o)
 .debug_loc     0x00000804      0x1c1 c:/altera/13.0/nios2eds/bin/gnu/h-i686-mingw32/bin/../lib/gcc/nios2-elf/4.1.2/../../../../nios2-elf/lib\libsmallc.a(lib_a-__call_atexit.o)
 .debug_loc     0x000009c5       0x56 ../isr_demo_final_bsp/\libhal_bsp.a(alt_exit.o)

.debug_macinfo
 *(.debug_macinfo)

.debug_weaknames
 *(.debug_weaknames)

.debug_funcnames
 *(.debug_funcnames)

.debug_typenames
 *(.debug_typenames)

.debug_varnames
 *(.debug_varnames)

.debug_alt_sim_info
                0x00000000       0x20
 *(.debug_alt_sim_info)
 .debug_alt_sim_info
                0x00000000       0x20 ../isr_demo_final_bsp//obj/HAL/src/crt0.o
                0x00085000                __alt_data_end = 0x85000
                0x00085000                PROVIDE (__alt_stack_pointer, __alt_data_end)
                0x000821c8                PROVIDE (__alt_stack_limit, __alt_stack_base)
                0x000821c8                PROVIDE (__alt_heap_start, end)
                0x00085000                PROVIDE (__alt_heap_limit, 0x85000)
OUTPUT(isr_demo_final.elf elf32-littlenios2)

.debug_ranges   0x00000000       0x90
 .debug_ranges  0x00000000       0x20 ../isr_demo_final_bsp//obj/HAL/src/crt0.o
 .debug_ranges  0x00000020       0x28 ../isr_demo_final_bsp/\libhal_bsp.a(alt_irq_entry.o)
 .debug_ranges  0x00000048       0x30 ../isr_demo_final_bsp/\libhal_bsp.a(alt_exception_entry.o)
 .debug_ranges  0x00000078       0x18 c:/altera/13.0/nios2eds/bin/gnu/h-i686-mingw32/bin/../lib/gcc/nios2-elf/4.1.2/../../../../nios2-elf/lib\libsmallc.a(lib_a-__call_atexit.o)
